Component: ARM Compiler 5.06 update 6 (build 750) Tool: armlink [4d35ed]

==============================================================================

Section Cross References

    startup_stm32f103xb.o(RESET) refers to startup_stm32f103xb.o(STACK) for __initial_sp
    startup_stm32f103xb.o(RESET) refers to startup_stm32f103xb.o(.text) for Reset_Handler
    startup_stm32f103xb.o(RESET) refers to stm32f1xx_it.o(i.NMI_Handler) for NMI_Handler
    startup_stm32f103xb.o(RESET) refers to context_rvds.o(.text) for HardFault_Handler
    startup_stm32f103xb.o(RESET) refers to stm32f1xx_it.o(i.MemManage_Handler) for MemManage_Handler
    startup_stm32f103xb.o(RESET) refers to stm32f1xx_it.o(i.BusFault_Handler) for BusFault_Handler
    startup_stm32f103xb.o(RESET) refers to stm32f1xx_it.o(i.UsageFault_Handler) for UsageFault_Handler
    startup_stm32f103xb.o(RESET) refers to stm32f1xx_it.o(i.DebugMon_Handler) for DebugMon_Handler
    startup_stm32f103xb.o(RESET) refers to board.o(i.SysTick_Handler) for SysTick_Handler
    startup_stm32f103xb.o(RESET) refers to stm32f1xx_it.o(i.DMA1_Channel6_IRQHandler) for DMA1_Channel6_IRQHandler
    startup_stm32f103xb.o(RESET) refers to stm32f1xx_it.o(i.DMA1_Channel7_IRQHandler) for DMA1_Channel7_IRQHandler
    startup_stm32f103xb.o(RESET) refers to stm32f1xx_it.o(i.TIM3_IRQHandler) for TIM3_IRQHandler
    startup_stm32f103xb.o(RESET) refers to stm32f1xx_it.o(i.I2C1_EV_IRQHandler) for I2C1_EV_IRQHandler
    startup_stm32f103xb.o(RESET) refers to stm32f1xx_it.o(i.USART1_IRQHandler) for USART1_IRQHandler
    startup_stm32f103xb.o(.text) refers to system_stm32f1xx.o(i.SystemInit) for SystemInit
    startup_stm32f103xb.o(.text) refers to entry.o(.ARM.Collect$$$$00000000) for __main
    main.o(i.SystemClock_Config) refers to memseta.o(.text) for __aeabi_memclr4
    main.o(i.SystemClock_Config) refers to stm32f1xx_hal_rcc.o(i.HAL_RCC_OscConfig) for HAL_RCC_OscConfig
    main.o(i.SystemClock_Config) refers to stm32f1xx_hal_rcc.o(i.HAL_RCC_ClockConfig) for HAL_RCC_ClockConfig
    main.o(i.main) refers to stm32f1xx_hal.o(i.HAL_Init) for HAL_Init
    main.o(i.main) refers to main.o(i.SystemClock_Config) for SystemClock_Config
    main.o(i.main) refers to gpio.o(i.MX_GPIO_Init) for MX_GPIO_Init
    main.o(i.main) refers to dma.o(i.MX_DMA_Init) for MX_DMA_Init
    main.o(i.main) refers to i2c.o(i.MX_I2C1_Init) for MX_I2C1_Init
    main.o(i.main) refers to tim.o(i.MX_TIM3_Init) for MX_TIM3_Init
    main.o(i.main) refers to usart.o(i.MX_USART1_UART_Init) for MX_USART1_UART_Init
    main.o(i.main) refers to aht.o(i.AHT20_Init) for AHT20_Init
    main.o(i.main) refers to mb.o(i.eMBInit) for eMBInit
    main.o(i.main) refers to mb.o(i.eMBEnable) for eMBEnable
    main.o(i.main) refers to app_rt_thread.o(i.MX_RT_Thread_Init) for MX_RT_Thread_Init
    main.o(i.main) refers to app_rt_thread.o(i.MX_RT_Thread_Process) for MX_RT_Thread_Process
    gpio.o(i.MX_GPIO_Init) refers to stm32f1xx_hal_gpio.o(i.HAL_GPIO_WritePin) for HAL_GPIO_WritePin
    gpio.o(i.MX_GPIO_Init) refers to stm32f1xx_hal_gpio.o(i.HAL_GPIO_Init) for HAL_GPIO_Init
    dma.o(i.MX_DMA_Init) refers to stm32f1xx_hal_cortex.o(i.HAL_NVIC_SetPriority) for HAL_NVIC_SetPriority
    dma.o(i.MX_DMA_Init) refers to stm32f1xx_hal_cortex.o(i.HAL_NVIC_EnableIRQ) for HAL_NVIC_EnableIRQ
    i2c.o(i.HAL_I2C_MspDeInit) refers to stm32f1xx_hal_gpio.o(i.HAL_GPIO_DeInit) for HAL_GPIO_DeInit
    i2c.o(i.HAL_I2C_MspDeInit) refers to stm32f1xx_hal_dma.o(i.HAL_DMA_DeInit) for HAL_DMA_DeInit
    i2c.o(i.HAL_I2C_MspInit) refers to stm32f1xx_hal_gpio.o(i.HAL_GPIO_Init) for HAL_GPIO_Init
    i2c.o(i.HAL_I2C_MspInit) refers to stm32f1xx_hal_dma.o(i.HAL_DMA_Init) for HAL_DMA_Init
    i2c.o(i.HAL_I2C_MspInit) refers to main.o(i.Error_Handler) for Error_Handler
    i2c.o(i.HAL_I2C_MspInit) refers to i2c.o(.bss) for .bss
    i2c.o(i.MX_I2C1_Init) refers to stm32f1xx_hal_i2c.o(i.HAL_I2C_Init) for HAL_I2C_Init
    i2c.o(i.MX_I2C1_Init) refers to main.o(i.Error_Handler) for Error_Handler
    i2c.o(i.MX_I2C1_Init) refers to i2c.o(.bss) for .bss
    tim.o(i.HAL_TIM_Base_MspDeInit) refers to stm32f1xx_hal_cortex.o(i.HAL_NVIC_DisableIRQ) for HAL_NVIC_DisableIRQ
    tim.o(i.HAL_TIM_Base_MspInit) refers to stm32f1xx_hal_cortex.o(i.HAL_NVIC_SetPriority) for HAL_NVIC_SetPriority
    tim.o(i.HAL_TIM_Base_MspInit) refers to stm32f1xx_hal_cortex.o(i.HAL_NVIC_EnableIRQ) for HAL_NVIC_EnableIRQ
    tim.o(i.MX_TIM3_Init) refers to stm32f1xx_hal_tim.o(i.HAL_TIM_Base_Init) for HAL_TIM_Base_Init
    tim.o(i.MX_TIM3_Init) refers to main.o(i.Error_Handler) for Error_Handler
    tim.o(i.MX_TIM3_Init) refers to stm32f1xx_hal_tim.o(i.HAL_TIM_ConfigClockSource) for HAL_TIM_ConfigClockSource
    tim.o(i.MX_TIM3_Init) refers to stm32f1xx_hal_tim_ex.o(i.HAL_TIMEx_MasterConfigSynchronization) for HAL_TIMEx_MasterConfigSynchronization
    tim.o(i.MX_TIM3_Init) refers to tim.o(.bss) for .bss
    usart.o(i.HAL_UART_MspDeInit) refers to stm32f1xx_hal_gpio.o(i.HAL_GPIO_DeInit) for HAL_GPIO_DeInit
[...]
    peMBFrameSendCur                         0x2000009c   Data           4  mb.o(.data)
    pvMBFrameStartCur                        0x200000a0   Data           4  mb.o(.data)
    pvMBFrameStopCur                         0x200000a4   Data           4  mb.o(.data)
    peMBFrameReceiveCur                      0x200000a8   Data           4  mb.o(.data)
    pvMBFrameCloseCur                        0x200000ac   Data           4  mb.o(.data)
    xFuncHandlers                            0x200000bc   Data         128  mb.o(.data)
    .data                                    0x2000013c   Section       12  mbrtu.o(.data)
    eSndState                                0x2000013c   Data           1  mbrtu.o(.data)
    eRcvState                                0x2000013d   Data           1  mbrtu.o(.data)
    usSndBufferCount                         0x2000013e   Data           2  mbrtu.o(.data)
    usRcvBufferPos                           0x20000140   Data           2  mbrtu.o(.data)
    pucSndBufferCur                          0x20000144   Data           4  mbrtu.o(.data)
    .data                                    0x20000148   Section        2  mbfuncother.o(.data)
    usMBSlaveIDLen                           0x20000148   Data           2  mbfuncother.o(.data)
    .data                                    0x2000014c   Section       16  mbascii.o(.data)
    eSndState                                0x2000014c   Data           1  mbascii.o(.data)
    eRcvState                                0x2000014d   Data           1  mbascii.o(.data)
    eBytePos                                 0x2000014e   Data           1  mbascii.o(.data)
    ucMBLFCharacter                          0x2000014f   Data           1  mbascii.o(.data)
    usRcvBufferPos                           0x20000150   Data           2  mbascii.o(.data)
    usSndBufferCount                         0x20000152   Data           2  mbascii.o(.data)
    ucASCIIBuf                               0x20000154   Data           4  mbascii.o(.data)
    pucSndBufferCur                          0x20000158   Data           4  mbascii.o(.data)
    .data                                    0x2000015c   Section       28  demo.o(.data)
    usRegInputStart                          0x2000015c   Data           2  demo.o(.data)
    .data                                    0x20000178   Section        2  portevent.o(.data)
    eQueuedEvent                             0x20000178   Data           1  portevent.o(.data)
    xEventInQueue                            0x20000179   Data           1  portevent.o(.data)
    .bss                                     0x2000017c   Section      220  i2c.o(.bss)
    .bss                                     0x20000258   Section       72  tim.o(.bss)
    .bss                                     0x200002a0   Section       68  usart.o(.bss)
    .bss                                     0x200002e4   Section      248  app_rt_thread.o(.bss)
    .bss                                     0x200003e0   Section     1144  components.o(.bss)
    main_stack                               0x200003e0   Data        1024  components.o(.bss)
    .bss                                     0x20000858   Section      248  idle.o(.bss)
    idle                                     0x20000858   Data         120  idle.o(.bss)
    rt_thread_stack                          0x200008d0   Data         128  idle.o(.bss)
    .bss                                     0x20000950   Section      128  kservice.o(.bss)
    rt_log_buf                               0x20000950   Data         128  kservice.o(.bss)
    .bss                                     0x200009d0   Section      256  scheduler.o(.bss)
    .bss                                     0x20000ad0   Section       68  board.o(.bss)
    UartHandle                               0x20000ad0   Data          68  board.o(.bss)
    .bss                                     0x20000b14   Section     1396  shell.o(.bss)
    finsh_prompt                             0x20000b14   Data         129  shell.o(.bss)
    finsh_thread                             0x20000b98   Data         120  shell.o(.bss)
    finsh_thread_stack                       0x20000c10   Data        1024  shell.o(.bss)
    .bss                                     0x20001088   Section      256  mbrtu.o(.bss)
    .bss                                     0x20001188   Section       32  mbfuncother.o(.bss)
    ucMBSlaveID                              0x20001188   Data          32  mbfuncother.o(.bss)
    .bss                                     0x200011a8   Section       10  demo.o(.bss)
    STACK                                    0x200011b8   Section     1024  startup_stm32f103xb.o(STACK)

    Global Symbols

    Symbol Name                              Value     Ov Type        Size  Object(Section)

    BuildAttributes$$THM_ISAv4$P$D$K$B$S$PE$A:L22UL41UL21$X:L11$S22US41US21$IEEE1$IW$USESV6$~STKCKD$USESV7$~SHL$OSPACE$EBA8$MICROLIB$REQ8$PRES8$EABIv2 0x00000000   Number         0  anon$$obj.o ABSOLUTE
    __ARM_use_no_argv                        0x00000000   Number         0  main.o ABSOLUTE
    __cpp_initialize__aeabi_                  - Undefined Weak Reference
    __cxa_finalize                            - Undefined Weak Reference
    _clock_init                               - Undefined Weak Reference
    _microlib_exit                            - Undefined Weak Reference
    __Vectors_Size                           0x000000ec   Number         0  startup_stm32f103xb.o ABSOLUTE
    __Vectors                                0x08000000   Data           4  startup_stm32f103xb.o(RESET)
    __Vectors_End                            0x080000ec   Data           0  startup_stm32f103xb.o(RESET)
    __main                                   0x080000ed   Thumb Code     0  entry.o(.ARM.Collect$$$$00000000)
    _main_stk                                0x080000ed   Thumb Code     0  entry2.o(.ARM.Collect$$$$00000001)
    _main_scatterload                        0x080000f1   Thumb Code     0  entry5.o(.ARM.Collect$$$$00000004)
    __main_after_scatterload                 0x080000f5   Thumb Code     0  entry5.o(.ARM.Collect$$$$00000004)
    _main_clock                              0x080000f5   Thumb Code     0  entry7b.o(.ARM.Collect$$$$00000008)
    _main_cpp_init                           0x080000f5   Thumb Code     0  entry8b.o(.ARM.Collect$$$$0000000A)
    _main_init                               0x080000f5   Thumb Code     0  entry9a.o(.ARM.Collect$$$$0000000B)
    __rt_final_cpp                           0x080000fd   Thumb Code     0  entry10a.o(.ARM.Collect$$$$0000000D)
    __rt_final_exit                          0x080000fd   Thumb Code     0  entry11a.o(.ARM.Collect$$$$0000000F)
    Reset_Handler                            0x08000101   Thumb Code     8  startup_stm32f103xb.o(.text)
    SVC_Handler                              0x08000113   Thumb Code     2  startup_stm32f103xb.o(.text)
    ADC1_2_IRQHandler                        0x0800011b   Thumb Code     0  startup_stm32f103xb.o(.text)
    CAN1_RX1_IRQHandler                      0x0800011b   Thumb Code     0  startup_stm32f103xb.o(.text)
    CAN1_SCE_IRQHandler                      0x0800011b   Thumb Code     0  startup_stm32f103xb.o(.text)
    DMA1_Channel1_IRQHandler                 0x0800011b   Thumb Code     0  startup_stm32f103xb.o(.text)
    DMA1_Channel2_IRQHandler                 0x0800011b   Thumb Code     0  startup_stm32f103xb.o(.text)
    DMA1_Channel3_IRQHandler                 0x0800011b   Thumb Code     0  startup_stm32f103xb.o(.text)
    DMA1_Channel4_IRQHandler                 0x0800011b   Thumb Code     0  startup_stm32f103xb.o(.text)
    DMA1_Channel5_IRQHandler                 0x0800011b   Thumb Code     0  startup_stm32f103xb.o(.text)
    EXTI0_IRQHandler                         0x0800011b   Thumb Code     0  startup_stm32f103xb.o(.text)
    EXTI15_10_IRQHandler                     0x0800011b   Thumb Code     0  startup_stm32f103xb.o(.text)
    EXTI1_IRQHandler                         0x0800011b   Thumb Code     0  startup_stm32f103xb.o(.text)
    EXTI2_IRQHandler                         0x0800011b   Thumb Code     0  startup_stm32f103xb.o(.text)
    EXTI3_IRQHandler                         0x0800011b   Thumb Code     0  startup_stm32f103xb.o(.text)
    EXTI4_IRQHandler                         0x0800011b   Thumb Code     0  startup_stm32f103xb.o(.text)
    EXTI9_5_IRQHandler                       0x0800011b   Thumb Code     0  startup_stm32f103xb.o(.text)
    FLASH_IRQHandler                         0x0800011b   Thumb Code     0  startup_stm32f103xb.o(.text)
    I2C1_ER_IRQHandler                       0x0800011b   Thumb Code     0  startup_stm32f103xb.o(.text)
    I2C2_ER_IRQHandler                       0x0800011b   Thumb Code     0  startup_stm32f103xb.o(.text)
    I2C2_EV_IRQHandler                       0x0800011b   Thumb Code     0  startup_stm32f103xb.o(.text)
    PVD_IRQHandler                           0x0800011b   Thumb Code     0  startup_stm32f103xb.o(.text)
    RCC_IRQHandler                           0x0800011b   Thumb Code     0  startup_stm32f103xb.o(.text)
    RTC_Alarm_IRQHandler                     0x0800011b   Thumb Code     0  startup_stm32f103xb.o(.text)
    RTC_IRQHandler                           0x0800011b   Thumb Code     0  startup_stm32f103xb.o(.text)
    SPI1_IRQHandler                          0x0800011b   Thumb Code     0  startup_stm32f103xb.o(.text)
    SPI2_IRQHandler                          0x0800011b   Thumb Code     0  startup_stm32f103xb.o(.text)
    TAMPER_IRQHandler                        0x0800011b   Thumb Code     0  startup_stm32f103xb.o(.text)
    TIM1_BRK_IRQHandler                      0x0800011b   Thumb Code     0  startup_stm32f103xb.o(.text)
    TIM1_CC_IRQHandler                       0x0800011b   Thumb Code     0  startup_stm32f103xb.o(.text)
    TIM1_TRG_COM_IRQHandler                  0x0800011b   Thumb Code     0  startup_stm32f103xb.o(.text)
    TIM1_UP_IRQHandler                       0x0800011b   Thumb Code     0  startup_stm32f103xb.o(.text)
    TIM2_IRQHandler                          0x0800011b   Thumb Code     0  startup_stm32f103xb.o(.text)
    TIM4_IRQHandler                          0x0800011b   Thumb Code     0  startup_stm32f103xb.o(.text)
    USART2_IRQHandler                        0x0800011b   Thumb Code     0  startup_stm32f103xb.o(.text)
    USART3_IRQHandler                        0x0800011b   Thumb Code     0  startup_stm32f103xb.o(.text)
    USBWakeUp_IRQHandler                     0x0800011b   Thumb Code     0  startup_stm32f103xb.o(.text)
    USB_HP_CAN1_TX_IRQHandler                0x0800011b   Thumb Code     0  startup_stm32f103xb.o(.text)
    USB_LP_CAN1_RX0_IRQHandler               0x0800011b   Thumb Code     0  startup_stm32f103xb.o(.text)
    WWDG_IRQHandler                          0x0800011b   Thumb Code     0  startup_stm32f103xb.o(.text)
    rt_hw_interrupt_disable                  0x08000125   Thumb Code     8  context_rvds.o(.text)
    rt_hw_interrupt_enable                   0x0800012d   Thumb Code     6  context_rvds.o(.text)
    rt_hw_context_switch                     0x08000133   Thumb Code    32  context_rvds.o(.text)
    rt_hw_context_switch_interrupt           0x08000133   Thumb Code     0  context_rvds.o(.text)
    PendSV_Handler                           0x08000153   Thumb Code    60  context_rvds.o(.text)
    rt_hw_context_switch_to                  0x0800018f   Thumb Code    56  context_rvds.o(.text)
    rt_hw_interrupt_thread_switch            0x080001c7   Thumb Code     2  context_rvds.o(.text)
    HardFault_Handler                        0x080001c9   Thumb Code    52  context_rvds.o(.text)
    __aeabi_memcpy                           0x08000219   Thumb Code    36  memcpya.o(.text)
    __aeabi_memcpy4                          0x08000219   Thumb Code     0  memcpya.o(.text)
    __aeabi_memcpy8                          0x08000219   Thumb Code     0  memcpya.o(.text)
    __aeabi_memset                           0x0800023d   Thumb Code    14  memseta.o(.text)
    __aeabi_memset4                          0x0800023d   Thumb Code     0  memseta.o(.text)
    __aeabi_memset8                          0x0800023d   Thumb Code     0  memseta.o(.text)
    __aeabi_memclr                           0x0800024b   Thumb Code     4  memseta.o(.text)
    __aeabi_memclr4                          0x0800024b   Thumb Code     0  memseta.o(.text)
    __aeabi_memclr8                          0x0800024b   Thumb Code     0  memseta.o(.text)
    _memset$wrapper                          0x0800024f   Thumb Code    18  memseta.o(.text)
    strcat                                   0x08000261   Thumb Code    24  strcat.o(.text)
    strncpy                                  0x08000279   Thumb Code    24  strncpy.o(.text)
    strlen                                   0x08000291   Thumb Code    14  strlen.o(.text)
    strcpy                                   0x0800029f   Thumb Code    18  strcpy.o(.text)
    strncmp                                  0x080002b1   Thumb Code    30  strncmp.o(.text)
    __scatterload                            0x080002d1   Thumb Code    28  init.o(.text)
    __scatterload_rt2                        0x080002d1   Thumb Code     0  init.o(.text)
    __decompress                             0x080002f5   Thumb Code     0  __dczerorl2.o(.text)
    __decompress1                            0x080002f5   Thumb Code    86  __dczerorl2.o(.text)
    main                                     0x0800034b   Thumb Code    10  components.o(i.$Sub$$main)
    AHT20_Init                               0x08000355   Thumb Code   118  aht.o(i.AHT20_Init)
    AHT20_RD_Byte                            0x080003cd   Thumb Code    90  aht.o(i.AHT20_RD_Byte)
    AHT20_Read_CTdata_crc                    0x0800042d   Thumb Code   292  aht.o(i.AHT20_Read_CTdata_crc)
    AHT20_Read_Status                        0x08000551   Thumb Code    34  aht.o(i.AHT20_Read_Status)
    AHT20_SendAC                             0x08000573   Thumb Code    54  aht.o(i.AHT20_SendAC)
    AHT20_WR_Byte                            0x080005a9   Thumb Code    74  aht.o(i.AHT20_WR_Byte)
    BusFault_Handler                         0x080005f3   Thumb Code     2  stm32f1xx_it.o(i.BusFault_Handler)
    Calc_CRC8                                0x080005f5   Thumb Code    50  aht.o(i.Calc_CRC8)
    DMA1_Channel6_IRQHandler                 0x08000629   Thumb Code     6  stm32f1xx_it.o(i.DMA1_Channel6_IRQHandler)
    DMA1_Channel7_IRQHandler                 0x08000635   Thumb Code     6  stm32f1xx_it.o(i.DMA1_Channel7_IRQHandler)
    DebugMon_Handler                         0x08000641   Thumb Code     2  stm32f1xx_it.o(i.DebugMon_Handler)
    Delay_1ms                                0x08000643   Thumb Code    22  aht.o(i.Delay_1ms)
    Delay_4us                                0x08000659   Thumb Code    30  aht.o(i.Delay_4us)
    Delay_5us                                0x08000677   Thumb Code    36  aht.o(i.Delay_5us)
    Delay_N10us                              0x0800069b   Thumb Code     6  aht.o(i.Delay_N10us)
    Error_Handler                            0x080006a1   Thumb Code     4  main.o(i.Error_Handler)
    HAL_DMA_Abort                            0x080006a5   Thumb Code    70  stm32f1xx_hal_dma.o(i.HAL_DMA_Abort)
    HAL_DMA_Abort_IT                         0x080006ed   Thumb Code   148  stm32f1xx_hal_dma.o(i.HAL_DMA_Abort_IT)
    HAL_DMA_GetState                         0x08000785   Thumb Code     6  stm32f1xx_hal_dma.o(i.HAL_DMA_GetState)
    HAL_DMA_IRQHandler                       0x0800078d   Thumb Code   316  stm32f1xx_hal_dma.o(i.HAL_DMA_IRQHandler)
    HAL_DMA_Init                             0x080008e1   Thumb Code    84  stm32f1xx_hal_dma.o(i.HAL_DMA_Init)
    HAL_GPIO_Init                            0x0800093d   Thumb Code   446  stm32f1xx_hal_gpio.o(i.HAL_GPIO_Init)
    HAL_GPIO_ReadPin                         0x08000b1d   Thumb Code    10  stm32f1xx_hal_gpio.o(i.HAL_GPIO_ReadPin)
    HAL_GPIO_WritePin                        0x08000b27   Thumb Code    10  stm32f1xx_hal_gpio.o(i.HAL_GPIO_WritePin)
    HAL_GetTick                              0x08000b31   Thumb Code     6  stm32f1xx_hal.o(i.HAL_GetTick)
    HAL_I2C_AbortCpltCallback                0x08000b3d   Thumb Code     2  stm32f1xx_hal_i2c.o(i.HAL_I2C_AbortCpltCallback)
    HAL_I2C_AddrCallback                     0x08000b3f   Thumb Code     2  stm32f1xx_hal_i2c.o(i.HAL_I2C_AddrCallback)
    HAL_I2C_EV_IRQHandler                    0x08000b41   Thumb Code   560  stm32f1xx_hal_i2c.o(i.HAL_I2C_EV_IRQHandler)
    HAL_I2C_ErrorCallback                    0x08000d71   Thumb Code     2  stm32f1xx_hal_i2c.o(i.HAL_I2C_ErrorCallback)
    HAL_I2C_Init                             0x08000d75   Thumb Code   376  stm32f1xx_hal_i2c.o(i.HAL_I2C_Init)
    HAL_I2C_ListenCpltCallback               0x08000efd   Thumb Code     2  stm32f1xx_hal_i2c.o(i.HAL_I2C_ListenCpltCallback)
    HAL_I2C_MasterRxCpltCallback             0x08000eff   Thumb Code     2  stm32f1xx_hal_i2c.o(i.HAL_I2C_MasterRxCpltCallback)
    HAL_I2C_MasterTxCpltCallback             0x08000f01   Thumb Code     2  stm32f1xx_hal_i2c.o(i.HAL_I2C_MasterTxCpltCallback)
    HAL_I2C_MemRxCpltCallback                0x08000f03   Thumb Code     2  stm32f1xx_hal_i2c.o(i.HAL_I2C_MemRxCpltCallback)
    HAL_I2C_MemTxCpltCallback                0x08000f05   Thumb Code     2  stm32f1xx_hal_i2c.o(i.HAL_I2C_MemTxCpltCallback)
    HAL_I2C_MspInit                          0x08000f09   Thumb Code   162  i2c.o(i.HAL_I2C_MspInit)
    HAL_I2C_SlaveRxCpltCallback              0x08000fc1   Thumb Code     2  stm32f1xx_hal_i2c.o(i.HAL_I2C_SlaveRxCpltCallback)
    HAL_I2C_SlaveTxCpltCallback              0x08000fc3   Thumb Code     2  stm32f1xx_hal_i2c.o(i.HAL_I2C_SlaveTxCpltCallback)
    HAL_Init                                 0x08000fc5   Thumb Code    32  stm32f1xx_hal.o(i.HAL_Init)
    HAL_InitTick                             0x08000fe9   Thumb Code    54  stm32f1xx_hal.o(i.HAL_InitTick)
    HAL_MspInit                              0x08001029   Thumb Code    52  stm32f1xx_hal_msp.o(i.HAL_MspInit)
    HAL_NVIC_ClearPendingIRQ                 0x08001065   Thumb Code    26  stm32f1xx_hal_cortex.o(i.HAL_NVIC_ClearPendingIRQ)
    HAL_NVIC_EnableIRQ                       0x0800107f   Thumb Code    26  stm32f1xx_hal_cortex.o(i.HAL_NVIC_EnableIRQ)
    HAL_NVIC_SetPriority                     0x08001099   Thumb Code    60  stm32f1xx_hal_cortex.o(i.HAL_NVIC_SetPriority)
    HAL_NVIC_SetPriorityGrouping             0x080010d9   Thumb Code    26  stm32f1xx_hal_cortex.o(i.HAL_NVIC_SetPriorityGrouping)
    HAL_RCC_ClockConfig                      0x080010fd   Thumb Code   280  stm32f1xx_hal_rcc.o(i.HAL_RCC_ClockConfig)
    HAL_RCC_GetHCLKFreq                      0x08001229   Thumb Code     6  stm32f1xx_hal_rcc.o(i.HAL_RCC_GetHCLKFreq)
    HAL_RCC_GetPCLK1Freq                     0x08001235   Thumb Code    20  stm32f1xx_hal_rcc.o(i.HAL_RCC_GetPCLK1Freq)
    HAL_RCC_GetPCLK2Freq                     0x08001255   Thumb Code    20  stm32f1xx_hal_rcc.o(i.HAL_RCC_GetPCLK2Freq)
    HAL_RCC_GetSysClockFreq                  0x08001275   Thumb Code    74  stm32f1xx_hal_rcc.o(i.HAL_RCC_GetSysClockFreq)
    HAL_RCC_OscConfig                        0x080012e1   Thumb Code   778  stm32f1xx_hal_rcc.o(i.HAL_RCC_OscConfig)
    HAL_SYSTICK_Config                       0x08001601   Thumb Code    40  stm32f1xx_hal_cortex.o(i.HAL_SYSTICK_Config)
    HAL_TIMEx_BreakCallback                  0x08001629   Thumb Code     2  stm32f1xx_hal_tim_ex.o(i.HAL_TIMEx_BreakCallback)
    HAL_TIMEx_CommutCallback                 0x0800162b   Thumb Code     2  stm32f1xx_hal_tim_ex.o(i.HAL_TIMEx_CommutCallback)
    HAL_TIMEx_MasterConfigSynchronization    0x0800162d   Thumb Code    92  stm32f1xx_hal_tim_ex.o(i.HAL_TIMEx_MasterConfigSynchronization)
    HAL_TIM_Base_Init                        0x08001695   Thumb Code    90  stm32f1xx_hal_tim.o(i.HAL_TIM_Base_Init)
    HAL_TIM_Base_MspInit                     0x080016f1   Thumb Code    50  tim.o(i.HAL_TIM_Base_MspInit)
    HAL_TIM_ConfigClockSource                0x0800172d   Thumb Code   214  stm32f1xx_hal_tim.o(i.HAL_TIM_ConfigClockSource)
    HAL_TIM_IC_CaptureCallback               0x08001803   Thumb Code     2  stm32f1xx_hal_tim.o(i.HAL_TIM_IC_CaptureCallback)
    HAL_TIM_IRQHandler                       0x08001805   Thumb Code   358  stm32f1xx_hal_tim.o(i.HAL_TIM_IRQHandler)
    HAL_TIM_OC_DelayElapsedCallback          0x0800196b   Thumb Code     2  stm32f1xx_hal_tim.o(i.HAL_TIM_OC_DelayElapsedCallback)
    HAL_TIM_PWM_PulseFinishedCallback        0x0800196d   Thumb Code     2  stm32f1xx_hal_tim.o(i.HAL_TIM_PWM_PulseFinishedCallback)
    HAL_TIM_PeriodElapsedCallback            0x0800196f   Thumb Code     4  stm32f1xx_it.o(i.HAL_TIM_PeriodElapsedCallback)
    HAL_TIM_TriggerCallback                  0x08001973   Thumb Code     2  stm32f1xx_hal_tim.o(i.HAL_TIM_TriggerCallback)
    HAL_UARTEx_RxEventCallback               0x08001975   Thumb Code     2  stm32f1xx_hal_uart.o(i.HAL_UARTEx_RxEventCallback)
    HAL_UART_ErrorCallback                   0x08001977   Thumb Code     2  stm32f1xx_hal_uart.o(i.HAL_UART_ErrorCallback)
    HAL_UART_IRQHandler                      0x08001979   Thumb Code   520  stm32f1xx_hal_uart.o(i.HAL_UART_IRQHandler)
    HAL_UART_Init                            0x08001b85   Thumb Code    98  stm32f1xx_hal_uart.o(i.HAL_UART_Init)
    HAL_UART_MspInit                         0x08001be9   Thumb Code   116  usart.o(i.HAL_UART_MspInit)
    HAL_UART_Receive                         0x08001c69   Thumb Code   192  stm32f1xx_hal_uart.o(i.HAL_UART_Receive)
    HAL_UART_RxCpltCallback                  0x08001d29   Thumb Code     2  stm32f1xx_hal_uart.o(i.HAL_UART_RxCpltCallback)
    HAL_UART_Transmit                        0x08001d2d   Thumb Code   178  stm32f1xx_hal_uart.o(i.HAL_UART_Transmit)
    HAL_UART_TxCpltCallback                  0x08001ddf   Thumb Code     2  stm32f1xx_hal_uart.o(i.HAL_UART_TxCpltCallback)
    I2C1_EV_IRQHandler                       0x08001de1   Thumb Code     6  stm32f1xx_it.o(i.I2C1_EV_IRQHandler)
    I2C_Start                                0x08002721   Thumb Code    46  aht.o(i.I2C_Start)
    Init_I2C_Sensor_Port                     0x08002751   Thumb Code    62  aht.o(i.Init_I2C_Sensor_Port)
    MX_DMA_Init                              0x08002795   Thumb Code    56  dma.o(i.MX_DMA_Init)
    MX_GPIO_Init                             0x080027d1   Thumb Code   120  gpio.o(i.MX_GPIO_Init)
    MX_I2C1_Init                             0x08002851   Thumb Code    50  i2c.o(i.MX_I2C1_Init)
    MX_RT_Thread_Init                        0x08002891   Thumb Code    40  app_rt_thread.o(i.MX_RT_Thread_Init)
    MX_RT_Thread_Process                     0x080028c9   Thumb Code     4  app_rt_thread.o(i.MX_RT_Thread_Process)
    MX_TIM3_Init                             0x080028cd   Thumb Code    94  tim.o(i.MX_TIM3_Init)
    MX_USART1_UART_Init                      0x08002935   Thumb Code    48  usart.o(i.MX_USART1_UART_Init)
    MemManage_Handler                        0x0800296d   Thumb Code     2  stm32f1xx_it.o(i.MemManage_Handler)
    NMI_Handler                              0x0800296f   Thumb Code     2  stm32f1xx_it.o(i.NMI_Handler)
    Receive_ACK                              0x08002971   Thumb Code    72  aht.o(i.Receive_ACK)
    SCL_Pin_Output_High                      0x080029bd   Thumb Code    10  aht.o(i.SCL_Pin_Output_High)
    SCL_Pin_Output_Low                       0x080029cd   Thumb Code    10  aht.o(i.SCL_Pin_Output_Low)
    SDA_Pin_IN_FLOATING                      0x080029dd   Thumb Code    24  aht.o(i.SDA_Pin_IN_FLOATING)
    SDA_Pin_Output_High                      0x080029f9   Thumb Code    36  aht.o(i.SDA_Pin_Output_High)
    SDA_Pin_Output_Low                       0x08002a21   Thumb Code    36  aht.o(i.SDA_Pin_Output_Low)
    Send_ACK                                 0x08002a49   Thumb Code    56  aht.o(i.Send_ACK)
    Send_NOT_ACK                             0x08002a81   Thumb Code    56  aht.o(i.Send_NOT_ACK)
    SensorDelay_us                           0x08002ab9   Thumb Code    20  aht.o(i.SensorDelay_us)
    Stop_I2C                                 0x08002acd   Thumb Code    36  aht.o(i.Stop_I2C)
    SysTick_Handler                          0x08002af1   Thumb Code    18  board.o(i.SysTick_Handler)
    SystemClock_Config                       0x08002b03   Thumb Code    94  main.o(i.SystemClock_Config)
    SystemCoreClockUpdate                    0x08002b61   Thumb Code    82  system_stm32f1xx.o(i.SystemCoreClockUpdate)
    SystemInit                               0x08002bc9   Thumb Code     2  system_stm32f1xx.o(i.SystemInit)
    TIM3_IRQHandler                          0x08002bcd   Thumb Code     6  stm32f1xx_it.o(i.TIM3_IRQHandler)
    TIM_Base_SetConfig                       0x08002bd9   Thumb Code    94  stm32f1xx_hal_tim.o(i.TIM_Base_SetConfig)
    TIM_ETR_SetConfig                        0x08002c45   Thumb Code    20  stm32f1xx_hal_tim.o(i.TIM_ETR_SetConfig)
    USART1_IRQHandler                        0x08002ec1   Thumb Code    50  stm32f1xx_it.o(i.USART1_IRQHandler)
    UsageFault_Handler                       0x08002ef9   Thumb Code     2  stm32f1xx_it.o(i.UsageFault_Handler)
    __rt_ffs                                 0x08002f1d   Thumb Code    62  kservice.o(i.__rt_ffs)
    __scatterload_copy                       0x08002f61   Thumb Code    14  handlers.o(i.__scatterload_copy)
    __scatterload_null                       0x08002f6f   Thumb Code     2  handlers.o(i.__scatterload_null)
    __scatterload_zeroinit                   0x08002f71   Thumb Code    14  handlers.o(i.__scatterload_zeroinit)
    cmd_ps                                   0x080031a9   Thumb Code    10  msh.o(i.cmd_ps)
    eMBASCIIInit                             0x080031b5   Thumb Code    56  mbascii.o(i.eMBASCIIInit)
    eMBASCIIReceive                          0x080031f1   Thumb Code    80  mbascii.o(i.eMBASCIIReceive)
    eMBASCIISend                             0x08003245   Thumb Code    80  mbascii.o(i.eMBASCIISend)
    eMBASCIIStart                            0x08003299   Thumb Code    32  mbascii.o(i.eMBASCIIStart)
    eMBASCIIStop                             0x080032bd   Thumb Code    28  mbascii.o(i.eMBASCIIStop)
    eMBEnable                                0x080032d9   Thumb Code    28  mb.o(i.eMBEnable)
    eMBFuncReadCoils                         0x080032f9   Thumb Code   114  mbfunccoils.o(i.eMBFuncReadCoils)
    eMBFuncReadDiscreteInputs                0x0800336b   Thumb Code   114  mbfuncdisc.o(i.eMBFuncReadDiscreteInputs)
    eMBFuncReadHoldingRegister               0x080033dd   Thumb Code    94  mbfuncholding.o(i.eMBFuncReadHoldingRegister)
    eMBFuncReadInputRegister                 0x0800343b   Thumb Code    98  mbfuncinput.o(i.eMBFuncReadInputRegister)
    eMBFuncReadWriteMultipleHoldingRegister  0x0800349d   Thumb Code   156  mbfuncholding.o(i.eMBFuncReadWriteMultipleHoldingRegister)
    eMBFuncReportSlaveID                     0x08003539   Thumb Code    26  mbfuncother.o(i.eMBFuncReportSlaveID)
    eMBFuncWriteCoil                         0x0800355d   Thumb Code    86  mbfunccoils.o(i.eMBFuncWriteCoil)
    eMBFuncWriteHoldingRegister              0x080035b3   Thumb Code    50  mbfuncholding.o(i.eMBFuncWriteHoldingRegister)
    eMBFuncWriteMultipleCoils                0x080035e5   Thumb Code   100  mbfunccoils.o(i.eMBFuncWriteMultipleCoils)
    eMBFuncWriteMultipleHoldingRegister      0x08003649   Thumb Code    78  mbfuncholding.o(i.eMBFuncWriteMultipleHoldingRegister)
    eMBInit                                  0x08003699   Thumb Code   140  mb.o(i.eMBInit)
    eMBPoll                                  0x08003761   Thumb Code   176  mb.o(i.eMBPoll)
    eMBRTUInit                               0x08003815   Thumb Code    66  mbrtu.o(i.eMBRTUInit)
    eMBRTUReceive                            0x0800385d   Thumb Code    82  mbrtu.o(i.eMBRTUReceive)
    eMBRTUSend                               0x080038b9   Thumb Code    92  mbrtu.o(i.eMBRTUSend)
    eMBRTUStart                              0x0800391d   Thumb Code    32  mbrtu.o(i.eMBRTUStart)
    eMBRTUStop                               0x08003941   Thumb Code    28  mbrtu.o(i.eMBRTUStop)
    eMBRegCoilsCB                            0x0800395d   Thumb Code     4  demo.o(i.eMBRegCoilsCB)
    eMBRegDiscreteCB                         0x08003961   Thumb Code     4  demo.o(i.eMBRegDiscreteCB)
    eMBRegHoldingCB                          0x08003965   Thumb Code     4  demo.o(i.eMBRegHoldingCB)
    eMBRegInputCB                            0x08003969   Thumb Code   184  demo.o(i.eMBRegInputCB)
    finsh_get_prompt                         0x08003a2d   Thumb Code    66  shell.o(i.finsh_get_prompt)
    finsh_set_prompt_mode                    0x08003a8d   Thumb Code    16  shell.o(i.finsh_set_prompt_mode)
    finsh_system_function_init               0x08003aa1   Thumb Code     8  shell.o(i.finsh_system_function_init)
    finsh_system_init                        0x08003aad   Thumb Code    82  shell.o(i.finsh_system_init)
    finsh_thread_entry                       0x08003b25   Thumb Code   612  shell.o(i.finsh_thread_entry)
    hello                                    0x08003e29   Thumb Code    12  cmd.o(i.hello)
    led1_task_entry                          0x08003e49   Thumb Code    44  app_rt_thread.o(i.led1_task_entry)
    list                                     0x08003e79   Thumb Code    50  cmd.o(i.list)
    list_sem                                 0x08003f69   Thumb Code   214  cmd.o(i.list_sem)
    list_thread                              0x080040a9   Thumb Code   250  cmd.o(i.list_thread)
    list_timer                               0x08004261   Thumb Code   160  cmd.o(i.list_timer)
    $Super$$main                             0x080043a1   Thumb Code    66  main.o(i.main)
    main_thread_entry                        0x080043e3   Thumb Code    14  components.o(i.main_thread_entry)
    msh_auto_complete                        0x080044c9   Thumb Code   150  msh.o(i.msh_auto_complete)
    msh_exec                                 0x08004575   Thumb Code    74  msh.o(i.msh_exec)
    msh_help                                 0x080045d9   Thumb Code    58  msh.o(i.msh_help)
    msh_is_used                              0x08004651   Thumb Code     4  msh.o(i.msh_is_used)
    prveMBError2Exception                    0x0800486d   Thumb Code    24  mbutils.o(i.prveMBError2Exception)
    prvvTIMERExpiredISR                      0x080048b9   Thumb Code     6  porttimer.o(i.prvvTIMERExpiredISR)
    prvvUARTRxISR                            0x080048c5   Thumb Code     6  portserial.o(i.prvvUARTRxISR)
    prvvUARTTxReadyISR                       0x080048d1   Thumb Code     6  portserial.o(i.prvvUARTTxReadyISR)
    rt_application_init                      0x080048dd   Thumb Code    44  components.o(i.rt_application_init)
    rt_components_board_init                 0x08004919   Thumb Code    20  components.o(i.rt_components_board_init)
    rt_components_init                       0x08004935   Thumb Code    20  components.o(i.rt_components_init)
    rt_enter_critical                        0x08004951   Thumb Code    22  scheduler.o(i.rt_enter_critical)
    rt_exit_critical                         0x0800496d   Thumb Code    52  scheduler.o(i.rt_exit_critical)
    rt_hw_board_init                         0x080049a5   Thumb Code    38  board.o(i.rt_hw_board_init)
    rt_hw_console_getchar                    0x080049cd   Thumb Code    34  board.o(i.rt_hw_console_getchar)
    rt_hw_console_output                     0x080049f5   Thumb Code    66  board.o(i.rt_hw_console_output)
    rt_hw_hard_fault_exception               0x08004a3d   Thumb Code   186  cpuport.o(i.rt_hw_hard_fault_exception)
    rt_hw_stack_init                         0x08004c39   Thumb Code    52  cpuport.o(i.rt_hw_stack_init)
    rt_interrupt_enter                       0x08004c71   Thumb Code    22  irq.o(i.rt_interrupt_enter)
    rt_interrupt_leave                       0x08004c8d   Thumb Code    22  irq.o(i.rt_interrupt_leave)
    rt_kprintf                               0x08004ca9   Thumb Code    28  kservice.o(i.rt_kprintf)
    rt_memmove                               0x08004d1d   Thumb Code    50  kservice.o(i.rt_memmove)
    rt_memset                                0x08004d51   Thumb Code    70  kservice.o(i.rt_memset)
    rt_object_detach                         0x08004d97   Thumb Code    36  object.o(i.rt_object_detach)
    rt_object_get_information                0x08004dbd   Thumb Code    30  object.o(i.rt_object_get_information)
    rt_object_init                           0x08004de1   Thumb Code    82  object.o(i.rt_object_init)
    rt_object_is_systemobject                0x08004e33   Thumb Code    14  object.o(i.rt_object_is_systemobject)
    rt_schedule                              0x08004e41   Thumb Code    76  scheduler.o(i.rt_schedule)
    rt_schedule_insert_thread                0x08004e99   Thumb Code    70  scheduler.o(i.rt_schedule_insert_thread)
    rt_schedule_remove_thread                0x08004ee9   Thumb Code    64  scheduler.o(i.rt_schedule_remove_thread)
    rt_sem_init                              0x08004f31   Thumb Code    36  ipc.o(i.rt_sem_init)
    rt_show_version                          0x08004f55   Thumb Code    40  kservice.o(i.rt_show_version)
    rt_strlen                                0x08005005   Thumb Code    16  kservice.o(i.rt_strlen)
    rt_strncpy                               0x08005015   Thumb Code    38  kservice.o(i.rt_strncpy)
    rt_system_scheduler_init                 0x0800503d   Thumb Code    44  scheduler.o(i.rt_system_scheduler_init)
    rt_system_scheduler_start                0x08005071   Thumb Code    32  scheduler.o(i.rt_system_scheduler_start)
    rt_system_timer_init                     0x08005099   Thumb Code     8  timer.o(i.rt_system_timer_init)
    rt_system_timer_thread_init              0x080050a5   Thumb Code     2  timer.o(i.rt_system_timer_thread_init)
    rt_thread_delay                          0x080050a7   Thumb Code     4  thread.o(i.rt_thread_delay)
    rt_thread_exit                           0x080050ad   Thumb Code    82  thread.o(i.rt_thread_exit)
    rt_thread_idle_init                      0x0800510d   Thumb Code    40  idle.o(i.rt_thread_idle_init)
    rt_thread_init                           0x08005145   Thumb Code    48  thread.o(i.rt_thread_init)
    rt_thread_mdelay                         0x08005175   Thumb Code    14  thread.o(i.rt_thread_mdelay)
    rt_thread_resume                         0x08005183   Thumb Code    60  thread.o(i.rt_thread_resume)
    rt_thread_self                           0x080051c1   Thumb Code     6  thread.o(i.rt_thread_self)
    rt_thread_sleep                          0x080051cd   Thumb Code    60  thread.o(i.rt_thread_sleep)
    rt_thread_startup                        0x0800520d   Thumb Code    40  thread.o(i.rt_thread_startup)
    rt_thread_suspend                        0x08005239   Thumb Code    66  thread.o(i.rt_thread_suspend)
    rt_thread_timeout                        0x0800527b   Thumb Code    32  thread.o(i.rt_thread_timeout)
    rt_thread_yield                          0x0800529d   Thumb Code    86  thread.o(i.rt_thread_yield)
    rt_tick_from_millisecond                 0x080052fd   Thumb Code    50  clock.o(i.rt_tick_from_millisecond)
    rt_tick_get                              0x08005331   Thumb Code     6  clock.o(i.rt_tick_get)
    rt_tick_increase                         0x0800533d   Thumb Code    38  clock.o(i.rt_tick_increase)
    rt_timer_check                           0x08005369   Thumb Code   136  timer.o(i.rt_timer_check)
    rt_timer_control                         0x080053f5   Thumb Code    72  timer.o(i.rt_timer_control)
    rt_timer_detach                          0x0800543d   Thumb Code    40  timer.o(i.rt_timer_detach)
    rt_timer_init                            0x08005465   Thumb Code    48  timer.o(i.rt_timer_init)
    rt_timer_start                           0x08005495   Thumb Code   126  timer.o(i.rt_timer_start)
    rt_timer_stop                            0x08005519   Thumb Code    46  timer.o(i.rt_timer_stop)
    rt_vsnprintf                             0x08005549   Thumb Code   634  kservice.o(i.rt_vsnprintf)
    rtthread_startup                         0x080057dd   Thumb Code    42  components.o(i.rtthread_startup)
    usMBCRC16                                0x08005865   Thumb Code    40  mbcrc.o(i.usMBCRC16)
    vMBPortSerialEnable                      0x08005961   Thumb Code    44  portserial.o(i.vMBPortSerialEnable)
    vMBPortTimersDisable                     0x08005991   Thumb Code    56  porttimer.o(i.vMBPortTimersDisable)
    vMBPortTimersEnable                      0x080059cd   Thumb Code    38  porttimer.o(i.vMBPortTimersEnable)
    version                                  0x080059f9   Thumb Code    10  cmd.o(i.version)
    xMBASCIIReceiveFSM                       0x08005a05   Thumb Code   222  mbascii.o(i.xMBASCIIReceiveFSM)
    xMBASCIITimerT1SExpired                  0x08005ae9   Thumb Code    42  mbascii.o(i.xMBASCIITimerT1SExpired)
    xMBASCIITransmitFSM                      0x08005b19   Thumb Code   168  mbascii.o(i.xMBASCIITransmitFSM)
    xMBPortEventGet                          0x08005bc5   Thumb Code    24  portevent.o(i.xMBPortEventGet)
    xMBPortEventInit                         0x08005be1   Thumb Code    10  portevent.o(i.xMBPortEventInit)
    xMBPortEventPost                         0x08005bf1   Thumb Code    12  portevent.o(i.xMBPortEventPost)
    xMBPortSerialGetByte                     0x08005c01   Thumb Code    24  portserial.o(i.xMBPortSerialGetByte)
    xMBPortSerialInit                        0x08005c1d   Thumb Code     4  portserial.o(i.xMBPortSerialInit)
    xMBPortSerialPutByte                     0x08005c21   Thumb Code    24  portserial.o(i.xMBPortSerialPutByte)
    xMBPortTimersInit                        0x08005c3d   Thumb Code     4  porttimer.o(i.xMBPortTimersInit)
    xMBRTUReceiveFSM                         0x08005c41   Thumb Code    96  mbrtu.o(i.xMBRTUReceiveFSM)
    xMBRTUTimerT35Expired                    0x08005ca9   Thumb Code    58  mbrtu.o(i.xMBRTUTimerT35Expired)
    xMBRTUTransmitFSM                        0x08005ce9   Thumb Code    86  mbrtu.o(i.xMBRTUTransmitFSM)
    AHBPrescTable                            0x08005d44   Data          16  system_stm32f1xx.o(.constdata)
    APBPrescTable                            0x08005d54   Data           8  system_stm32f1xx.o(.constdata)
    __lowest_bit_bitmap                      0x08005d5c   Data         256  kservice.o(.constdata)
    __fsym_hello_name                        0x080060c4   Data           6  cmd.o(.rodata.name)
    __fsym_hello_desc                        0x080060ca   Data          16  cmd.o(.rodata.name)
    __fsym_version_name                      0x080060da   Data           8  cmd.o(.rodata.name)
    __fsym_version_desc                      0x080060e2   Data          35  cmd.o(.rodata.name)
    __fsym___cmd_version_name                0x08006105   Data          14  cmd.o(.rodata.name)
    __fsym___cmd_version_desc                0x08006113   Data          35  cmd.o(.rodata.name)
    __fsym_list_thread_name                  0x08006136   Data          12  cmd.o(.rodata.name)
    __fsym_list_thread_desc                  0x08006142   Data          12  cmd.o(.rodata.name)
    __fsym___cmd_list_thread_name            0x0800614e   Data          18  cmd.o(.rodata.name)
    __fsym___cmd_list_thread_desc            0x08006160   Data          12  cmd.o(.rodata.name)
    __fsym_list_sem_name                     0x0800616c   Data           9  cmd.o(.rodata.name)
    __fsym_list_sem_desc                     0x08006175   Data          25  cmd.o(.rodata.name)
    __fsym___cmd_list_sem_name               0x0800618e   Data          15  cmd.o(.rodata.name)
    __fsym___cmd_list_sem_desc               0x0800619d   Data          25  cmd.o(.rodata.name)
    __fsym_list_timer_name                   0x080061b6   Data          11  cmd.o(.rodata.name)
    __fsym_list_timer_desc                   0x080061c1   Data          21  cmd.o(.rodata.name)
    __fsym___cmd_list_timer_name             0x080061d6   Data          17  cmd.o(.rodata.name)
    __fsym___cmd_list_timer_desc             0x080061e7   Data          21  cmd.o(.rodata.name)
    __fsym_list_name                         0x080061fc   Data           5  cmd.o(.rodata.name)
    __fsym_list_desc                         0x08006201   Data          26  cmd.o(.rodata.name)
    __fsym___cmd_help_name                   0x0800621b   Data          11  msh.o(.rodata.name)
    __fsym___cmd_help_desc                   0x08006226   Data          22  msh.o(.rodata.name)
    __fsym___cmd_ps_name                     0x0800623c   Data           9  msh.o(.rodata.name)
    __fsym___cmd_ps_desc                     0x08006245   Data          28  msh.o(.rodata.name)
    __rt_init_rti_start                      0x08006264   Data           4  components.o(.rti_fn.0)
    __rt_init_rti_board_start                0x08006268   Data           4  components.o(.rti_fn.0.end)
    __rt_init_uart_init                      0x0800626c   Data           4  board.o(.rti_fn.1)
    __rt_init_rti_board_end                  0x08006270   Data           4  components.o(.rti_fn.1.end)
    __rt_init_finsh_system_init              0x08006274   Data           4  shell.o(.rti_fn.6)
    __rt_init_rti_end                        0x08006278   Data           4  components.o(.rti_fn.6.end)
    FSymTab$$Base                            0x0800627c   Number         0  cmd.o(FSymTab)
    __fsym_hello                             0x0800627c   Data          12  cmd.o(FSymTab)
    __fsym_version                           0x08006288   Data          12  cmd.o(FSymTab)
    __fsym___cmd_version                     0x08006294   Data          12  cmd.o(FSymTab)
    __fsym_list_thread                       0x080062a0   Data          12  cmd.o(FSymTab)
    __fsym___cmd_list_thread                 0x080062ac   Data          12  cmd.o(FSymTab)
    __fsym_list_sem                          0x080062b8   Data          12  cmd.o(FSymTab)
    __fsym___cmd_list_sem                    0x080062c4   Data          12  cmd.o(FSymTab)
    __fsym_list_timer                        0x080062d0   Data          12  cmd.o(FSymTab)
    __fsym___cmd_list_timer                  0x080062dc   Data          12  cmd.o(FSymTab)
    __fsym_list                              0x080062e8   Data          12  cmd.o(FSymTab)
    __fsym___cmd_help                        0x080062f4   Data          12  msh.o(FSymTab)
    __fsym___cmd_ps                          0x08006300   Data          12  msh.o(FSymTab)
    FSymTab$$Limit                           0x0800630c   Number         0  msh.o(FSymTab)
    Region$$Table$$Base                      0x0800630c   Number         0  anon$$obj.o(Region$$Table)
    Region$$Table$$Limit                     0x0800632c   Number         0  anon$$obj.o(Region$$Table)
    uwTickFreq                               0x20000000   Data           1  stm32f1xx_hal.o(.data)
    uwTickPrio                               0x20000004   Data           4  stm32f1xx_hal.o(.data)
    uwTick                                   0x20000008   Data           4  stm32f1xx_hal.o(.data)
    SystemCoreClock                          0x2000000c   Data           4  system_stm32f1xx.o(.data)
    rt_interrupt_nest                        0x20000014   Data           1  irq.o(.data)
    rt_current_priority                      0x20000048   Data           1  scheduler.o(.data)
    rt_current_thread                        0x2000004c   Data           4  scheduler.o(.data)
    rt_thread_ready_priority_group           0x20000050   Data           4  scheduler.o(.data)
    rt_thread_defunct                        0x20000054   Data           8  scheduler.o(.data)
    rt_interrupt_from_thread                 0x2000006c   Data           4  cpuport.o(.data)
    rt_interrupt_to_thread                   0x20000070   Data           4  cpuport.o(.data)
    rt_thread_switch_interrupt_flag          0x20000074   Data           4  cpuport.o(.data)
    _syscall_table_begin                     0x20000078   Data           4  shell.o(.data)
    _syscall_table_end                       0x2000007c   Data           4  shell.o(.data)
    _sysvar_table_begin                      0x20000080   Data           4  shell.o(.data)
    _sysvar_table_end                        0x20000084   Data           4  shell.o(.data)
    shell                                    0x2000008c   Data           4  shell.o(.data)
    pxMBFrameCBByteReceived                  0x200000b0   Data           4  mb.o(.data)
    pxMBFrameCBTransmitterEmpty              0x200000b4   Data           4  mb.o(.data)
    pxMBPortCBTimerExpired                   0x200000b8   Data           4  mb.o(.data)
    c1                                       0x20000160   Data           4  demo.o(.data)
    c2                                       0x20000164   Data           4  demo.o(.data)
    t1                                       0x20000168   Data           4  demo.o(.data)
    t2                                       0x2000016c   Data           4  demo.o(.data)
    CT_data                                  0x20000170   Data           8  demo.o(.data)
    hi2c1                                    0x2000017c   Data          84  i2c.o(.bss)
    hdma_i2c1_rx                             0x200001d0   Data          68  i2c.o(.bss)
    hdma_i2c1_tx                             0x20000214   Data          68  i2c.o(.bss)
    htim3                                    0x20000258   Data          72  tim.o(.bss)
    huart1                                   0x200002a0   Data          68  usart.o(.bss)
    led1_thread                              0x200002e4   Data         120  app_rt_thread.o(.bss)
    rt_led1_thread_stack                     0x2000035c   Data         128  app_rt_thread.o(.bss)
    main_thread                              0x200007e0   Data         120  components.o(.bss)
    rt_thread_priority_table                 0x200009d0   Data         256  scheduler.o(.bss)
    _shell                                   0x20001010   Data         120  shell.o(.bss)
    ucRTUBuf                                 0x20001088   Data         256  mbrtu.o(.bss)
    InputBuff                                0x200011a8   Data          10  demo.o(.bss)
    __initial_sp                             0x200015b8   Data           0  startup_stm32f103xb.o(STACK)



==============================================================================

Memory Map of the image

  Image Entry point : 0x080000ed

  Load Region LR_IROM1 (Base: 0x08000000, Size: 0x000064a8, Max: 0x00010000, ABSOLUTE, COMPRESSED[0x00006394])

    Execution Region ER_IROM1 (Exec base: 0x08000000, Load base: 0x08000000, Size: 0x0000632c, Max: 0x00010000, ABSOLUTE)

    Exec Addr    Load Addr    Size         Type   Attr      Idx    E Section Name        Object

    0x08000000   0x08000000   0x000000ec   Data   RO            3    RESET               startup_stm32f103xb.o
    0x080000ec   0x080000ec   0x00000000   Code   RO         5315  * .ARM.Collect$$$$00000000  mc_w.l(entry.o)
    0x080000ec   0x080000ec   0x00000004   Code   RO         5338    .ARM.Collect$$$$00000001  mc_w.l(entry2.o)
    0x080000f0   0x080000f0   0x00000004   Code   RO         5341    .ARM.Collect$$$$00000004  mc_w.l(entry5.o)
    0x080000f4   0x080000f4   0x00000000   Code   RO         5343    .ARM.Collect$$$$00000008  mc_w.l(entry7b.o)
    0x080000f4   0x080000f4   0x00000000   Code   RO         5345    .ARM.Collect$$$$0000000A  mc_w.l(entry8b.o)
    0x080000f4   0x080000f4   0x00000008   Code   RO         5346    .ARM.Collect$$$$0000000B  mc_w.l(entry9a.o)
    0x080000fc   0x080000fc   0x00000000   Code   RO         5348    .ARM.Collect$$$$0000000D  mc_w.l(entry10a.o)
    0x080000fc   0x080000fc   0x00000000   Code   RO         5350    .ARM.Collect$$$$0000000F  mc_w.l(entry11a.o)
    0x080000fc   0x080000fc   0x00000004   Code   RO         5339    .ARM.Collect$$$$00002712  mc_w.l(entry2.o)
    0x08000100   0x08000100   0x00000024   Code   RO            4    .text               startup_stm32f103xb.o
    0x08000124   0x08000124   0x000000f4   Code   RO         3342    .text               context_rvds.o
    0x08000218   0x08000218   0x00000024   Code   RO         5322    .text               mc_w.l(memcpya.o)
    0x0800023c   0x0800023c   0x00000024   Code   RO         5324    .text               mc_w.l(memseta.o)
    0x08000260   0x08000260   0x00000018   Code   RO         5326    .text               mc_w.l(strcat.o)
    0x08000278   0x08000278   0x00000018   Code   RO         5328    .text               mc_w.l(strncpy.o)
    0x08000290   0x08000290   0x0000000e   Code   RO         5330    .text               mc_w.l(strlen.o)
    0x0800029e   0x0800029e   0x00000012   Code   RO         5332    .text               mc_w.l(strcpy.o)
    0x080002b0   0x080002b0   0x0000001e   Code   RO         5334    .text               mc_w.l(strncmp.o)
    0x080002ce   0x080002ce   0x00000002   PAD
    0x080002d0   0x080002d0   0x00000024   Code   RO         5352    .text               mc_w.l(init.o)
    0x080002f4   0x080002f4   0x00000056   Code   RO         5362    .text               mc_w.l(__dczerorl2.o)
    0x0800034a   0x0800034a   0x0000000a   Code   RO         3387    i.$Sub$$main        components.o
    0x08000354   0x08000354   0x00000076   Code   RO         4451    i.AHT20_Init        aht.o
    0x080003ca   0x080003ca   0x00000002   PAD
    0x080003cc   0x080003cc   0x00000060   Code   RO         4452    i.AHT20_RD_Byte     aht.o
    0x0800042c   0x0800042c   0x00000124   Code   RO         4454    i.AHT20_Read_CTdata_crc  aht.o
    0x08000550   0x08000550   0x00000022   Code   RO         4456    i.AHT20_Read_Status  aht.o
    0x08000572   0x08000572   0x00000036   Code   RO         4457    i.AHT20_SendAC      aht.o
    0x080005a8   0x080005a8   0x0000004a   Code   RO         4459    i.AHT20_WR_Byte     aht.o
    0x080005f2   0x080005f2   0x00000002   Code   RO          379    i.BusFault_Handler  stm32f1xx_it.o
    0x080005f4   0x080005f4   0x00000032   Code   RO         4460    i.Calc_CRC8         aht.o
    0x08000626   0x08000626   0x00000002   PAD
    0x08000628   0x08000628   0x0000000c   Code   RO          380    i.DMA1_Channel6_IRQHandler  stm32f1xx_it.o
    0x08000634   0x08000634   0x0000000c   Code   RO          381    i.DMA1_Channel7_IRQHandler  stm32f1xx_it.o
    0x08000640   0x08000640   0x00000002   Code   RO          382    i.DebugMon_Handler  stm32f1xx_it.o
    0x08000642   0x08000642   0x00000016   Code   RO         4461    i.Delay_1ms         aht.o
    0x08000658   0x08000658   0x0000001e   Code   RO         4462    i.Delay_4us         aht.o
    0x08000676   0x08000676   0x00000024   Code   RO         4463    i.Delay_5us         aht.o
    0x0800069a   0x0800069a   0x00000006   Code   RO         4464    i.Delay_N10us       aht.o
    0x080006a0   0x080006a0   0x00000004   Code   RO           13    i.Error_Handler     main.o
    0x080006a4   0x080006a4   0x00000046   Code   RO         1381    i.HAL_DMA_Abort     stm32f1xx_hal_dma.o
    0x080006ea   0x080006ea   0x00000002   PAD
    0x080006ec   0x080006ec   0x00000098   Code   RO         1382    i.HAL_DMA_Abort_IT  stm32f1xx_hal_dma.o
    0x08000784   0x08000784   0x00000006   Code   RO         1385    i.HAL_DMA_GetState  stm32f1xx_hal_dma.o
    0x0800078a   0x0800078a   0x00000002   PAD
    0x0800078c   0x0800078c   0x00000154   Code   RO         1386    i.HAL_DMA_IRQHandler  stm32f1xx_hal_dma.o
    0x080008e0   0x080008e0   0x0000005c   Code   RO         1387    i.HAL_DMA_Init      stm32f1xx_hal_dma.o
    0x0800093c   0x0800093c   0x000001e0   Code   RO         1317    i.HAL_GPIO_Init     stm32f1xx_hal_gpio.o
    0x08000b1c   0x08000b1c   0x0000000a   Code   RO         1319    i.HAL_GPIO_ReadPin  stm32f1xx_hal_gpio.o
    0x08000b26   0x08000b26   0x0000000a   Code   RO         1321    i.HAL_GPIO_WritePin  stm32f1xx_hal_gpio.o
    0x08000b30   0x08000b30   0x0000000c   Code   RO         1013    i.HAL_GetTick       stm32f1xx_hal.o
    0x08000b3c   0x08000b3c   0x00000002   Code   RO          570    i.HAL_I2C_AbortCpltCallback  stm32f1xx_hal_i2c.o
    0x08000b3e   0x08000b3e   0x00000002   Code   RO          571    i.HAL_I2C_AddrCallback  stm32f1xx_hal_i2c.o
    0x08000b40   0x08000b40   0x00000230   Code   RO          575    i.HAL_I2C_EV_IRQHandler  stm32f1xx_hal_i2c.o
    0x08000d70   0x08000d70   0x00000002   Code   RO          577    i.HAL_I2C_ErrorCallback  stm32f1xx_hal_i2c.o
    0x08000d72   0x08000d72   0x00000002   PAD
    0x08000d74   0x08000d74   0x00000188   Code   RO          581    i.HAL_I2C_Init      stm32f1xx_hal_i2c.o
    0x08000efc   0x08000efc   0x00000002   Code   RO          583    i.HAL_I2C_ListenCpltCallback  stm32f1xx_hal_i2c.o
    0x08000efe   0x08000efe   0x00000002   Code   RO          584    i.HAL_I2C_MasterRxCpltCallback  stm32f1xx_hal_i2c.o
    0x08000f00   0x08000f00   0x00000002   Code   RO          585    i.HAL_I2C_MasterTxCpltCallback  stm32f1xx_hal_i2c.o
    0x08000f02   0x08000f02   0x00000002   Code   RO          597    i.HAL_I2C_MemRxCpltCallback  stm32f1xx_hal_i2c.o
    0x08000f04   0x08000f04   0x00000002   Code   RO          598    i.HAL_I2C_MemTxCpltCallback  stm32f1xx_hal_i2c.o
    0x08000f06   0x08000f06   0x00000002   PAD
    0x08000f08   0x08000f08   0x000000b8   Code   RO          254    i.HAL_I2C_MspInit   i2c.o
    0x08000fc0   0x08000fc0   0x00000002   Code   RO          607    i.HAL_I2C_SlaveRxCpltCallback  stm32f1xx_hal_i2c.o
    0x08000fc2   0x08000fc2   0x00000002   Code   RO          608    i.HAL_I2C_SlaveTxCpltCallback  stm32f1xx_hal_i2c.o
    0x08000fc4   0x08000fc4   0x00000024   Code   RO         1020    i.HAL_Init          stm32f1xx_hal.o
    0x08000fe8   0x08000fe8   0x00000040   Code   RO         1021    i.HAL_InitTick      stm32f1xx_hal.o
    0x08001028   0x08001028   0x0000003c   Code   RO          467    i.HAL_MspInit       stm32f1xx_hal_msp.o
    0x08001064   0x08001064   0x0000001a   Code   RO         1475    i.HAL_NVIC_ClearPendingIRQ  stm32f1xx_hal_cortex.o
    0x0800107e   0x0800107e   0x0000001a   Code   RO         1477    i.HAL_NVIC_EnableIRQ  stm32f1xx_hal_cortex.o
    0x08001098   0x08001098   0x00000040   Code   RO         1483    i.HAL_NVIC_SetPriority  stm32f1xx_hal_cortex.o
    0x080010d8   0x080010d8   0x00000024   Code   RO         1484    i.HAL_NVIC_SetPriorityGrouping  stm32f1xx_hal_cortex.o
    0x080010fc   0x080010fc   0x0000012c   Code   RO         1177    i.HAL_RCC_ClockConfig  stm32f1xx_hal_rcc.o
    0x08001228   0x08001228   0x0000000c   Code   RO         1182    i.HAL_RCC_GetHCLKFreq  stm32f1xx_hal_rcc.o
    0x08001234   0x08001234   0x00000020   Code   RO         1184    i.HAL_RCC_GetPCLK1Freq  stm32f1xx_hal_rcc.o
    0x08001254   0x08001254   0x00000020   Code   RO         1185    i.HAL_RCC_GetPCLK2Freq  stm32f1xx_hal_rcc.o
    0x08001274   0x08001274   0x0000006c   Code   RO         1186    i.HAL_RCC_GetSysClockFreq  stm32f1xx_hal_rcc.o
    0x080012e0   0x080012e0   0x00000320   Code   RO         1189    i.HAL_RCC_OscConfig  stm32f1xx_hal_rcc.o
    0x08001600   0x08001600   0x00000028   Code   RO         1488    i.HAL_SYSTICK_Config  stm32f1xx_hal_cortex.o
    0x08001628   0x08001628   0x00000002   Code   RO         2683    i.HAL_TIMEx_BreakCallback  stm32f1xx_hal_tim_ex.o
    0x0800162a   0x0800162a   0x00000002   Code   RO         2684    i.HAL_TIMEx_CommutCallback  stm32f1xx_hal_tim_ex.o
    0x0800162c   0x0800162c   0x00000068   Code   RO         2702    i.HAL_TIMEx_MasterConfigSynchronization  stm32f1xx_hal_tim_ex.o
    0x08001694   0x08001694   0x0000005a   Code   RO         1979    i.HAL_TIM_Base_Init  stm32f1xx_hal_tim.o
    0x080016ee   0x080016ee   0x00000002   PAD
    0x080016f0   0x080016f0   0x0000003c   Code   RO          296    i.HAL_TIM_Base_MspInit  tim.o
    0x0800172c   0x0800172c   0x000000d6   Code   RO         1988    i.HAL_TIM_ConfigClockSource  stm32f1xx_hal_tim.o
    0x08001802   0x08001802   0x00000002   Code   RO         2013    i.HAL_TIM_IC_CaptureCallback  stm32f1xx_hal_tim.o
    0x08001804   0x08001804   0x00000166   Code   RO         2027    i.HAL_TIM_IRQHandler  stm32f1xx_hal_tim.o
    0x0800196a   0x0800196a   0x00000002   Code   RO         2030    i.HAL_TIM_OC_DelayElapsedCallback  stm32f1xx_hal_tim.o
    0x0800196c   0x0800196c   0x00000002   Code   RO         2057    i.HAL_TIM_PWM_PulseFinishedCallback  stm32f1xx_hal_tim.o
    0x0800196e   0x0800196e   0x00000004   Code   RO          383    i.HAL_TIM_PeriodElapsedCallback  stm32f1xx_it.o
    0x08001972   0x08001972   0x00000002   Code   RO         2070    i.HAL_TIM_TriggerCallback  stm32f1xx_hal_tim.o
    0x08001974   0x08001974   0x00000002   Code   RO         2961    i.HAL_UARTEx_RxEventCallback  stm32f1xx_hal_uart.o
    0x08001976   0x08001976   0x00000002   Code   RO         2975    i.HAL_UART_ErrorCallback  stm32f1xx_hal_uart.o
    0x08001978   0x08001978   0x0000020c   Code   RO         2978    i.HAL_UART_IRQHandler  stm32f1xx_hal_uart.o
    0x08001b84   0x08001b84   0x00000062   Code   RO         2979    i.HAL_UART_Init     stm32f1xx_hal_uart.o
    0x08001be6   0x08001be6   0x00000002   PAD
    0x08001be8   0x08001be8   0x00000080   Code   RO          338    i.HAL_UART_MspInit  usart.o
    0x08001c68   0x08001c68   0x000000c0   Code   RO         2982    i.HAL_UART_Receive  stm32f1xx_hal_uart.o
    0x08001d28   0x08001d28   0x00000002   Code   RO         2985    i.HAL_UART_RxCpltCallback  stm32f1xx_hal_uart.o
    0x08001d2a   0x08001d2a   0x00000002   PAD
    0x08001d2c   0x08001d2c   0x000000b2   Code   RO         2987    i.HAL_UART_Transmit  stm32f1xx_hal_uart.o
    0x08001dde   0x08001dde   0x00000002   Code   RO         2990    i.HAL_UART_TxCpltCallback  stm32f1xx_hal_uart.o
    0x08001de0   0x08001de0   0x0000000c   Code   RO          384    i.I2C1_EV_IRQHandler  stm32f1xx_it.o
    0x08001dec   0x08001dec   0x000000bc   Code   RO          619    i.I2C_DMAAbort      stm32f1xx_hal_i2c.o
    0x08001ea8   0x08001ea8   0x00000158   Code   RO          622    i.I2C_ITError       stm32f1xx_hal_i2c.o
    0x08002000   0x08002000   0x000000d2   Code   RO          624    i.I2C_MasterReceive_BTF  stm32f1xx_hal_i2c.o
    0x080020d2   0x080020d2   0x00000002   PAD
    0x080020d4   0x080020d4   0x000000e8   Code   RO          625    i.I2C_MasterReceive_RXNE  stm32f1xx_hal_i2c.o
    0x080021bc   0x080021bc   0x00000082   Code   RO          628    i.I2C_MasterTransmit_BTF  stm32f1xx_hal_i2c.o
    0x0800223e   0x0800223e   0x00000002   PAD
    0x08002240   0x08002240   0x000000b6   Code   RO          629    i.I2C_MasterTransmit_TXE  stm32f1xx_hal_i2c.o
    0x080022f6   0x080022f6   0x00000002   PAD
    0x080022f8   0x080022f8   0x00000158   Code   RO          630    i.I2C_Master_ADDR   stm32f1xx_hal_i2c.o
    0x08002450   0x08002450   0x0000008c   Code   RO          631    i.I2C_Master_SB     stm32f1xx_hal_i2c.o
    0x080024dc   0x080024dc   0x000000a0   Code   RO          632    i.I2C_MemoryTransmit_TXE_BTF  stm32f1xx_hal_i2c.o
    0x0800257c   0x0800257c   0x00000046   Code   RO          635    i.I2C_Slave_ADDR    stm32f1xx_hal_i2c.o
    0x080025c2   0x080025c2   0x00000002   PAD
    0x080025c4   0x080025c4   0x0000015c   Code   RO          637    i.I2C_Slave_STOPF   stm32f1xx_hal_i2c.o
    0x08002720   0x08002720   0x0000002e   Code   RO         4465    i.I2C_Start         aht.o
    0x0800274e   0x0800274e   0x00000002   PAD
    0x08002750   0x08002750   0x00000044   Code   RO         4466    i.Init_I2C_Sensor_Port  aht.o
    0x08002794   0x08002794   0x0000003c   Code   RO          229    i.MX_DMA_Init       dma.o
    0x080027d0   0x080027d0   0x00000080   Code   RO          205    i.MX_GPIO_Init      gpio.o
    0x08002850   0x08002850   0x00000040   Code   RO          255    i.MX_I2C1_Init      i2c.o
    0x08002890   0x08002890   0x00000038   Code   RO          491    i.MX_RT_Thread_Init  app_rt_thread.o
    0x080028c8   0x080028c8   0x00000004   Code   RO          492    i.MX_RT_Thread_Process  app_rt_thread.o
    0x080028cc   0x080028cc   0x00000068   Code   RO          297    i.MX_TIM3_Init      tim.o
    0x08002934   0x08002934   0x00000038   Code   RO          339    i.MX_USART1_UART_Init  usart.o
    0x0800296c   0x0800296c   0x00000002   Code   RO          385    i.MemManage_Handler  stm32f1xx_it.o
    0x0800296e   0x0800296e   0x00000002   Code   RO          386    i.NMI_Handler       stm32f1xx_it.o
    0x08002970   0x08002970   0x0000004c   Code   RO         4468    i.Receive_ACK       aht.o
    0x080029bc   0x080029bc   0x00000010   Code   RO         4469    i.SCL_Pin_Output_High  aht.o
    0x080029cc   0x080029cc   0x00000010   Code   RO         4470    i.SCL_Pin_Output_Low  aht.o
    0x080029dc   0x080029dc   0x0000001c   Code   RO         4471    i.SDA_Pin_IN_FLOATING  aht.o
    0x080029f8   0x080029f8   0x00000028   Code   RO         4472    i.SDA_Pin_Output_High  aht.o
    0x08002a20   0x08002a20   0x00000028   Code   RO         4473    i.SDA_Pin_Output_Low  aht.o
    0x08002a48   0x08002a48   0x00000038   Code   RO         4474    i.Send_ACK          aht.o
    0x08002a80   0x08002a80   0x00000038   Code   RO         4475    i.Send_NOT_ACK      aht.o
    0x08002ab8   0x08002ab8   0x00000014   Code   RO         4476    i.SensorDelay_us    aht.o
    0x08002acc   0x08002acc   0x00000024   Code   RO         4477    i.Stop_I2C          aht.o
    0x08002af0   0x08002af0   0x00000012   Code   RO         4145    i.SysTick_Handler   board.o
    0x08002b02   0x08002b02   0x0000005e   Code   RO           14    i.SystemClock_Config  main.o
    0x08002b60   0x08002b60   0x00000068   Code   RO         3307    i.SystemCoreClockUpdate  system_stm32f1xx.o
    0x08002bc8   0x08002bc8   0x00000002   Code   RO         3308    i.SystemInit        system_stm32f1xx.o
    0x08002bca   0x08002bca   0x00000002   PAD
    0x08002bcc   0x08002bcc   0x0000000c   Code   RO          387    i.TIM3_IRQHandler   stm32f1xx_it.o
    0x08002bd8   0x08002bd8   0x0000006c   Code   RO         2072    i.TIM_Base_SetConfig  stm32f1xx_hal_tim.o
    0x08002c44   0x08002c44   0x00000014   Code   RO         2083    i.TIM_ETR_SetConfig  stm32f1xx_hal_tim.o
    0x08002c58   0x08002c58   0x00000010   Code   RO         2084    i.TIM_ITRx_SetConfig  stm32f1xx_hal_tim.o
    0x08002c68   0x08002c68   0x00000022   Code   RO         2090    i.TIM_TI1_ConfigInputStage  stm32f1xx_hal_tim.o
    0x08002c8a   0x08002c8a   0x00000024   Code   RO         2092    i.TIM_TI2_ConfigInputStage  stm32f1xx_hal_tim.o
    0x08002cae   0x08002cae   0x00000010   Code   RO         2992    i.UART_DMAAbortOnError  stm32f1xx_hal_uart.o
    0x08002cbe   0x08002cbe   0x00000030   Code   RO         3002    i.UART_EndRxTransfer  stm32f1xx_hal_uart.o
    0x08002cee   0x08002cee   0x000000b6   Code   RO         3004    i.UART_Receive_IT   stm32f1xx_hal_uart.o
    0x08002da4   0x08002da4   0x000000b8   Code   RO         3005    i.UART_SetConfig    stm32f1xx_hal_uart.o
    0x08002e5c   0x08002e5c   0x00000064   Code   RO         3008    i.UART_WaitOnFlagUntilTimeout  stm32f1xx_hal_uart.o
    0x08002ec0   0x08002ec0   0x00000038   Code   RO          388    i.USART1_IRQHandler  stm32f1xx_it.o
    0x08002ef8   0x08002ef8   0x00000002   Code   RO          389    i.UsageFault_Handler  stm32f1xx_it.o
    0x08002efa   0x08002efa   0x00000020   Code   RO         1490    i.__NVIC_SetPriority  stm32f1xx_hal_cortex.o
    0x08002f1a   0x08002f1a   0x00000002   PAD
    0x08002f1c   0x08002f1c   0x00000044   Code   RO         3575    i.__rt_ffs          kservice.o
    0x08002f60   0x08002f60   0x0000000e   Code   RO         5356    i.__scatterload_copy  mc_w.l(handlers.o)
    0x08002f6e   0x08002f6e   0x00000002   Code   RO         5357    i.__scatterload_null  mc_w.l(handlers.o)
    0x08002f70   0x08002f70   0x0000000e   Code   RO         5358    i.__scatterload_zeroinit  mc_w.l(handlers.o)
    0x08002f7e   0x08002f7e   0x00000002   PAD
    0x08002f80   0x08002f80   0x0000009c   Code   RO         4305    i._msh_exec_cmd     msh.o
    0x0800301c   0x0800301c   0x00000080   Code   RO         3882    i._rt_thread_init   thread.o
    0x0800309c   0x0800309c   0x00000006   Code   RO         4000    i._rt_timer_remove  timer.o
    0x080030a2   0x080030a2   0x0000001c   Code   RO         3883    i._thread_cleanup_execute  thread.o
    0x080030be   0x080030be   0x00000002   PAD
    0x080030c0   0x080030c0   0x000000e8   Code   RO         4080    i.bus_fault_track   cpuport.o
    0x080031a8   0x080031a8   0x0000000a   Code   RO         4306    i.cmd_ps            msh.o
    0x080031b2   0x080031b2   0x00000002   PAD
    0x080031b4   0x080031b4   0x0000003c   Code   RO         5042    i.eMBASCIIInit      mbascii.o
    0x080031f0   0x080031f0   0x00000054   Code   RO         5043    i.eMBASCIIReceive   mbascii.o
    0x08003244   0x08003244   0x00000054   Code   RO         5044    i.eMBASCIISend      mbascii.o
    0x08003298   0x08003298   0x00000024   Code   RO         5045    i.eMBASCIIStart     mbascii.o
    0x080032bc   0x080032bc   0x0000001c   Code   RO         5046    i.eMBASCIIStop      mbascii.o
    0x080032d8   0x080032d8   0x00000020   Code   RO         4625    i.eMBEnable         mb.o
    0x080032f8   0x080032f8   0x00000072   Code   RO         4844    i.eMBFuncReadCoils  mbfunccoils.o
    0x0800336a   0x0800336a   0x00000072   Code   RO         4883    i.eMBFuncReadDiscreteInputs  mbfuncdisc.o
    0x080033dc   0x080033dc   0x0000005e   Code   RO         4907    i.eMBFuncReadHoldingRegister  mbfuncholding.o
    0x0800343a   0x0800343a   0x00000062   Code   RO         4949    i.eMBFuncReadInputRegister  mbfuncinput.o
    0x0800349c   0x0800349c   0x0000009c   Code   RO         4908    i.eMBFuncReadWriteMultipleHoldingRegister  mbfuncholding.o
    0x08003538   0x08003538   0x00000024   Code   RO         4973    i.eMBFuncReportSlaveID  mbfuncother.o
    0x0800355c   0x0800355c   0x00000056   Code   RO         4845    i.eMBFuncWriteCoil  mbfunccoils.o
    0x080035b2   0x080035b2   0x00000032   Code   RO         4909    i.eMBFuncWriteHoldingRegister  mbfuncholding.o
    0x080035e4   0x080035e4   0x00000064   Code   RO         4846    i.eMBFuncWriteMultipleCoils  mbfunccoils.o
    0x08003648   0x08003648   0x0000004e   Code   RO         4910    i.eMBFuncWriteMultipleHoldingRegister  mbfuncholding.o
    0x08003696   0x08003696   0x00000002   PAD
    0x08003698   0x08003698   0x000000c8   Code   RO         4626    i.eMBInit           mb.o
    0x08003760   0x08003760   0x000000b4   Code   RO         4627    i.eMBPoll           mb.o
    0x08003814   0x08003814   0x00000048   Code   RO         4768    i.eMBRTUInit        mbrtu.o
    0x0800385c   0x0800385c   0x0000005c   Code   RO         4769    i.eMBRTUReceive     mbrtu.o
    0x080038b8   0x080038b8   0x00000064   Code   RO         4770    i.eMBRTUSend        mbrtu.o
    0x0800391c   0x0800391c   0x00000024   Code   RO         4771    i.eMBRTUStart       mbrtu.o
    0x08003940   0x08003940   0x0000001c   Code   RO         4772    i.eMBRTUStop        mbrtu.o
    0x0800395c   0x0800395c   0x00000004   Code   RO         5127    i.eMBRegCoilsCB     demo.o
    0x08003960   0x08003960   0x00000004   Code   RO         5128    i.eMBRegDiscreteCB  demo.o
    0x08003964   0x08003964   0x00000004   Code   RO         5129    i.eMBRegHoldingCB   demo.o
    0x08003968   0x08003968   0x000000c4   Code   RO         5130    i.eMBRegInputCB     demo.o
    0x08003a2c   0x08003a2c   0x00000060   Code   RO         4369    i.finsh_get_prompt  shell.o
    0x08003a8c   0x08003a8c   0x00000014   Code   RO         4372    i.finsh_set_prompt_mode  shell.o
    0x08003aa0   0x08003aa0   0x0000000c   Code   RO         4373    i.finsh_system_function_init  shell.o
    0x08003aac   0x08003aac   0x00000078   Code   RO         4374    i.finsh_system_init  shell.o
    0x08003b24   0x08003b24   0x0000028c   Code   RO         4376    i.finsh_thread_entry  shell.o
    0x08003db0   0x08003db0   0x00000078   Code   RO         4081    i.hard_fault_track  cpuport.o
    0x08003e28   0x08003e28   0x00000020   Code   RO         4193    i.hello             cmd.o
    0x08003e48   0x08003e48   0x00000030   Code   RO          493    i.led1_task_entry   app_rt_thread.o
    0x08003e78   0x08003e78   0x00000064   Code   RO         4194    i.list              cmd.o
    0x08003edc   0x08003edc   0x00000024   Code   RO         4195    i.list_find_init    cmd.o
    0x08003f00   0x08003f00   0x00000066   Code   RO         4196    i.list_get_next     cmd.o
    0x08003f66   0x08003f66   0x00000002   PAD
    0x08003f68   0x08003f68   0x00000140   Code   RO         4197    i.list_sem          cmd.o
    0x080040a8   0x080040a8   0x000001b8   Code   RO         4198    i.list_thread       cmd.o
    0x08004260   0x08004260   0x00000140   Code   RO         4199    i.list_timer        cmd.o
    0x080043a0   0x080043a0   0x00000042   Code   RO           15    i.main              main.o
    0x080043e2   0x080043e2   0x0000000e   Code   RO         3388    i.main_thread_entry  components.o
    0x080043f0   0x080043f0   0x000000d8   Code   RO         4082    i.mem_manage_fault_track  cpuport.o
    0x080044c8   0x080044c8   0x000000ac   Code   RO         4307    i.msh_auto_complete  msh.o
    0x08004574   0x08004574   0x00000064   Code   RO         4308    i.msh_exec          msh.o
    0x080045d8   0x080045d8   0x00000078   Code   RO         4309    i.msh_help          msh.o
    0x08004650   0x08004650   0x00000004   Code   RO         4310    i.msh_is_used       msh.o
    0x08004654   0x08004654   0x000000d0   Code   RO         4311    i.msh_split         msh.o
    0x08004724   0x08004724   0x00000018   Code   RO         4200    i.object_split      cmd.o
    0x0800473c   0x0800473c   0x00000130   Code   RO         3577    i.print_number      kservice.o
    0x0800486c   0x0800486c   0x00000018   Code   RO         5006    i.prveMBError2Exception  mbutils.o
    0x08004884   0x08004884   0x0000001c   Code   RO         5047    i.prvucMBBIN2CHAR   mbascii.o
    0x080048a0   0x080048a0   0x00000018   Code   RO         5048    i.prvucMBLRC        mbascii.o
    0x080048b8   0x080048b8   0x0000000c   Code   RO         5276    i.prvvTIMERExpiredISR  porttimer.o
    0x080048c4   0x080048c4   0x0000000c   Code   RO         5212    i.prvvUARTRxISR     portserial.o
    0x080048d0   0x080048d0   0x0000000c   Code   RO         5213    i.prvvUARTTxReadyISR  portserial.o
    0x080048dc   0x080048dc   0x0000003c   Code   RO         3389    i.rt_application_init  components.o
    0x08004918   0x08004918   0x0000001c   Code   RO         3390    i.rt_components_board_init  components.o
    0x08004934   0x08004934   0x0000001c   Code   RO         3391    i.rt_components_init  components.o
    0x08004950   0x08004950   0x0000001c   Code   RO         3815    i.rt_enter_critical  scheduler.o
    0x0800496c   0x0800496c   0x00000038   Code   RO         3816    i.rt_exit_critical  scheduler.o
    0x080049a4   0x080049a4   0x00000026   Code   RO         4146    i.rt_hw_board_init  board.o
    0x080049ca   0x080049ca   0x00000002   PAD
    0x080049cc   0x080049cc   0x00000028   Code   RO         4147    i.rt_hw_console_getchar  board.o
    0x080049f4   0x080049f4   0x00000048   Code   RO         4148    i.rt_hw_console_output  board.o
    0x08004a3c   0x08004a3c   0x000001fc   Code   RO         4086    i.rt_hw_hard_fault_exception  cpuport.o
    0x08004c38   0x08004c38   0x00000038   Code   RO         4087    i.rt_hw_stack_init  cpuport.o
    0x08004c70   0x08004c70   0x0000001c   Code   RO         3548    i.rt_interrupt_enter  irq.o
    0x08004c8c   0x08004c8c   0x0000001c   Code   RO         3550    i.rt_interrupt_leave  irq.o
    0x08004ca8   0x08004ca8   0x00000020   Code   RO         3580    i.rt_kprintf        kservice.o
    0x08004cc8   0x08004cc8   0x0000000e   Code   RO         3884    i.rt_list_insert_after  thread.o
    0x08004cd6   0x08004cd6   0x0000000e   Code   RO         4001    i.rt_list_insert_after  timer.o
    0x08004ce4   0x08004ce4   0x00000012   Code   RO         4201    i.rt_list_len       cmd.o
    0x08004cf6   0x08004cf6   0x00000012   Code   RO         3885    i.rt_list_remove    thread.o
    0x08004d08   0x08004d08   0x00000012   Code   RO         4002    i.rt_list_remove    timer.o
    0x08004d1a   0x08004d1a   0x00000002   PAD
    0x08004d1c   0x08004d1c   0x00000032   Code   RO         3584    i.rt_memmove        kservice.o
    0x08004d4e   0x08004d4e   0x00000002   PAD
    0x08004d50   0x08004d50   0x00000046   Code   RO         3585    i.rt_memset         kservice.o
    0x08004d96   0x08004d96   0x00000024   Code   RO         3749    i.rt_object_detach  object.o
    0x08004dba   0x08004dba   0x00000002   PAD
    0x08004dbc   0x08004dbc   0x00000024   Code   RO         3751    i.rt_object_get_information  object.o
    0x08004de0   0x08004de0   0x00000052   Code   RO         3755    i.rt_object_init    object.o
    0x08004e32   0x08004e32   0x0000000e   Code   RO         3756    i.rt_object_is_systemobject  object.o
    0x08004e40   0x08004e40   0x00000058   Code   RO         3817    i.rt_schedule       scheduler.o
    0x08004e98   0x08004e98   0x00000050   Code   RO         3818    i.rt_schedule_insert_thread  scheduler.o
    0x08004ee8   0x08004ee8   0x00000048   Code   RO         3819    i.rt_schedule_remove_thread  scheduler.o
    0x08004f30   0x08004f30   0x00000024   Code   RO         3497    i.rt_sem_init       ipc.o
    0x08004f54   0x08004f54   0x000000b0   Code   RO         3587    i.rt_show_version   kservice.o
    0x08005004   0x08005004   0x00000010   Code   RO         3592    i.rt_strlen         kservice.o
    0x08005014   0x08005014   0x00000026   Code   RO         3594    i.rt_strncpy        kservice.o
    0x0800503a   0x0800503a   0x00000002   PAD
    0x0800503c   0x0800503c   0x00000034   Code   RO         3820    i.rt_system_scheduler_init  scheduler.o
    0x08005070   0x08005070   0x00000028   Code   RO         3821    i.rt_system_scheduler_start  scheduler.o
    0x08005098   0x08005098   0x0000000c   Code   RO         4003    i.rt_system_timer_init  timer.o
    0x080050a4   0x080050a4   0x00000002   Code   RO         4004    i.rt_system_timer_thread_init  timer.o
    0x080050a6   0x080050a6   0x00000004   Code   RO         3887    i.rt_thread_delay   thread.o
    0x080050aa   0x080050aa   0x00000002   PAD
    0x080050ac   0x080050ac   0x0000005c   Code   RO         3890    i.rt_thread_exit    thread.o
    0x08005108   0x08005108   0x00000002   Code   RO         3462    i.rt_thread_idle_entry  idle.o
    0x0800510a   0x0800510a   0x00000002   PAD
    0x0800510c   0x0800510c   0x00000038   Code   RO         3465    i.rt_thread_idle_init  idle.o
    0x08005144   0x08005144   0x00000030   Code   RO         3892    i.rt_thread_init    thread.o
    0x08005174   0x08005174   0x0000000e   Code   RO         3893    i.rt_thread_mdelay  thread.o
    0x08005182   0x08005182   0x0000003c   Code   RO         3894    i.rt_thread_resume  thread.o
    0x080051be   0x080051be   0x00000002   PAD
    0x080051c0   0x080051c0   0x0000000c   Code   RO         3895    i.rt_thread_self    thread.o
    0x080051cc   0x080051cc   0x00000040   Code   RO         3896    i.rt_thread_sleep   thread.o
    0x0800520c   0x0800520c   0x0000002c   Code   RO         3897    i.rt_thread_startup  thread.o
    0x08005238   0x08005238   0x00000042   Code   RO         3898    i.rt_thread_suspend  thread.o
    0x0800527a   0x0800527a   0x00000020   Code   RO         3899    i.rt_thread_timeout  thread.o
    0x0800529a   0x0800529a   0x00000002   PAD
    0x0800529c   0x0800529c   0x00000060   Code   RO         3900    i.rt_thread_yield   thread.o
    0x080052fc   0x080052fc   0x00000032   Code   RO         3347    i.rt_tick_from_millisecond  clock.o
    0x0800532e   0x0800532e   0x00000002   PAD
    0x08005330   0x08005330   0x0000000c   Code   RO         3348    i.rt_tick_get       clock.o
    0x0800533c   0x0800533c   0x0000002c   Code   RO         3349    i.rt_tick_increase  clock.o
    0x08005368   0x08005368   0x0000008c   Code   RO         4005    i.rt_timer_check    timer.o
    0x080053f4   0x080053f4   0x00000048   Code   RO         4006    i.rt_timer_control  timer.o
    0x0800543c   0x0800543c   0x00000028   Code   RO         4007    i.rt_timer_detach   timer.o
    0x08005464   0x08005464   0x00000030   Code   RO         4008    i.rt_timer_init     timer.o
    0x08005494   0x08005494   0x00000084   Code   RO         4010    i.rt_timer_start    timer.o
    0x08005518   0x08005518   0x0000002e   Code   RO         4011    i.rt_timer_stop     timer.o
    0x08005546   0x08005546   0x00000002   PAD
    0x08005548   0x08005548   0x00000284   Code   RO         3597    i.rt_vsnprintf      kservice.o
    0x080057cc   0x080057cc   0x00000004   Code   RO         3392    i.rti_board_end     components.o
    0x080057d0   0x080057d0   0x00000004   Code   RO         3393    i.rti_board_start   components.o
    0x080057d4   0x080057d4   0x00000004   Code   RO         3394    i.rti_end           components.o
    0x080057d8   0x080057d8   0x00000004   Code   RO         3395    i.rti_start         components.o
    0x080057dc   0x080057dc   0x0000002a   Code   RO         3396    i.rtthread_startup  components.o
    0x08005806   0x08005806   0x00000028   Code   RO         3599    i.skip_atoi         kservice.o
    0x0800582e   0x0800582e   0x00000002   PAD
    0x08005830   0x08005830   0x00000034   Code   RO         4149    i.uart_init         board.o
    0x08005864   0x08005864   0x0000002c   Code   RO         4736    i.usMBCRC16         mbcrc.o
    0x08005890   0x08005890   0x000000d0   Code   RO         4088    i.usage_fault_track  cpuport.o
    0x08005960   0x08005960   0x00000030   Code   RO         5214    i.vMBPortSerialEnable  portserial.o
    0x08005990   0x08005990   0x0000003c   Code   RO         5306    i.vMBPortTimersDisable  porttimer.o
    0x080059cc   0x080059cc   0x0000002c   Code   RO         5300    i.vMBPortTimersEnable  porttimer.o
    0x080059f8   0x080059f8   0x0000000a   Code   RO         4202    i.version           cmd.o
    0x08005a02   0x08005a02   0x00000002   PAD
    0x08005a04   0x08005a04   0x000000e4   Code   RO         5049    i.xMBASCIIReceiveFSM  mbascii.o
    0x08005ae8   0x08005ae8   0x00000030   Code   RO         5050    i.xMBASCIITimerT1SExpired  mbascii.o
    0x08005b18   0x08005b18   0x000000ac   Code   RO         5051    i.xMBASCIITransmitFSM  mbascii.o
    0x08005bc4   0x08005bc4   0x0000001c   Code   RO         5174    i.xMBPortEventGet   portevent.o
    0x08005be0   0x08005be0   0x00000010   Code   RO         5175    i.xMBPortEventInit  portevent.o
    0x08005bf0   0x08005bf0   0x00000010   Code   RO         5176    i.xMBPortEventPost  portevent.o
    0x08005c00   0x08005c00   0x0000001c   Code   RO         5215    i.xMBPortSerialGetByte  portserial.o
    0x08005c1c   0x08005c1c   0x00000004   Code   RO         5216    i.xMBPortSerialInit  portserial.o
    0x08005c20   0x08005c20   0x0000001c   Code   RO         5217    i.xMBPortSerialPutByte  portserial.o
    0x08005c3c   0x08005c3c   0x00000004   Code   RO         5277    i.xMBPortTimersInit  porttimer.o
    0x08005c40   0x08005c40   0x00000068   Code   RO         4773    i.xMBRTUReceiveFSM  mbrtu.o
    0x08005ca8   0x08005ca8   0x00000040   Code   RO         4774    i.xMBRTUTimerT35Expired  mbrtu.o
    0x08005ce8   0x08005ce8   0x0000005c   Code   RO         4775    i.xMBRTUTransmitFSM  mbrtu.o
    0x08005d44   0x08005d44   0x00000010   Data   RO         3309    .constdata          system_stm32f1xx.o
    0x08005d54   0x08005d54   0x00000008   Data   RO         3310    .constdata          system_stm32f1xx.o
    0x08005d5c   0x08005d5c   0x00000122   Data   RO         3601    .constdata          kservice.o
    0x08005e7e   0x08005e7e   0x00000200   Data   RO         4737    .constdata          mbcrc.o
    0x0800607e   0x0800607e   0x00000002   PAD
    0x08006080   0x08006080   0x00000044   Data   RO         4203    .conststring        cmd.o
    0x080060c4   0x080060c4   0x00000006   Data   RO         4204    .rodata.name        cmd.o
    0x080060ca   0x080060ca   0x00000010   Data   RO         4205    .rodata.name        cmd.o
    0x080060da   0x080060da   0x00000008   Data   RO         4206    .rodata.name        cmd.o
    0x080060e2   0x080060e2   0x00000023   Data   RO         4207    .rodata.name        cmd.o
    0x08006105   0x08006105   0x0000000e   Data   RO         4208    .rodata.name        cmd.o
    0x08006113   0x08006113   0x00000023   Data   RO         4209    .rodata.name        cmd.o
    0x08006136   0x08006136   0x0000000c   Data   RO         4210    .rodata.name        cmd.o
    0x08006142   0x08006142   0x0000000c   Data   RO         4211    .rodata.name        cmd.o
    0x0800614e   0x0800614e   0x00000012   Data   RO         4212    .rodata.name        cmd.o
    0x08006160   0x08006160   0x0000000c   Data   RO         4213    .rodata.name        cmd.o
    0x0800616c   0x0800616c   0x00000009   Data   RO         4214    .rodata.name        cmd.o
    0x08006175   0x08006175   0x00000019   Data   RO         4215    .rodata.name        cmd.o
    0x0800618e   0x0800618e   0x0000000f   Data   RO         4216    .rodata.name        cmd.o
    0x0800619d   0x0800619d   0x00000019   Data   RO         4217    .rodata.name        cmd.o
    0x080061b6   0x080061b6   0x0000000b   Data   RO         4218    .rodata.name        cmd.o
    0x080061c1   0x080061c1   0x00000015   Data   RO         4219    .rodata.name        cmd.o
    0x080061d6   0x080061d6   0x00000011   Data   RO         4220    .rodata.name        cmd.o
    0x080061e7   0x080061e7   0x00000015   Data   RO         4221    .rodata.name        cmd.o
    0x080061fc   0x080061fc   0x00000005   Data   RO         4222    .rodata.name        cmd.o
    0x08006201   0x08006201   0x0000001a   Data   RO         4223    .rodata.name        cmd.o
    0x0800621b   0x0800621b   0x0000000b   Data   RO         4312    .rodata.name        msh.o
    0x08006226   0x08006226   0x00000016   Data   RO         4313    .rodata.name        msh.o
    0x0800623c   0x0800623c   0x00000009   Data   RO         4314    .rodata.name        msh.o
    0x08006245   0x08006245   0x0000001c   Data   RO         4315    .rodata.name        msh.o
    0x08006261   0x08006261   0x00000003   PAD
    0x08006264   0x08006264   0x00000004   Data   RO         3398    .rti_fn.0           components.o
    0x08006268   0x08006268   0x00000004   Data   RO         3399    .rti_fn.0.end       components.o
    0x0800626c   0x0800626c   0x00000004   Data   RO         4151    .rti_fn.1           board.o
    0x08006270   0x08006270   0x00000004   Data   RO         3400    .rti_fn.1.end       components.o
    0x08006274   0x08006274   0x00000004   Data   RO         4379    .rti_fn.6           shell.o
    0x08006278   0x08006278   0x00000004   Data   RO         3401    .rti_fn.6.end       components.o
    0x0800627c   0x0800627c   0x00000078   Data   RO         4224    FSymTab             cmd.o
    0x080062f4   0x080062f4   0x00000018   Data   RO         4316    FSymTab             msh.o
    0x0800630c   0x0800630c   0x00000020   Data   RO         5354    Region$$Table       anon$$obj.o


    Execution Region RW_IRAM1 (Exec base: 0x20000000, Load base: 0x0800632c, Size: 0x000015b8, Max: 0x00005000, ABSOLUTE, COMPRESSED[0x00000068])

    Exec Addr    Load Addr    Size         Type   Attr      Idx    E Section Name        Object

    0x20000000   COMPRESSED   0x0000000c   Data   RW         1027    .data               stm32f1xx_hal.o
    0x2000000c   COMPRESSED   0x00000004   Data   RW         3311    .data               system_stm32f1xx.o
    0x20000010   COMPRESSED   0x00000004   Data   RW         3351    .data               clock.o
    0x20000014   COMPRESSED   0x00000001   Data   RW         3551    .data               irq.o
    0x20000015   COMPRESSED   0x00000003   PAD
    0x20000018   COMPRESSED   0x00000030   Data   RW         3758    .data               object.o
    0x20000048   COMPRESSED   0x00000014   Data   RW         3823    .data               scheduler.o
    0x2000005c   COMPRESSED   0x0000000c   Data   RW         4012    .data               timer.o
    0x20000068   COMPRESSED   0x00000004   Data   RW         4089    .data               cpuport.o
    0x2000006c   COMPRESSED   0x00000004   Data   RW         4090    .data               cpuport.o
    0x20000070   COMPRESSED   0x00000004   Data   RW         4091    .data               cpuport.o
    0x20000074   COMPRESSED   0x00000004   Data   RW         4092    .data               cpuport.o
    0x20000078   COMPRESSED   0x00000018   Data   RW         4378    .data               shell.o
    0x20000090   COMPRESSED   0x000000ac   Data   RW         4629    .data               mb.o
    0x2000013c   COMPRESSED   0x0000000c   Data   RW         4777    .data               mbrtu.o
    0x20000148   COMPRESSED   0x00000002   Data   RW         4976    .data               mbfuncother.o
    0x2000014a   COMPRESSED   0x00000002   PAD
    0x2000014c   COMPRESSED   0x00000010   Data   RW         5052    .data               mbascii.o
    0x2000015c   COMPRESSED   0x0000001c   Data   RW         5133    .data               demo.o
    0x20000178   COMPRESSED   0x00000002   Data   RW         5177    .data               portevent.o
    0x2000017a   COMPRESSED   0x00000002   PAD
    0x2000017c        -       0x000000dc   Zero   RW          256    .bss                i2c.o
    0x20000258        -       0x00000048   Zero   RW          298    .bss                tim.o
    0x200002a0        -       0x00000044   Zero   RW          340    .bss                usart.o
    0x200002e4        -       0x000000f8   Zero   RW          494    .bss                app_rt_thread.o
    0x200003dc   COMPRESSED   0x00000004   PAD
    0x200003e0        -       0x00000478   Zero   RW         3397    .bss                components.o
    0x20000858        -       0x000000f8   Zero   RW         3466    .bss                idle.o
    0x20000950        -       0x00000080   Zero   RW         3600    .bss                kservice.o
    0x200009d0        -       0x00000100   Zero   RW         3822    .bss                scheduler.o
    0x20000ad0        -       0x00000044   Zero   RW         4150    .bss                board.o
    0x20000b14        -       0x00000574   Zero   RW         4377    .bss                shell.o
    0x20001088        -       0x00000100   Zero   RW         4776    .bss                mbrtu.o
    0x20001188        -       0x00000020   Zero   RW         4975    .bss                mbfuncother.o
    0x200011a8        -       0x0000000a   Zero   RW         5132    .bss                demo.o
    0x200011b2   COMPRESSED   0x00000006   PAD
    0x200011b8        -       0x00000400   Zero   RW            1    STACK               startup_stm32f103xb.o


==============================================================================

Image component sizes


      Code (inc. data)   RO Data    RW Data    ZI Data      Debug   Object Name

      1310         40          0          0          0      11143   aht.o
       108         20          0          0        248       2004   app_rt_thread.o
       220         22          4          0         68       3746   board.o
       106         12          0          4          0       1836   clock.o
      1402        532        531          0          0      13240   cmd.o
       198         32         16          0       1144       6056   components.o
       244         28          0          0          0        808   context_rvds.o
      1340        718          0         16          0       5714   cpuport.o
       208         12          0         28         10       2803   demo.o
        60          4          0          0          0        702   dma.o
       128          8          0          0          0        883   gpio.o
       248         36          0          0        220       1695   i2c.o
        58         16          0          0        248       1720   idle.o
        36          0          0          0          0       4138   ipc.o
        56         12          0          1          0       1646   irq.o
      1438        160        290          0        128      11017   kservice.o
       164          0          0          0          0     444727   main.o
       412         68          0        172          0       8044   mb.o
       792         38          0         16          0       8251   mbascii.o
        44          4        512          0          0       1112   mbcrc.o
       300          0          0          0          0       3566   mbfunccoils.o
       114          0          0          0          0       1484   mbfuncdisc.o
       378          0          0          0          0       4935   mbfuncholding.o
        98          0          0          0          0       1483   mbfuncinput.o
        36         10          0          2         32       1275   mbfuncother.o
       588         48          0         12        256       6523   mbrtu.o
        24          0          0          0          0        580   mbutils.o
       770        162         94          0          0       7145   msh.o
       168          6          0         48          0       6296   object.o
        60         14          0          2          0       1896   portevent.o
       132         24          0          0          0       4502   portserial.o
       120         16          0          0          0       1695   porttimer.o
       416         56          0         20        256       8262   scheduler.o
       900        116          4         24       1396      10455   shell.o
        36          8        236          0       1024        772   startup_stm32f103xb.o
       112         20          0         12          0       4627   stm32f1xx_hal.o
       224         14          0          0          0      29394   stm32f1xx_hal_cortex.o
       660         36          0          0          0       3750   stm32f1xx_hal_dma.o
       500         34          0          0          0       3391   stm32f1xx_hal_gpio.o
      3320         48          0          0          0      19373   stm32f1xx_hal_i2c.o
        60          8          0          0          0        806   stm32f1xx_hal_msp.o
      1284        106          0          0          0       5412   stm32f1xx_hal_rcc.o
       884         14          0          0          0       8569   stm32f1xx_hal_tim.o
       108         12          0          0          0       2241   stm32f1xx_hal_tim_ex.o
      1530         10          0          0          0      10423   stm32f1xx_hal_uart.o
       118         30          0          0          0       4985   stm32f1xx_it.o
       106         22         24          4          0       1623   system_stm32f1xx.o
       720         44          0          0          0      12226   thread.o
       164         20          0          0         72       1534   tim.o
       530         20          0         12          0      10456   timer.o
       184         20          0          0         68       1558   usart.o

    ----------------------------------------------------------------------
     23282       2680       1748        380       5180     712522   Object Totals
         0          0         32          0          0          0   (incl. Generated)
        66          0          5          7         10          0   (incl. Padding)

    ----------------------------------------------------------------------

      Code (inc. data)   RO Data    RW Data    ZI Data      Debug   Library Member Name

        86          0          0          0          0          0   __dczerorl2.o
         0          0          0          0          0          0   entry.o
         0          0          0          0          0          0   entry10a.o
         0          0          0          0          0          0   entry11a.o
         8          4          0          0          0          0   entry2.o
         4          0          0          0          0          0   entry5.o
         0          0          0          0          0          0   entry7b.o
         0          0          0          0          0          0   entry8b.o
         8          4          0          0          0          0   entry9a.o
        30          0          0          0          0          0   handlers.o
        36          8          0          0          0         68   init.o
        36          0          0          0          0         68   memcpya.o
        36          0          0          0          0        108   memseta.o
        24          0          0          0          0         68   strcat.o
        18          0          0          0          0         68   strcpy.o
        14          0          0          0          0         68   strlen.o
        30          0          0          0          0         80   strncmp.o
        24          0          0          0          0         76   strncpy.o

    ----------------------------------------------------------------------
       358         16          0          0          0        604   Library Totals
         4          0          0          0          0          0   (incl. Padding)

    ----------------------------------------------------------------------

      Code (inc. data)   RO Data    RW Data    ZI Data      Debug   Library Name

       354         16          0          0          0        604   mc_w.l

    ----------------------------------------------------------------------
       358         16          0          0          0        604   Library Totals

    ----------------------------------------------------------------------

==============================================================================


      Code (inc. data)   RO Data    RW Data    ZI Data      Debug   

     23640       2696       1748        380       5180     699214   Grand Totals
     23640       2696       1748        104       5180     699214   ELF Image Totals (compressed)
     23640       2696       1748        104          0          0   ROM Totals

==============================================================================

    Total RO  Size (Code + RO Data)                25388 (  24.79kB)
    Total RW  Size (RW Data + ZI Data)              5560 (   5.43kB)
    Total ROM Size (Code + RO Data + RW Data)      25492 (  24.89kB)

==============================================================================

