<html>
<body>
<pre>
<h1>µVision Build Log</h1>
<h2>Tool Versions:</h2>
IDE-Version: ¦ÌVision V5.26.2.0
Copyright (C) 2018 ARM Ltd and ARM Germany GmbH. All rights reserved.
License Information:  ,  , LIC=32B1Q-NSD2W-8TW3P-MEKRT-RR77K-CJXBB
 
Tool Versions:
Toolchain:       MDK-ARM Plus  Version: 5.26.2.0
Toolchain Path:  D:\stm32_soft\stm32_keil5\ARM\ARMCC\Bin
C Compiler:      Armcc.exe V5.06 update 6 (build 750)
Assembler:       Armasm.exe V5.06 update 6 (build 750)
Linker/Locator:  ArmLink.exe V5.06 update 6 (build 750)
Library Manager: ArmAr.exe V5.06 update 6 (build 750)
Hex Converter:   FromElf.exe V5.06 update 6 (build 750)
CPU DLL:         SARMCM3.DLL V5.26.2.0
Dialog DLL:      DARMSTM.DLL V1.68.0.0
Target DLL:      STLink\ST-LINKIII-KEIL_SWO.dll V3.0.5.0
Dialog DLL:      DARMSTM.DLL V1.68.0.0
 
<h2>Project:</h2>
E:\32pros\rt_modbus\MDK-ARM\rt_modbus.uvprojx
Project File Date:  12/26/2022

<h2>Output:</h2>
*** Using Compiler 'V5.06 update 6 (build 750)', folder: 'D:\stm32_soft\stm32_keil5\ARM\ARMCC\Bin'
Rebuild target 'rt_modbus'
assembling startup_stm32f103xb.s...
compiling usart.c...
compiling gpio.c...
compiling stm32f1xx_it.c...
../Core/Src/stm32f1xx_it.c(246): warning:  #1-D: last line of file ends without a newline
  /* USER CODE END 1 */
../Core/Src/stm32f1xx_it.c: 1 warning, 0 errors
compiling stm32f1xx_hal_msp.c...
compiling dma.c...
compiling i2c.c...
compiling app_rt_thread.c...
app_rt_thread.c(40): warning:  #1-D: last line of file ends without a newline
  }
app_rt_thread.c: 1 warning, 0 errors
compiling stm32f1xx_hal_gpio_ex.c...
compiling stm32f1xx_hal.c...
compiling main.c...
compiling tim.c...
compiling stm32f1xx_hal_rcc.c...
compiling stm32f1xx_hal_i2c.c...
compiling stm32f1xx_hal_rcc_ex.c...
compiling stm32f1xx_hal_gpio.c...
compiling stm32f1xx_hal_dma.c...
compiling stm32f1xx_hal_exti.c...
compiling system_stm32f1xx.c...
compiling stm32f1xx_hal_pwr.c...
compiling clock.c...
compiling stm32f1xx_hal_flash.c...
compiling stm32f1xx_hal_cortex.c...
compiling stm32f1xx_hal_flash_ex.c...
compiling stm32f1xx_hal_uart.c...
compiling components.c...
compiling cpu.c...
compiling memheap.c...
compiling mem.c...
compiling idle.c...
compiling context_rvds.S...
compiling stm32f1xx_hal_tim.c...
compiling kservice.c...
compiling stm32f1xx_hal_tim_ex.c...
compiling ipc.c...
compiling irq.c...
compiling slab.c...
compiling cpuport.c...
compiling mempool.c...
compiling finsh_port.c...
compiling thread.c...
compiling timer.c...
compiling cmd.c...
compiling msh.c...
compiling scheduler.c...
compiling object.c...
compiling shell.c...
compiling device.c...
compiling mbfuncdiag.c...
compiling mbfuncother.c...
compiling mbfuncinput.c...
compiling AHT.c...
AHT\AHT.c(463): warning:  #550-D: variable "Byte_first"  was set but never used
  	uint8_t Byte_first,Byte_second,Byte_third;
AHT\AHT.c: 1 warning, 0 errors
compiling mb.c...
compiling mbfuncdisc.c...
compiling mbtcp.c...
compiling mbfunccoils.c...
compiling board.c...
compiling mbfuncholding.c...
compiling mbrtu.c...
modbus\modbus\rtu\mbrtu.c(152): warning:  #550-D: variable "xFrameReceived"  was set but never used
      BOOL            xFrameReceived = FALSE;
modbus\modbus\rtu\mbrtu.c: 1 warning, 0 errors
compiling mbcrc.c...
compiling mbutils.c...
compiling mbascii.c...
compiling demo.c...
modbus\demo.c(71): warning:  #186-D: pointless comparison of unsigned integer with zero
  	if( ( usAddress >= REG_INPUT_START ) && ( usAddress + usNRegs <= REG_INPUT_START + REG_INPUT_NREGS ) )
modbus\demo.c(59): warning:  #550-D: variable "iRegIndex"  was set but never used
  	int iRegIndex;
modbus\demo.c(106): warning:  #1-D: last line of file ends without a newline
  }
modbus\demo.c: 3 warnings, 0 errors
compiling portevent.c...
compiling porttimer.c...
compiling portserial.c...
linking...
Program Size: Code=23640 RO-data=1748 RW-data=380 ZI-data=5180  
FromELF: creating hex file...
"rt_modbus\rt_modbus.axf" - 0 Error(s), 7 Warning(s).

<h2>Software Packages used:</h2>

Package Vendor: ARM
                http://www.keil.com/pack/ARM.CMSIS.5.4.0.pack
                ARM.CMSIS.5.4.0
                CMSIS (Cortex Microcontroller Software Interface Standard)
   * Component: CORE Version: 5.1.2

Package Vendor: Keil
                http://www.keil.com/pack/Keil.STM32F1xx_DFP.2.1.0.pack
                Keil.STM32F1xx_DFP.2.1.0
                STMicroelectronics STM32F1 Series Device Support, Drivers and Examples

<h2>Collection of Component include folders:</h2>
  .\RTE\_rt_modbus
  D:\stm32_soft\stm32_keil5\ARM\PACK\ARM\CMSIS\5.4.0\CMSIS\Core\Include
  D:\stm32_soft\stm32_keil5\ARM\PACK\Keil\STM32F1xx_DFP\2.1.0\Device\Include

<h2>Collection of Component Files used:</h2>

   * Component: ARM::CMSIS:CORE:5.1.2
Build Time Elapsed:  00:00:16
</pre>
</body>
</html>
