Component: ARM Compiler 5.06 update 6 (build 750) Tool: armlink [4d35ed]

==============================================================================

Section Cross References

    main.o(i.main) refers to delay.o(i.delay_init) for delay_init
    main.o(i.main) refers to sys.o(i.NVIC_Configuration) for NVIC_Configuration
    main.o(i.main) refers to oled.o(i.OLED_Init) for OLED_Init
    main.o(i.main) refers to oled.o(i.OLED_Clear) for OLED_Clear
    main.o(i.main) refers to aht20-21_demo_v1_3.o(i.Init_I2C_Sensor_Port) for Init_I2C_Sensor_Port
    main.o(i.main) refers to aht20-21_demo_v1_3.o(i.Delay_1ms) for Delay_1ms
    main.o(i.main) refers to aht20-21_demo_v1_3.o(i.AHT20_Read_Status) for AHT20_Read_Status
    main.o(i.main) refers to aht20-21_demo_v1_3.o(i.AHT20_Start_Init) for AHT20_Start_Init
    main.o(i.main) refers to aht20-21_demo_v1_3.o(i.AHT20_Read_CTdata_crc) for AHT20_Read_CTdata_crc
    main.o(i.main) refers to gui.o(i.GUI_ShowCHinese) for GUI_ShowCHinese
    main.o(i.main) refers to gui.o(i.GUI_ShowChar) for GUI_ShowChar
    main.o(i.main) refers to gui.o(i.GUI_ShowNum) for GUI_ShowNum
    aht20-21_demo_v1_3.o(i.AHT20_Clock_Init) refers to stm32f10x_rcc.o(i.RCC_APB2PeriphClockCmd) for RCC_APB2PeriphClockCmd
    aht20-21_demo_v1_3.o(i.AHT20_RD_Byte) refers to aht20-21_demo_v1_3.o(i.SCL_Pin_Output_Low) for SCL_Pin_Output_Low
    aht20-21_demo_v1_3.o(i.AHT20_RD_Byte) refers to aht20-21_demo_v1_3.o(i.SDA_Pin_IN_FLOATING) for SDA_Pin_IN_FLOATING
    aht20-21_demo_v1_3.o(i.AHT20_RD_Byte) refers to aht20-21_demo_v1_3.o(i.SensorDelay_us) for SensorDelay_us
    aht20-21_demo_v1_3.o(i.AHT20_RD_Byte) refers to aht20-21_demo_v1_3.o(i.SCL_Pin_Output_High) for SCL_Pin_Output_High
    aht20-21_demo_v1_3.o(i.AHT20_RD_Byte) refers to aht20-21_demo_v1_3.o(i.Delay_5us) for Delay_5us
    aht20-21_demo_v1_3.o(i.AHT20_RD_Byte) refers to stm32f10x_gpio.o(i.GPIO_ReadInputDataBit) for GPIO_ReadInputDataBit
    aht20-21_demo_v1_3.o(i.AHT20_Read_CTdata) refers to aht20-21_demo_v1_3.o(i.AHT20_SendAC) for AHT20_SendAC
    aht20-21_demo_v1_3.o(i.AHT20_Read_CTdata) refers to aht20-21_demo_v1_3.o(i.Delay_1ms) for Delay_1ms
    aht20-21_demo_v1_3.o(i.AHT20_Read_CTdata) refers to aht20-21_demo_v1_3.o(i.SensorDelay_us) for SensorDelay_us
    aht20-21_demo_v1_3.o(i.AHT20_Read_CTdata) refers to aht20-21_demo_v1_3.o(i.AHT20_Read_Status) for AHT20_Read_Status
    aht20-21_demo_v1_3.o(i.AHT20_Read_CTdata) refers to aht20-21_demo_v1_3.o(i.I2C_Start) for I2C_Start
    aht20-21_demo_v1_3.o(i.AHT20_Read_CTdata) refers to aht20-21_demo_v1_3.o(i.AHT20_WR_Byte) for AHT20_WR_Byte
    aht20-21_demo_v1_3.o(i.AHT20_Read_CTdata) refers to aht20-21_demo_v1_3.o(i.Receive_ACK) for Receive_ACK
    aht20-21_demo_v1_3.o(i.AHT20_Read_CTdata) refers to aht20-21_demo_v1_3.o(i.AHT20_RD_Byte) for AHT20_RD_Byte
    aht20-21_demo_v1_3.o(i.AHT20_Read_CTdata) refers to aht20-21_demo_v1_3.o(i.Send_ACK) for Send_ACK
    aht20-21_demo_v1_3.o(i.AHT20_Read_CTdata) refers to aht20-21_demo_v1_3.o(i.Send_NOT_ACK) for Send_NOT_ACK
    aht20-21_demo_v1_3.o(i.AHT20_Read_CTdata) refers to aht20-21_demo_v1_3.o(i.Stop_I2C) for Stop_I2C
    aht20-21_demo_v1_3.o(i.AHT20_Read_CTdata_crc) refers to aht20-21_demo_v1_3.o(i.AHT20_SendAC) for AHT20_SendAC
    aht20-21_demo_v1_3.o(i.AHT20_Read_CTdata_crc) refers to aht20-21_demo_v1_3.o(i.Delay_1ms) for Delay_1ms
    aht20-21_demo_v1_3.o(i.AHT20_Read_CTdata_crc) refers to aht20-21_demo_v1_3.o(i.SensorDelay_us) for SensorDelay_us
    aht20-21_demo_v1_3.o(i.AHT20_Read_CTdata_crc) refers to aht20-21_demo_v1_3.o(i.AHT20_Read_Status) for AHT20_Read_Status
    aht20-21_demo_v1_3.o(i.AHT20_Read_CTdata_crc) refers to aht20-21_demo_v1_3.o(i.I2C_Start) for I2C_Start
    aht20-21_demo_v1_3.o(i.AHT20_Read_CTdata_crc) refers to aht20-21_demo_v1_3.o(i.AHT20_WR_Byte) for AHT20_WR_Byte
    aht20-21_demo_v1_3.o(i.AHT20_Read_CTdata_crc) refers to aht20-21_demo_v1_3.o(i.Receive_ACK) for Receive_ACK
    aht20-21_demo_v1_3.o(i.AHT20_Read_CTdata_crc) refers to aht20-21_demo_v1_3.o(i.AHT20_RD_Byte) for AHT20_RD_Byte
    aht20-21_demo_v1_3.o(i.AHT20_Read_CTdata_crc) refers to aht20-21_demo_v1_3.o(i.Send_ACK) for Send_ACK
    aht20-21_demo_v1_3.o(i.AHT20_Read_CTdata_crc) refers to aht20-21_demo_v1_3.o(i.Send_NOT_ACK) for Send_NOT_ACK
    aht20-21_demo_v1_3.o(i.AHT20_Read_CTdata_crc) refers to aht20-21_demo_v1_3.o(i.Stop_I2C) for Stop_I2C
    aht20-21_demo_v1_3.o(i.AHT20_Read_CTdata_crc) refers to aht20-21_demo_v1_3.o(i.Calc_CRC8) for Calc_CRC8
    aht20-21_demo_v1_3.o(i.AHT20_Read_Status) refers to aht20-21_demo_v1_3.o(i.I2C_Start) for I2C_Start
    aht20-21_demo_v1_3.o(i.AHT20_Read_Status) refers to aht20-21_demo_v1_3.o(i.AHT20_WR_Byte) for AHT20_WR_Byte
    aht20-21_demo_v1_3.o(i.AHT20_Read_Status) refers to aht20-21_demo_v1_3.o(i.Receive_ACK) for Receive_ACK
    aht20-21_demo_v1_3.o(i.AHT20_Read_Status) refers to aht20-21_demo_v1_3.o(i.AHT20_RD_Byte) for AHT20_RD_Byte
[...]
    aht20-21_demo_v1_3.o(i.AHT20_WR_Byte) refers to aht20-21_demo_v1_3.o(i.Delay_4us) for Delay_4us
    aht20-21_demo_v1_3.o(i.AHT20_WR_Byte) refers to aht20-21_demo_v1_3.o(i.SDA_Pin_Output_High) for SDA_Pin_Output_High
    aht20-21_demo_v1_3.o(i.AHT20_WR_Byte) refers to aht20-21_demo_v1_3.o(i.SDA_Pin_Output_Low) for SDA_Pin_Output_Low
    aht20-21_demo_v1_3.o(i.AHT20_WR_Byte) refers to aht20-21_demo_v1_3.o(i.SCL_Pin_Output_High) for SCL_Pin_Output_High
    aht20-21_demo_v1_3.o(i.AHT20_WR_Byte) refers to aht20-21_demo_v1_3.o(i.SensorDelay_us) for SensorDelay_us
    aht20-21_demo_v1_3.o(i.AHT20_WR_Byte) refers to aht20-21_demo_v1_3.o(i.SDA_Pin_IN_FLOATING) for SDA_Pin_IN_FLOATING
    aht20-21_demo_v1_3.o(i.Delay_1ms) refers to aht20-21_demo_v1_3.o(i.SensorDelay_us) for SensorDelay_us
    aht20-21_demo_v1_3.o(i.Delay_4us) refers to aht20-21_demo_v1_3.o(i.Delay_N10us) for Delay_N10us
    aht20-21_demo_v1_3.o(i.Delay_5us) refers to aht20-21_demo_v1_3.o(i.Delay_N10us) for Delay_N10us
    aht20-21_demo_v1_3.o(i.I2C_Start) refers to aht20-21_demo_v1_3.o(i.SDA_Pin_Output_High) for SDA_Pin_Output_High
    aht20-21_demo_v1_3.o(i.I2C_Start) refers to aht20-21_demo_v1_3.o(i.SensorDelay_us) for SensorDelay_us
    aht20-21_demo_v1_3.o(i.I2C_Start) refers to aht20-21_demo_v1_3.o(i.SCL_Pin_Output_High) for SCL_Pin_Output_High
    aht20-21_demo_v1_3.o(i.I2C_Start) refers to aht20-21_demo_v1_3.o(i.SDA_Pin_Output_Low) for SDA_Pin_Output_Low
    aht20-21_demo_v1_3.o(i.I2C_Start) refers to aht20-21_demo_v1_3.o(i.SCL_Pin_Output_Low) for SCL_Pin_Output_Low
    aht20-21_demo_v1_3.o(i.Init_I2C_Sensor_Port) refers to aht20-21_demo_v1_3.o(i.AHT20_Clock_Init) for AHT20_Clock_Init
    aht20-21_demo_v1_3.o(i.Init_I2C_Sensor_Port) refers to stm32f10x_gpio.o(i.GPIO_Init) for GPIO_Init
    aht20-21_demo_v1_3.o(i.Init_I2C_Sensor_Port) refers to stm32f10x_gpio.o(i.GPIO_SetBits) for GPIO_SetBits
    aht20-21_demo_v1_3.o(i.JH_Reset_REG) refers to aht20-21_demo_v1_3.o(i.I2C_Start) for I2C_Start
    aht20-21_demo_v1_3.o(i.JH_Reset_REG) refers to aht20-21_demo_v1_3.o(i.AHT20_WR_Byte) for AHT20_WR_Byte
    aht20-21_demo_v1_3.o(i.JH_Reset_REG) refers to aht20-21_demo_v1_3.o(i.Receive_ACK) for Receive_ACK
    aht20-21_demo_v1_3.o(i.JH_Reset_REG) refers to aht20-21_demo_v1_3.o(i.Stop_I2C) for Stop_I2C
    aht20-21_demo_v1_3.o(i.JH_Reset_REG) refers to aht20-21_demo_v1_3.o(i.Delay_1ms) for Delay_1ms
    aht20-21_demo_v1_3.o(i.JH_Reset_REG) refers to aht20-21_demo_v1_3.o(i.AHT20_RD_Byte) for AHT20_RD_Byte
    aht20-21_demo_v1_3.o(i.JH_Reset_REG) refers to aht20-21_demo_v1_3.o(i.Send_ACK) for Send_ACK
    aht20-21_demo_v1_3.o(i.JH_Reset_REG) refers to aht20-21_demo_v1_3.o(i.Send_NOT_ACK) for Send_NOT_ACK
    aht20-21_demo_v1_3.o(i.Receive_ACK) refers to aht20-21_demo_v1_3.o(i.SCL_Pin_Output_Low) for SCL_Pin_Output_Low
    aht20-21_demo_v1_3.o(i.Receive_ACK) refers to aht20-21_demo_v1_3.o(i.SDA_Pin_IN_FLOATING) for SDA_Pin_IN_FLOATING
    aht20-21_demo_v1_3.o(i.Receive_ACK) refers to aht20-21_demo_v1_3.o(i.SensorDelay_us) for SensorDelay_us
    aht20-21_demo_v1_3.o(i.Receive_ACK) refers to aht20-21_demo_v1_3.o(i.SCL_Pin_Output_High) for SCL_Pin_Output_High
    aht20-21_demo_v1_3.o(i.Receive_ACK) refers to stm32f10x_gpio.o(i.GPIO_ReadInputDataBit) for GPIO_ReadInputDataBit
    aht20-21_demo_v1_3.o(i.SCL_Pin_Output_High) refers to stm32f10x_gpio.o(i.GPIO_SetBits) for GPIO_SetBits
    aht20-21_demo_v1_3.o(i.SCL_Pin_Output_Low) refers to stm32f10x_gpio.o(i.GPIO_ResetBits) for GPIO_ResetBits
    aht20-21_demo_v1_3.o(i.SDA_Pin_IN_FLOATING) refers to stm32f10x_gpio.o(i.GPIO_Init) for GPIO_Init
    aht20-21_demo_v1_3.o(i.SDA_Pin_Output_High) refers to stm32f10x_gpio.o(i.GPIO_Init) for GPIO_Init
    aht20-21_demo_v1_3.o(i.SDA_Pin_Output_High) refers to stm32f10x_gpio.o(i.GPIO_SetBits) for GPIO_SetBits
    aht20-21_demo_v1_3.o(i.SDA_Pin_Output_Low) refers to stm32f10x_gpio.o(i.GPIO_Init) for GPIO_Init
    aht20-21_demo_v1_3.o(i.SDA_Pin_Output_Low) refers to stm32f10x_gpio.o(i.GPIO_ResetBits) for GPIO_ResetBits
    aht20-21_demo_v1_3.o(i.Send_ACK) refers to aht20-21_demo_v1_3.o(i.SCL_Pin_Output_Low) for SCL_Pin_Output_Low
    aht20-21_demo_v1_3.o(i.Send_ACK) refers to aht20-21_demo_v1_3.o(i.SensorDelay_us) for SensorDelay_us
    aht20-21_demo_v1_3.o(i.Send_ACK) refers to aht20-21_demo_v1_3.o(i.SDA_Pin_Output_Low) for SDA_Pin_Output_Low
    aht20-21_demo_v1_3.o(i.Send_ACK) refers to aht20-21_demo_v1_3.o(i.SCL_Pin_Output_High) for SCL_Pin_Output_High
    aht20-21_demo_v1_3.o(i.Send_ACK) refers to aht20-21_demo_v1_3.o(i.SDA_Pin_IN_FLOATING) for SDA_Pin_IN_FLOATING
    aht20-21_demo_v1_3.o(i.Send_NOT_ACK) refers to aht20-21_demo_v1_3.o(i.SCL_Pin_Output_Low) for SCL_Pin_Output_Low
    aht20-21_demo_v1_3.o(i.Send_NOT_ACK) refers to aht20-21_demo_v1_3.o(i.SensorDelay_us) for SensorDelay_us
    aht20-21_demo_v1_3.o(i.Send_NOT_ACK) refers to aht20-21_demo_v1_3.o(i.SDA_Pin_Output_High) for SDA_Pin_Output_High
    aht20-21_demo_v1_3.o(i.Send_NOT_ACK) refers to aht20-21_demo_v1_3.o(i.SCL_Pin_Output_High) for SCL_Pin_Output_High
    aht20-21_demo_v1_3.o(i.Send_NOT_ACK) refers to aht20-21_demo_v1_3.o(i.SDA_Pin_Output_Low) for SDA_Pin_Output_Low
    aht20-21_demo_v1_3.o(i.SensorDelay_us) refers to aht20-21_demo_v1_3.o(i.Delay_N10us) for Delay_N10us
    aht20-21_demo_v1_3.o(i.Stop_I2C) refers to aht20-21_demo_v1_3.o(i.SDA_Pin_Output_Low) for SDA_Pin_Output_Low
    aht20-21_demo_v1_3.o(i.Stop_I2C) refers to aht20-21_demo_v1_3.o(i.SensorDelay_us) for SensorDelay_us
    aht20-21_demo_v1_3.o(i.Stop_I2C) refers to aht20-21_demo_v1_3.o(i.SCL_Pin_Output_High) for SCL_Pin_Output_High
    aht20-21_demo_v1_3.o(i.Stop_I2C) refers to aht20-21_demo_v1_3.o(i.SDA_Pin_Output_High) for SDA_Pin_Output_High
    gui.o(i.GUI_DrawBMP) refers to oled.o(i.OLED_Set_Pixel) for OLED_Set_Pixel
    gui.o(i.GUI_DrawBMP) refers to oled.o(i.OLED_Display) for OLED_Display
    gui.o(i.GUI_DrawCircle) refers to gui.o(i._draw_circle_8) for _draw_circle_8
    gui.o(i.GUI_DrawCircle) refers to oled.o(i.OLED_Display) for OLED_Display
    gui.o(i.GUI_DrawLine) refers to oled.o(i.OLED_Set_Pixel) for OLED_Set_Pixel
    gui.o(i.GUI_DrawLine) refers to oled.o(i.OLED_Display) for OLED_Display
    gui.o(i.GUI_DrawPoint) refers to oled.o(i.OLED_Set_Pixel) for OLED_Set_Pixel
    gui.o(i.GUI_DrawPoint) refers to oled.o(i.OLED_Display) for OLED_Display
    gui.o(i.GUI_DrawRectangle) refers to gui.o(i.GUI_DrawLine) for GUI_DrawLine
    gui.o(i.GUI_DrawTriangel) refers to gui.o(i.GUI_DrawLine) for GUI_DrawLine
    gui.o(i.GUI_Fill) refers to oled.o(i.OLED_Set_Pixel) for OLED_Set_Pixel
    gui.o(i.GUI_Fill) refers to oled.o(i.OLED_Display) for OLED_Display
    gui.o(i.GUI_FillCircle) refers to gui.o(i._draw_circle_8) for _draw_circle_8
    gui.o(i.GUI_FillCircle) refers to oled.o(i.OLED_Display) for OLED_Display
    gui.o(i.GUI_FillRectangle) refers to gui.o(i.GUI_Fill) for GUI_Fill
    gui.o(i.GUI_FillTriangel) refers to gui.o(i._swap) for _swap
    gui.o(i.GUI_FillTriangel) refers to gui.o(i._draw_h_line) for _draw_h_line
    gui.o(i.GUI_FillTriangel) refers to oled.o(i.OLED_Display) for OLED_Display
    gui.o(i.GUI_ShowCHinese) refers to gui.o(i.GUI_ShowFont16) for GUI_ShowFont16
    gui.o(i.GUI_ShowCHinese) refers to gui.o(i.GUI_ShowFont24) for GUI_ShowFont24
    gui.o(i.GUI_ShowCHinese) refers to gui.o(i.GUI_ShowFont32) for GUI_ShowFont32
    gui.o(i.GUI_ShowChar) refers to oled.o(i.OLED_Set_Pixel) for OLED_Set_Pixel
    gui.o(i.GUI_ShowChar) refers to oled.o(i.OLED_Display) for OLED_Display
    gui.o(i.GUI_ShowChar) refers to gui.o(.constdata) for F8X16
    gui.o(i.GUI_ShowFont16) refers to oled.o(i.OLED_Set_Pixel) for OLED_Set_Pixel
    gui.o(i.GUI_ShowFont16) refers to oled.o(i.OLED_Display) for OLED_Display
    gui.o(i.GUI_ShowFont16) refers to gui.o(.constdata) for cfont16
    gui.o(i.GUI_ShowFont24) refers to oled.o(i.OLED_Set_Pixel) for OLED_Set_Pixel
    gui.o(i.GUI_ShowFont24) refers to oled.o(i.OLED_Display) for OLED_Display
    gui.o(i.GUI_ShowFont24) refers to gui.o(.constdata) for cfont24
    gui.o(i.GUI_ShowFont32) refers to oled.o(i.OLED_Set_Pixel) for OLED_Set_Pixel
    gui.o(i.GUI_ShowFont32) refers to oled.o(i.OLED_Display) for OLED_Display
    gui.o(i.GUI_ShowFont32) refers to gui.o(.constdata) for cfont32
    gui.o(i.GUI_ShowNum) refers to gui.o(i.mypow) for mypow
    gui.o(i.GUI_ShowNum) refers to gui.o(i.GUI_ShowChar) for GUI_ShowChar
    gui.o(i.GUI_ShowString) refers to gui.o(i.GUI_ShowChar) for GUI_ShowChar
    gui.o(i._draw_circle_8) refers to oled.o(i.OLED_Set_Pixel) for OLED_Set_Pixel
    gui.o(i._draw_h_line) refers to oled.o(i.OLED_Set_Pixel) for OLED_Set_Pixel
    oled.o(i.OLED_Clear) refers to memseta.o(.text) for __aeabi_memset
    oled.o(i.OLED_Clear) refers to oled.o(i.OLED_Display) for OLED_Display
    oled.o(i.OLED_Clear) refers to oled.o(.bss) for OLED_buffer
    oled.o(i.OLED_Display) refers to oled.o(i.OLED_WR_Byte) for OLED_WR_Byte
    oled.o(i.OLED_Display) refers to oled.o(.bss) for OLED_buffer
    oled.o(i.OLED_Display_Off) refers to oled.o(i.OLED_WR_Byte) for OLED_WR_Byte
    oled.o(i.OLED_Display_On) refers to oled.o(i.OLED_WR_Byte) for OLED_WR_Byte
    oled.o(i.OLED_Init) refers to spi.o(i.SPI2_Init) for SPI2_Init
    oled.o(i.OLED_Init) refers to oled.o(i.OLED_Init_GPIO) for OLED_Init_GPIO
    oled.o(i.OLED_Init) refers to delay.o(i.delay_ms) for delay_ms
    oled.o(i.OLED_Init) refers to oled.o(i.OLED_Reset) for OLED_Reset
    oled.o(i.OLED_Init) refers to oled.o(i.OLED_WR_Byte) for OLED_WR_Byte
    oled.o(i.OLED_Init_GPIO) refers to stm32f10x_rcc.o(i.RCC_APB2PeriphClockCmd) for RCC_APB2PeriphClockCmd
    oled.o(i.OLED_Init_GPIO) refers to stm32f10x_gpio.o(i.GPIO_Init) for GPIO_Init
    oled.o(i.OLED_Init_GPIO) refers to stm32f10x_gpio.o(i.GPIO_SetBits) for GPIO_SetBits
    oled.o(i.OLED_Reset) refers to stm32f10x_gpio.o(i.GPIO_SetBits) for GPIO_SetBits
    oled.o(i.OLED_Reset) refers to delay.o(i.delay_ms) for delay_ms
    oled.o(i.OLED_Reset) refers to stm32f10x_gpio.o(i.GPIO_ResetBits) for GPIO_ResetBits
    oled.o(i.OLED_Set_Pixel) refers to oled.o(.bss) for OLED_buffer
    oled.o(i.OLED_Set_Pos) refers to oled.o(i.OLED_WR_Byte) for OLED_WR_Byte
    oled.o(i.OLED_WR_Byte) refers to stm32f10x_gpio.o(i.GPIO_SetBits) for GPIO_SetBits
    oled.o(i.OLED_WR_Byte) refers to stm32f10x_gpio.o(i.GPIO_ResetBits) for GPIO_ResetBits
    oled.o(i.OLED_WR_Byte) refers to spi.o(i.SPI_WriteByte) for SPI_WriteByte
    spi.o(i.SPI2_Init) refers to stm32f10x_rcc.o(i.RCC_APB2PeriphClockCmd) for RCC_APB2PeriphClockCmd
    spi.o(i.SPI2_Init) refers to stm32f10x_gpio.o(i.GPIO_Init) for GPIO_Init
    spi.o(i.SPI2_Init) refers to stm32f10x_rcc.o(i.RCC_APB1PeriphClockCmd) for RCC_APB1PeriphClockCmd
    spi.o(i.SPI2_Init) refers to stm32f10x_spi.o(i.SPI_Init) for SPI_Init
    spi.o(i.SPI2_Init) refers to stm32f10x_spi.o(i.SPI_Cmd) for SPI_Cmd
    delay.o(i.delay_init) refers to misc.o(i.SysTick_CLKSourceConfig) for SysTick_CLKSourceConfig
    delay.o(i.delay_init) refers to system_stm32f10x.o(.data) for SystemCoreClock
    delay.o(i.delay_init) refers to delay.o(.data) for fac_us
    delay.o(i.delay_ms) refers to delay.o(.data) for fac_ms
    delay.o(i.delay_us) refers to delay.o(.data) for fac_us
    sys.o(i.NVIC_Configuration) refers to misc.o(i.NVIC_PriorityGroupConfig) for NVIC_PriorityGroupConfig
    system_stm32f10x.o(i.SetSysClock) refers to system_stm32f10x.o(i.SetSysClockTo72) for SetSysClockTo72
    system_stm32f10x.o(i.SystemCoreClockUpdate) refers to system_stm32f10x.o(.data) for SystemCoreClock
    system_stm32f10x.o(i.SystemInit) refers to system_stm32f10x.o(i.SetSysClock) for SetSysClock
    stm32f10x_adc.o(i.ADC_DeInit) refers to stm32f10x_rcc.o(i.RCC_APB2PeriphResetCmd) for RCC_APB2PeriphResetCmd
    stm32f10x_bkp.o(i.BKP_DeInit) refers to stm32f10x_rcc.o(i.RCC_BackupResetCmd) for RCC_BackupResetCmd
    stm32f10x_can.o(i.CAN_DeInit) refers to stm32f10x_rcc.o(i.RCC_APB1PeriphResetCmd) for RCC_APB1PeriphResetCmd
    stm32f10x_can.o(i.CAN_GetITStatus) refers to stm32f10x_can.o(i.CheckITStatus) for CheckITStatus
    stm32f10x_cec.o(i.CEC_DeInit) refers to stm32f10x_rcc.o(i.RCC_APB1PeriphResetCmd) for RCC_APB1PeriphResetCmd
    stm32f10x_dac.o(i.DAC_DeInit) refers to stm32f10x_rcc.o(i.RCC_APB1PeriphResetCmd) for RCC_APB1PeriphResetCmd
    stm32f10x_flash.o(i.FLASH_EnableWriteProtection) refers to stm32f10x_flash.o(i.FLASH_WaitForLastOperation) for FLASH_WaitForLastOperation
    stm32f10x_flash.o(i.FLASH_EraseAllBank1Pages) refers to stm32f10x_flash.o(i.FLASH_WaitForLastBank1Operation) for FLASH_WaitForLastBank1Operation
    stm32f10x_flash.o(i.FLASH_EraseAllPages) refers to stm32f10x_flash.o(i.FLASH_WaitForLastOperation) for FLASH_WaitForLastOperation
    stm32f10x_flash.o(i.FLASH_EraseOptionBytes) refers to stm32f10x_flash.o(i.FLASH_GetReadOutProtectionStatus) for FLASH_GetReadOutProtectionStatus
    stm32f10x_flash.o(i.FLASH_EraseOptionBytes) refers to stm32f10x_flash.o(i.FLASH_WaitForLastOperation) for FLASH_WaitForLastOperation
    stm32f10x_flash.o(i.FLASH_ErasePage) refers to stm32f10x_flash.o(i.FLASH_WaitForLastOperation) for FLASH_WaitForLastOperation
    stm32f10x_flash.o(i.FLASH_ProgramHalfWord) refers to stm32f10x_flash.o(i.FLASH_WaitForLastOperation) for FLASH_WaitForLastOperation
    stm32f10x_flash.o(i.FLASH_ProgramOptionByteData) refers to stm32f10x_flash.o(i.FLASH_WaitForLastOperation) for FLASH_WaitForLastOperation
    stm32f10x_flash.o(i.FLASH_ProgramWord) refers to stm32f10x_flash.o(i.FLASH_WaitForLastOperation) for FLASH_WaitForLastOperation
    stm32f10x_flash.o(i.FLASH_ReadOutProtection) refers to stm32f10x_flash.o(i.FLASH_WaitForLastOperation) for FLASH_WaitForLastOperation
    stm32f10x_flash.o(i.FLASH_UserOptionByteConfig) refers to stm32f10x_flash.o(i.FLASH_WaitForLastOperation) for FLASH_WaitForLastOperation
    stm32f10x_flash.o(i.FLASH_WaitForLastBank1Operation) refers to stm32f10x_flash.o(i.FLASH_GetBank1Status) for FLASH_GetBank1Status
    stm32f10x_flash.o(i.FLASH_WaitForLastOperation) refers to stm32f10x_flash.o(i.FLASH_GetBank1Status) for FLASH_GetBank1Status
    stm32f10x_gpio.o(i.GPIO_AFIODeInit) refers to stm32f10x_rcc.o(i.RCC_APB2PeriphResetCmd) for RCC_APB2PeriphResetCmd
    stm32f10x_gpio.o(i.GPIO_DeInit) refers to stm32f10x_rcc.o(i.RCC_APB2PeriphResetCmd) for RCC_APB2PeriphResetCmd
    stm32f10x_i2c.o(i.I2C_DeInit) refers to stm32f10x_rcc.o(i.RCC_APB1PeriphResetCmd) for RCC_APB1PeriphResetCmd
    stm32f10x_i2c.o(i.I2C_Init) refers to stm32f10x_rcc.o(i.RCC_GetClocksFreq) for RCC_GetClocksFreq
    stm32f10x_pwr.o(i.PWR_DeInit) refers to stm32f10x_rcc.o(i.RCC_APB1PeriphResetCmd) for RCC_APB1PeriphResetCmd
    stm32f10x_rcc.o(i.RCC_GetClocksFreq) refers to stm32f10x_rcc.o(.data) for APBAHBPrescTable
    stm32f10x_rcc.o(i.RCC_WaitForHSEStartUp) refers to stm32f10x_rcc.o(i.RCC_GetFlagStatus) for RCC_GetFlagStatus
    stm32f10x_rtc.o(i.RTC_SetAlarm) refers to stm32f10x_rtc.o(i.RTC_EnterConfigMode) for RTC_EnterConfigMode
    stm32f10x_rtc.o(i.RTC_SetAlarm) refers to stm32f10x_rtc.o(i.RTC_ExitConfigMode) for RTC_ExitConfigMode
    stm32f10x_rtc.o(i.RTC_SetCounter) refers to stm32f10x_rtc.o(i.RTC_EnterConfigMode) for RTC_EnterConfigMode
    stm32f10x_rtc.o(i.RTC_SetCounter) refers to stm32f10x_rtc.o(i.RTC_ExitConfigMode) for RTC_ExitConfigMode
    stm32f10x_rtc.o(i.RTC_SetPrescaler) refers to stm32f10x_rtc.o(i.RTC_EnterConfigMode) for RTC_EnterConfigMode
    stm32f10x_rtc.o(i.RTC_SetPrescaler) refers to stm32f10x_rtc.o(i.RTC_ExitConfigMode) for RTC_ExitConfigMode
    stm32f10x_spi.o(i.I2S_Init) refers to stm32f10x_rcc.o(i.RCC_GetClocksFreq) for RCC_GetClocksFreq
    stm32f10x_spi.o(i.SPI_I2S_DeInit) refers to stm32f10x_rcc.o(i.RCC_APB2PeriphResetCmd) for RCC_APB2PeriphResetCmd
    stm32f10x_spi.o(i.SPI_I2S_DeInit) refers to stm32f10x_rcc.o(i.RCC_APB1PeriphResetCmd) for RCC_APB1PeriphResetCmd
    stm32f10x_tim.o(i.TIM_DeInit) refers to stm32f10x_rcc.o(i.RCC_APB2PeriphResetCmd) for RCC_APB2PeriphResetCmd
    stm32f10x_tim.o(i.TIM_DeInit) refers to stm32f10x_rcc.o(i.RCC_APB1PeriphResetCmd) for RCC_APB1PeriphResetCmd
    stm32f10x_tim.o(i.TIM_ETRClockMode1Config) refers to stm32f10x_tim.o(i.TIM_ETRConfig) for TIM_ETRConfig
    stm32f10x_tim.o(i.TIM_ETRClockMode2Config) refers to stm32f10x_tim.o(i.TIM_ETRConfig) for TIM_ETRConfig
    stm32f10x_tim.o(i.TIM_ICInit) refers to stm32f10x_tim.o(i.TI1_Config) for TI1_Config
    stm32f10x_tim.o(i.TIM_ICInit) refers to stm32f10x_tim.o(i.TIM_SetIC1Prescaler) for TIM_SetIC1Prescaler
    stm32f10x_tim.o(i.TIM_ICInit) refers to stm32f10x_tim.o(i.TI2_Config) for TI2_Config
    stm32f10x_tim.o(i.TIM_ICInit) refers to stm32f10x_tim.o(i.TIM_SetIC2Prescaler) for TIM_SetIC2Prescaler
    stm32f10x_tim.o(i.TIM_ICInit) refers to stm32f10x_tim.o(i.TI3_Config) for TI3_Config
    stm32f10x_tim.o(i.TIM_ICInit) refers to stm32f10x_tim.o(i.TIM_SetIC3Prescaler) for TIM_SetIC3Prescaler
    stm32f10x_tim.o(i.TIM_ICInit) refers to stm32f10x_tim.o(i.TI4_Config) for TI4_Config
    stm32f10x_tim.o(i.TIM_ICInit) refers to stm32f10x_tim.o(i.TIM_SetIC4Prescaler) for TIM_SetIC4Prescaler
    stm32f10x_tim.o(i.TIM_ITRxExternalClockConfig) refers to stm32f10x_tim.o(i.TIM_SelectInputTrigger) for TIM_SelectInputTrigger
    stm32f10x_tim.o(i.TIM_PWMIConfig) refers to stm32f10x_tim.o(i.TI1_Config) for TI1_Config
    stm32f10x_tim.o(i.TIM_PWMIConfig) refers to stm32f10x_tim.o(i.TIM_SetIC1Prescaler) for TIM_SetIC1Prescaler
    stm32f10x_tim.o(i.TIM_PWMIConfig) refers to stm32f10x_tim.o(i.TI2_Config) for TI2_Config
    stm32f10x_tim.o(i.TIM_PWMIConfig) refers to stm32f10x_tim.o(i.TIM_SetIC2Prescaler) for TIM_SetIC2Prescaler
    stm32f10x_tim.o(i.TIM_TIxExternalClockConfig) refers to stm32f10x_tim.o(i.TI2_Config) for TI2_Config
    stm32f10x_tim.o(i.TIM_TIxExternalClockConfig) refers to stm32f10x_tim.o(i.TI1_Config) for TI1_Config
    stm32f10x_tim.o(i.TIM_TIxExternalClockConfig) refers to stm32f10x_tim.o(i.TIM_SelectInputTrigger) for TIM_SelectInputTrigger
    stm32f10x_usart.o(i.USART_DeInit) refers to stm32f10x_rcc.o(i.RCC_APB2PeriphResetCmd) for RCC_APB2PeriphResetCmd
    stm32f10x_usart.o(i.USART_DeInit) refers to stm32f10x_rcc.o(i.RCC_APB1PeriphResetCmd) for RCC_APB1PeriphResetCmd
    stm32f10x_usart.o(i.USART_Init) refers to stm32f10x_rcc.o(i.RCC_GetClocksFreq) for RCC_GetClocksFreq
    stm32f10x_wwdg.o(i.WWDG_DeInit) refers to stm32f10x_rcc.o(i.RCC_APB1PeriphResetCmd) for RCC_APB1PeriphResetCmd
    startup_stm32f10x_md.o(RESET) refers to startup_stm32f10x_md.o(STACK) for __initial_sp
    startup_stm32f10x_md.o(RESET) refers to startup_stm32f10x_md.o(.text) for Reset_Handler
    startup_stm32f10x_md.o(.text) refers to system_stm32f10x.o(i.SystemInit) for SystemInit
    startup_stm32f10x_md.o(.text) refers to entry.o(.ARM.Collect$$$$00000000) for __main
    entry.o(.ARM.Collect$$$$00000000) refers (Special) to entry10a.o(.ARM.Collect$$$$0000000D) for __rt_final_cpp
    entry.o(.ARM.Collect$$$$00000000) refers (Special) to entry11a.o(.ARM.Collect$$$$0000000F) for __rt_final_exit
    entry.o(.ARM.Collect$$$$00000000) refers (Special) to entry7b.o(.ARM.Collect$$$$00000008) for _main_clock
    entry.o(.ARM.Collect$$$$00000000) refers (Special) to entry8b.o(.ARM.Collect$$$$0000000A) for _main_cpp_init
    entry.o(.ARM.Collect$$$$00000000) refers (Special) to entry9a.o(.ARM.Collect$$$$0000000B) for _main_init
    entry.o(.ARM.Collect$$$$00000000) refers (Special) to entry5.o(.ARM.Collect$$$$00000004) for _main_scatterload
    entry.o(.ARM.Collect$$$$00000000) refers (Special) to entry2.o(.ARM.Collect$$$$00000001) for _main_stk
    entry2.o(.ARM.Collect$$$$00000001) refers to entry2.o(.ARM.Collect$$$$00002712) for __lit__00000000
    entry2.o(.ARM.Collect$$$$00002712) refers to startup_stm32f10x_md.o(STACK) for __initial_sp
    entry2.o(__vectab_stack_and_reset_area) refers to startup_stm32f10x_md.o(STACK) for __initial_sp
    entry2.o(__vectab_stack_and_reset_area) refers to entry.o(.ARM.Collect$$$$00000000) for __main
    entry5.o(.ARM.Collect$$$$00000004) refers to init.o(.text) for __scatterload
    entry9a.o(.ARM.Collect$$$$0000000B) refers to main.o(i.main) for main
    entry9b.o(.ARM.Collect$$$$0000000C) refers to main.o(i.main) for main
    init.o(.text) refers to entry5.o(.ARM.Collect$$$$00000004) for __main_after_scatterload


==============================================================================

Removing Unused input sections from the image.

    Removing aht20-21_demo_v1_3.o(i.AHT20_Read_CTdata), (210 bytes).
    Removing gui.o(i.GUI_DrawBMP), (172 bytes).
    Removing gui.o(i.GUI_DrawCircle), (82 bytes).
    Removing gui.o(i.GUI_DrawLine), (176 bytes).
    Removing gui.o(i.GUI_DrawPoint), (24 bytes).
    Removing gui.o(i.GUI_DrawRectangle), (74 bytes).
    Removing gui.o(i.GUI_DrawTriangel), (64 bytes).
    Removing gui.o(i.GUI_Fill), (78 bytes).
    Removing gui.o(i.GUI_FillCircle), (96 bytes).
    Removing gui.o(i.GUI_FillRectangle), (36 bytes).
    Removing gui.o(i.GUI_FillTriangel), (508 bytes).
    Removing gui.o(i.GUI_ShowString), (110 bytes).
    Removing gui.o(i._draw_circle_8), (132 bytes).
    Removing gui.o(i._draw_h_line), (40 bytes).
    Removing gui.o(i._swap), (10 bytes).
    Removing oled.o(i.OLED_Display_Off), (28 bytes).
    Removing oled.o(i.OLED_Display_On), (28 bytes).
    Removing oled.o(i.OLED_Set_Pos), (56 bytes).
    Removing spi.o(i.SPI_SetSpeed), (38 bytes).
    Removing delay.o(i.delay_us), (76 bytes).
    Removing core_cm3.o(.emb_text), (32 bytes).
    Removing system_stm32f10x.o(i.SystemCoreClockUpdate), (164 bytes).
    Removing misc.o(i.NVIC_Init), (112 bytes).
    Removing misc.o(i.NVIC_SetVectorTable), (20 bytes).
    Removing misc.o(i.NVIC_SystemLPConfig), (32 bytes).
    Removing stm32f10x_adc.o(i.ADC_AnalogWatchdogCmd), (20 bytes).
    Removing stm32f10x_adc.o(i.ADC_AnalogWatchdogSingleChannelConfig), (16 bytes).
    Removing stm32f10x_adc.o(i.ADC_AnalogWatchdogThresholdsConfig), (6 bytes).
    Removing stm32f10x_adc.o(i.ADC_AutoInjectedConvCmd), (22 bytes).
    Removing stm32f10x_adc.o(i.ADC_ClearFlag), (6 bytes).
    Removing stm32f10x_adc.o(i.ADC_ClearITPendingBit), (10 bytes).
    Removing stm32f10x_adc.o(i.ADC_Cmd), (22 bytes).
    Removing stm32f10x_adc.o(i.ADC_DMACmd), (22 bytes).
    Removing stm32f10x_adc.o(i.ADC_DeInit), (92 bytes).
    Removing stm32f10x_adc.o(i.ADC_DiscModeChannelCountConfig), (24 bytes).
    Removing stm32f10x_adc.o(i.ADC_DiscModeCmd), (22 bytes).
    Removing stm32f10x_adc.o(i.ADC_ExternalTrigConvCmd), (22 bytes).
    Removing stm32f10x_adc.o(i.ADC_ExternalTrigInjectedConvCmd), (22 bytes).
    Removing stm32f10x_adc.o(i.ADC_ExternalTrigInjectedConvConfig), (16 bytes).
    Removing stm32f10x_adc.o(i.ADC_GetCalibrationStatus), (20 bytes).
    Removing stm32f10x_adc.o(i.ADC_GetConversionValue), (8 bytes).
    Removing stm32f10x_adc.o(i.ADC_GetDualModeConversionValue), (12 bytes).
    Removing stm32f10x_adc.o(i.ADC_GetFlagStatus), (18 bytes).
    Removing stm32f10x_adc.o(i.ADC_GetITStatus), (36 bytes).
    Removing stm32f10x_adc.o(i.ADC_GetInjectedConversionValue), (28 bytes).
    Removing stm32f10x_adc.o(i.ADC_GetResetCalibrationStatus), (20 bytes).
    Removing stm32f10x_adc.o(i.ADC_GetSoftwareStartConvStatus), (20 bytes).
    Removing stm32f10x_adc.o(i.ADC_GetSoftwareStartInjectedConvCmdStatus), (20 bytes).
    Removing stm32f10x_adc.o(i.ADC_ITConfig), (24 bytes).
    Removing stm32f10x_adc.o(i.ADC_Init), (80 bytes).
    Removing stm32f10x_adc.o(i.ADC_InjectedChannelConfig), (130 bytes).
    Removing stm32f10x_adc.o(i.ADC_InjectedDiscModeCmd), (22 bytes).
    Removing stm32f10x_adc.o(i.ADC_InjectedSequencerLengthConfig), (24 bytes).
    Removing stm32f10x_adc.o(i.ADC_RegularChannelConfig), (184 bytes).
    Removing stm32f10x_adc.o(i.ADC_ResetCalibration), (10 bytes).
    Removing stm32f10x_adc.o(i.ADC_SetInjectedOffset), (20 bytes).
    Removing stm32f10x_adc.o(i.ADC_SoftwareStartConvCmd), (22 bytes).
    Removing stm32f10x_adc.o(i.ADC_SoftwareStartInjectedConvCmd), (22 bytes).
    Removing stm32f10x_adc.o(i.ADC_StartCalibration), (10 bytes).
    Removing stm32f10x_adc.o(i.ADC_StructInit), (18 bytes).
    Removing stm32f10x_adc.o(i.ADC_TempSensorVrefintCmd), (36 bytes).
    Removing stm32f10x_bkp.o(i.BKP_ClearFlag), (20 bytes).
    Removing stm32f10x_bkp.o(i.BKP_ClearITPendingBit), (20 bytes).
    Removing stm32f10x_bkp.o(i.BKP_DeInit), (16 bytes).
    Removing stm32f10x_bkp.o(i.BKP_GetFlagStatus), (12 bytes).
    Removing stm32f10x_bkp.o(i.BKP_GetITStatus), (12 bytes).
    Removing stm32f10x_bkp.o(i.BKP_ITConfig), (12 bytes).
    Removing stm32f10x_bkp.o(i.BKP_RTCOutputConfig), (28 bytes).
    Removing stm32f10x_bkp.o(i.BKP_ReadBackupRegister), (28 bytes).
    Removing stm32f10x_bkp.o(i.BKP_SetRTCCalibrationValue), (28 bytes).
    Removing stm32f10x_bkp.o(i.BKP_TamperPinCmd), (12 bytes).
    Removing stm32f10x_bkp.o(i.BKP_TamperPinLevelConfig), (12 bytes).
    Removing stm32f10x_bkp.o(i.BKP_WriteBackupRegister), (28 bytes).
    Removing stm32f10x_can.o(i.CAN_CancelTransmit), (48 bytes).
    Removing stm32f10x_can.o(i.CAN_ClearFlag), (56 bytes).
    Removing stm32f10x_can.o(i.CAN_ClearITPendingBit), (168 bytes).
    Removing stm32f10x_can.o(i.CAN_DBGFreeze), (22 bytes).
    Removing stm32f10x_can.o(i.CAN_DeInit), (56 bytes).
    Removing stm32f10x_can.o(i.CAN_FIFORelease), (22 bytes).
    Removing stm32f10x_can.o(i.CAN_FilterInit), (264 bytes).
    Removing stm32f10x_can.o(i.CAN_GetFlagStatus), (120 bytes).
    Removing stm32f10x_can.o(i.CAN_GetITStatus), (288 bytes).
    Removing stm32f10x_can.o(i.CAN_GetLSBTransmitErrorCounter), (12 bytes).
    Removing stm32f10x_can.o(i.CAN_GetLastErrorCode), (12 bytes).
    Removing stm32f10x_can.o(i.CAN_GetReceiveErrorCounter), (10 bytes).
    Removing stm32f10x_can.o(i.CAN_ITConfig), (18 bytes).
    Removing stm32f10x_can.o(i.CAN_Init), (276 bytes).
    Removing stm32f10x_can.o(i.CAN_MessagePending), (30 bytes).
    Removing stm32f10x_can.o(i.CAN_OperatingModeRequest), (162 bytes).
    Removing stm32f10x_can.o(i.CAN_Receive), (240 bytes).
    Removing stm32f10x_can.o(i.CAN_SlaveStartBank), (52 bytes).
    Removing stm32f10x_can.o(i.CAN_Sleep), (30 bytes).
    Removing stm32f10x_can.o(i.CAN_StructInit), (32 bytes).
    Removing stm32f10x_can.o(i.CAN_TTComModeCmd), (118 bytes).
    Removing stm32f10x_can.o(i.CAN_Transmit), (294 bytes).
    Removing stm32f10x_can.o(i.CAN_TransmitStatus), (160 bytes).
    Removing stm32f10x_can.o(i.CAN_WakeUp), (48 bytes).
    Removing stm32f10x_can.o(i.CheckITStatus), (18 bytes).
    Removing stm32f10x_cec.o(i.CEC_ClearFlag), (36 bytes).
    Removing stm32f10x_cec.o(i.CEC_ClearITPendingBit), (36 bytes).
    Removing stm32f10x_cec.o(i.CEC_Cmd), (32 bytes).
    Removing stm32f10x_cec.o(i.CEC_DeInit), (22 bytes).
    Removing stm32f10x_cec.o(i.CEC_EndOfMessageCmd), (12 bytes).
    Removing stm32f10x_cec.o(i.CEC_GetFlagStatus), (48 bytes).
    Removing stm32f10x_cec.o(i.CEC_GetITStatus), (40 bytes).
    Removing stm32f10x_cec.o(i.CEC_ITConfig), (12 bytes).
    Removing stm32f10x_cec.o(i.CEC_Init), (32 bytes).
    Removing stm32f10x_cec.o(i.CEC_OwnAddressConfig), (12 bytes).
    Removing stm32f10x_cec.o(i.CEC_ReceiveDataByte), (12 bytes).
    Removing stm32f10x_cec.o(i.CEC_SendDataByte), (12 bytes).
    Removing stm32f10x_cec.o(i.CEC_SetPrescaler), (12 bytes).
    Removing stm32f10x_cec.o(i.CEC_StartOfMessage), (12 bytes).
    Removing stm32f10x_crc.o(i.CRC_CalcBlockCRC), (36 bytes).
    Removing stm32f10x_crc.o(i.CRC_CalcCRC), (16 bytes).
    Removing stm32f10x_crc.o(i.CRC_GetCRC), (12 bytes).
    Removing stm32f10x_crc.o(i.CRC_GetIDRegister), (12 bytes).
    Removing stm32f10x_crc.o(i.CRC_ResetDR), (12 bytes).
    Removing stm32f10x_crc.o(i.CRC_SetIDRegister), (12 bytes).
    Removing stm32f10x_dac.o(i.DAC_Cmd), (40 bytes).
    Removing stm32f10x_dac.o(i.DAC_DMACmd), (44 bytes).
    Removing stm32f10x_dac.o(i.DAC_DeInit), (22 bytes).
    Removing stm32f10x_dac.o(i.DAC_DualSoftwareTriggerCmd), (36 bytes).
    Removing stm32f10x_dac.o(i.DAC_GetDataOutputValue), (36 bytes).
    Removing stm32f10x_dac.o(i.DAC_Init), (52 bytes).
    Removing stm32f10x_dac.o(i.DAC_SetChannel1Data), (32 bytes).
    Removing stm32f10x_dac.o(i.DAC_SetChannel2Data), (32 bytes).
    Removing stm32f10x_dac.o(i.DAC_SetDualChannelData), (36 bytes).
    Removing stm32f10x_dac.o(i.DAC_SoftwareTriggerCmd), (44 bytes).
    Removing stm32f10x_dac.o(i.DAC_StructInit), (12 bytes).
    Removing stm32f10x_dac.o(i.DAC_WaveGenerationCmd), (40 bytes).
    Removing stm32f10x_dbgmcu.o(i.DBGMCU_Config), (32 bytes).
    Removing stm32f10x_dbgmcu.o(i.DBGMCU_GetDEVID), (16 bytes).
    Removing stm32f10x_dbgmcu.o(i.DBGMCU_GetREVID), (12 bytes).
    Removing stm32f10x_dma.o(i.DMA_ClearFlag), (28 bytes).
    Removing stm32f10x_dma.o(i.DMA_ClearITPendingBit), (28 bytes).
    Removing stm32f10x_dma.o(i.DMA_Cmd), (24 bytes).
    Removing stm32f10x_dma.o(i.DMA_DeInit), (332 bytes).
    Removing stm32f10x_dma.o(i.DMA_GetCurrDataCounter), (8 bytes).
    Removing stm32f10x_dma.o(i.DMA_GetFlagStatus), (44 bytes).
    Removing stm32f10x_dma.o(i.DMA_GetITStatus), (44 bytes).
    Removing stm32f10x_dma.o(i.DMA_ITConfig), (18 bytes).
    Removing stm32f10x_dma.o(i.DMA_Init), (60 bytes).
    Removing stm32f10x_dma.o(i.DMA_SetCurrDataCounter), (4 bytes).
    Removing stm32f10x_dma.o(i.DMA_StructInit), (26 bytes).
    Removing stm32f10x_exti.o(i.EXTI_ClearFlag), (12 bytes).
    Removing stm32f10x_exti.o(i.EXTI_ClearITPendingBit), (12 bytes).
    Removing stm32f10x_exti.o(i.EXTI_DeInit), (36 bytes).
    Removing stm32f10x_exti.o(i.EXTI_GenerateSWInterrupt), (16 bytes).
    Removing stm32f10x_exti.o(i.EXTI_GetFlagStatus), (24 bytes).
    Removing stm32f10x_exti.o(i.EXTI_GetITStatus), (40 bytes).
    Removing stm32f10x_exti.o(i.EXTI_Init), (148 bytes).
    Removing stm32f10x_exti.o(i.EXTI_StructInit), (16 bytes).
    Removing stm32f10x_flash.o(i.FLASH_ClearFlag), (12 bytes).
    Removing stm32f10x_flash.o(i.FLASH_EnableWriteProtection), (196 bytes).
    Removing stm32f10x_flash.o(i.FLASH_EraseAllBank1Pages), (72 bytes).
    Removing stm32f10x_flash.o(i.FLASH_EraseAllPages), (72 bytes).
    Removing stm32f10x_flash.o(i.FLASH_EraseOptionBytes), (168 bytes).
    Removing stm32f10x_flash.o(i.FLASH_ErasePage), (76 bytes).
    Removing stm32f10x_flash.o(i.FLASH_GetBank1Status), (52 bytes).
    Removing stm32f10x_flash.o(i.FLASH_GetFlagStatus), (48 bytes).
    Removing stm32f10x_flash.o(i.FLASH_GetPrefetchBufferStatus), (24 bytes).
    Removing stm32f10x_flash.o(i.FLASH_GetReadOutProtectionStatus), (24 bytes).
    Removing stm32f10x_flash.o(i.FLASH_GetStatus), (52 bytes).
    Removing stm32f10x_flash.o(i.FLASH_GetUserOptionByte), (12 bytes).
    Removing stm32f10x_flash.o(i.FLASH_GetWriteProtectionOptionByte), (12 bytes).
    Removing stm32f10x_flash.o(i.FLASH_HalfCycleAccessCmd), (28 bytes).
    Removing stm32f10x_flash.o(i.FLASH_ITConfig), (32 bytes).
    Removing stm32f10x_flash.o(i.FLASH_Lock), (20 bytes).
    Removing stm32f10x_flash.o(i.FLASH_LockBank1), (20 bytes).
    Removing stm32f10x_flash.o(i.FLASH_PrefetchBufferCmd), (28 bytes).
    Removing stm32f10x_flash.o(i.FLASH_ProgramHalfWord), (64 bytes).
    Removing stm32f10x_flash.o(i.FLASH_ProgramOptionByteData), (84 bytes).
    Removing stm32f10x_flash.o(i.FLASH_ProgramWord), (108 bytes).
    Removing stm32f10x_flash.o(i.FLASH_ReadOutProtection), (172 bytes).
    Removing stm32f10x_flash.o(i.FLASH_SetLatency), (24 bytes).
    Removing stm32f10x_flash.o(i.FLASH_Unlock), (24 bytes).
    Removing stm32f10x_flash.o(i.FLASH_UnlockBank1), (24 bytes).
    Removing stm32f10x_flash.o(i.FLASH_UserOptionByteConfig), (104 bytes).
    Removing stm32f10x_flash.o(i.FLASH_WaitForLastBank1Operation), (38 bytes).
    Removing stm32f10x_flash.o(i.FLASH_WaitForLastOperation), (38 bytes).
    Removing stm32f10x_fsmc.o(i.FSMC_ClearFlag), (64 bytes).
    Removing stm32f10x_fsmc.o(i.FSMC_ClearITPendingBit), (72 bytes).
    Removing stm32f10x_fsmc.o(i.FSMC_GetECC), (28 bytes).
    Removing stm32f10x_fsmc.o(i.FSMC_GetFlagStatus), (56 bytes).
    Removing stm32f10x_fsmc.o(i.FSMC_GetITStatus), (68 bytes).
    Removing stm32f10x_fsmc.o(i.FSMC_ITConfig), (128 bytes).
    Removing stm32f10x_fsmc.o(i.FSMC_NANDCmd), (92 bytes).
    Removing stm32f10x_fsmc.o(i.FSMC_NANDDeInit), (68 bytes).
    Removing stm32f10x_fsmc.o(i.FSMC_NANDECCCmd), (92 bytes).
    Removing stm32f10x_fsmc.o(i.FSMC_NANDInit), (136 bytes).
    Removing stm32f10x_fsmc.o(i.FSMC_NANDStructInit), (54 bytes).
    Removing stm32f10x_fsmc.o(i.FSMC_NORSRAMCmd), (52 bytes).
    Removing stm32f10x_fsmc.o(i.FSMC_NORSRAMDeInit), (54 bytes).
    Removing stm32f10x_fsmc.o(i.FSMC_NORSRAMInit), (230 bytes).
    Removing stm32f10x_fsmc.o(i.FSMC_NORSRAMStructInit), (114 bytes).
    Removing stm32f10x_fsmc.o(i.FSMC_PCCARDCmd), (48 bytes).
    Removing stm32f10x_fsmc.o(i.FSMC_PCCARDDeInit), (40 bytes).
    Removing stm32f10x_fsmc.o(i.FSMC_PCCARDInit), (132 bytes).
    Removing stm32f10x_fsmc.o(i.FSMC_PCCARDStructInit), (60 bytes).
    Removing stm32f10x_gpio.o(i.GPIO_AFIODeInit), (20 bytes).
    Removing stm32f10x_gpio.o(i.GPIO_DeInit), (200 bytes).
    Removing stm32f10x_gpio.o(i.GPIO_ETH_MediaInterfaceConfig), (12 bytes).
    Removing stm32f10x_gpio.o(i.GPIO_EXTILineConfig), (64 bytes).
    Removing stm32f10x_gpio.o(i.GPIO_EventOutputCmd), (12 bytes).
    Removing stm32f10x_gpio.o(i.GPIO_EventOutputConfig), (32 bytes).
    Removing stm32f10x_gpio.o(i.GPIO_PinLockConfig), (18 bytes).
    Removing stm32f10x_gpio.o(i.GPIO_PinRemapConfig), (144 bytes).
    Removing stm32f10x_gpio.o(i.GPIO_ReadInputData), (8 bytes).
    Removing stm32f10x_gpio.o(i.GPIO_ReadOutputData), (8 bytes).
    Removing stm32f10x_gpio.o(i.GPIO_ReadOutputDataBit), (18 bytes).
    Removing stm32f10x_gpio.o(i.GPIO_StructInit), (16 bytes).
    Removing stm32f10x_gpio.o(i.GPIO_Write), (4 bytes).
    Removing stm32f10x_gpio.o(i.GPIO_WriteBit), (10 bytes).
    Removing stm32f10x_i2c.o(i.I2C_ARPCmd), (24 bytes).
    Removing stm32f10x_i2c.o(i.I2C_AcknowledgeConfig), (24 bytes).
    Removing stm32f10x_i2c.o(i.I2C_CalculatePEC), (24 bytes).
    Removing stm32f10x_i2c.o(i.I2C_CheckEvent), (42 bytes).
    Removing stm32f10x_i2c.o(i.I2C_ClearFlag), (12 bytes).
    Removing stm32f10x_i2c.o(i.I2C_ClearITPendingBit), (12 bytes).
    Removing stm32f10x_i2c.o(i.I2C_Cmd), (24 bytes).
    Removing stm32f10x_i2c.o(i.I2C_DMACmd), (24 bytes).
    Removing stm32f10x_i2c.o(i.I2C_DMALastTransferCmd), (24 bytes).
    Removing stm32f10x_i2c.o(i.I2C_DeInit), (56 bytes).
    Removing stm32f10x_i2c.o(i.I2C_DualAddressCmd), (24 bytes).
    Removing stm32f10x_i2c.o(i.I2C_FastModeDutyCycleConfig), (28 bytes).
    Removing stm32f10x_i2c.o(i.I2C_GeneralCallCmd), (24 bytes).
    Removing stm32f10x_i2c.o(i.I2C_GenerateSTART), (24 bytes).
    Removing stm32f10x_i2c.o(i.I2C_GenerateSTOP), (24 bytes).
    Removing stm32f10x_i2c.o(i.I2C_GetFlagStatus), (58 bytes).
    Removing stm32f10x_i2c.o(i.I2C_GetITStatus), (38 bytes).
    Removing stm32f10x_i2c.o(i.I2C_GetLastEvent), (26 bytes).
    Removing stm32f10x_i2c.o(i.I2C_GetPEC), (8 bytes).
    Removing stm32f10x_i2c.o(i.I2C_ITConfig), (18 bytes).
    Removing stm32f10x_i2c.o(i.I2C_Init), (236 bytes).
    Removing stm32f10x_i2c.o(i.I2C_NACKPositionConfig), (28 bytes).
    Removing stm32f10x_i2c.o(i.I2C_OwnAddress2Config), (22 bytes).
    Removing stm32f10x_i2c.o(i.I2C_PECPositionConfig), (28 bytes).
    Removing stm32f10x_i2c.o(i.I2C_ReadRegister), (22 bytes).
    Removing stm32f10x_i2c.o(i.I2C_ReceiveData), (8 bytes).
    Removing stm32f10x_i2c.o(i.I2C_SMBusAlertConfig), (28 bytes).
    Removing stm32f10x_i2c.o(i.I2C_Send7bitAddress), (18 bytes).
    Removing stm32f10x_i2c.o(i.I2C_SendData), (4 bytes).
    Removing stm32f10x_i2c.o(i.I2C_SoftwareResetCmd), (22 bytes).
    Removing stm32f10x_i2c.o(i.I2C_StretchClockCmd), (24 bytes).
    Removing stm32f10x_i2c.o(i.I2C_StructInit), (30 bytes).
    Removing stm32f10x_i2c.o(i.I2C_TransmitPEC), (24 bytes).
    Removing stm32f10x_iwdg.o(i.IWDG_Enable), (16 bytes).
    Removing stm32f10x_iwdg.o(i.IWDG_GetFlagStatus), (24 bytes).
    Removing stm32f10x_iwdg.o(i.IWDG_ReloadCounter), (16 bytes).
    Removing stm32f10x_iwdg.o(i.IWDG_SetPrescaler), (12 bytes).
    Removing stm32f10x_iwdg.o(i.IWDG_SetReload), (12 bytes).
    Removing stm32f10x_iwdg.o(i.IWDG_WriteAccessCmd), (12 bytes).
    Removing stm32f10x_pwr.o(i.PWR_BackupAccessCmd), (12 bytes).
    Removing stm32f10x_pwr.o(i.PWR_ClearFlag), (20 bytes).
    Removing stm32f10x_pwr.o(i.PWR_DeInit), (22 bytes).
    Removing stm32f10x_pwr.o(i.PWR_EnterSTANDBYMode), (52 bytes).
    Removing stm32f10x_pwr.o(i.PWR_EnterSTOPMode), (64 bytes).
    Removing stm32f10x_pwr.o(i.PWR_GetFlagStatus), (24 bytes).
    Removing stm32f10x_pwr.o(i.PWR_PVDCmd), (12 bytes).
    Removing stm32f10x_pwr.o(i.PWR_PVDLevelConfig), (24 bytes).
    Removing stm32f10x_pwr.o(i.PWR_WakeUpPinCmd), (12 bytes).
    Removing stm32f10x_rcc.o(i.RCC_ADCCLKConfig), (24 bytes).
    Removing stm32f10x_rcc.o(i.RCC_AHBPeriphClockCmd), (32 bytes).
    Removing stm32f10x_rcc.o(i.RCC_APB1PeriphResetCmd), (32 bytes).
    Removing stm32f10x_rcc.o(i.RCC_APB2PeriphResetCmd), (32 bytes).
    Removing stm32f10x_rcc.o(i.RCC_AdjustHSICalibrationValue), (24 bytes).
    Removing stm32f10x_rcc.o(i.RCC_BackupResetCmd), (12 bytes).
    Removing stm32f10x_rcc.o(i.RCC_ClearFlag), (20 bytes).
    Removing stm32f10x_rcc.o(i.RCC_ClearITPendingBit), (12 bytes).
    Removing stm32f10x_rcc.o(i.RCC_ClockSecuritySystemCmd), (12 bytes).
    Removing stm32f10x_rcc.o(i.RCC_DeInit), (76 bytes).
    Removing stm32f10x_rcc.o(i.RCC_GetClocksFreq), (212 bytes).
    Removing stm32f10x_rcc.o(i.RCC_GetFlagStatus), (60 bytes).
    Removing stm32f10x_rcc.o(i.RCC_GetITStatus), (24 bytes).
    Removing stm32f10x_rcc.o(i.RCC_GetSYSCLKSource), (16 bytes).
    Removing stm32f10x_rcc.o(i.RCC_HCLKConfig), (24 bytes).
    Removing stm32f10x_rcc.o(i.RCC_HSEConfig), (76 bytes).
    Removing stm32f10x_rcc.o(i.RCC_HSICmd), (12 bytes).
    Removing stm32f10x_rcc.o(i.RCC_ITConfig), (32 bytes).
    Removing stm32f10x_rcc.o(i.RCC_LSEConfig), (52 bytes).
    Removing stm32f10x_rcc.o(i.RCC_LSICmd), (12 bytes).
    Removing stm32f10x_rcc.o(i.RCC_MCOConfig), (12 bytes).
    Removing stm32f10x_rcc.o(i.RCC_PCLK1Config), (24 bytes).
    Removing stm32f10x_rcc.o(i.RCC_PCLK2Config), (24 bytes).
    Removing stm32f10x_rcc.o(i.RCC_PLLCmd), (12 bytes).
    Removing stm32f10x_rcc.o(i.RCC_PLLConfig), (28 bytes).
    Removing stm32f10x_rcc.o(i.RCC_RTCCLKCmd), (12 bytes).
    Removing stm32f10x_rcc.o(i.RCC_RTCCLKConfig), (16 bytes).
    Removing stm32f10x_rcc.o(i.RCC_SYSCLKConfig), (24 bytes).
    Removing stm32f10x_rcc.o(i.RCC_USBCLKConfig), (12 bytes).
    Removing stm32f10x_rcc.o(i.RCC_WaitForHSEStartUp), (56 bytes).
    Removing stm32f10x_rcc.o(.data), (20 bytes).
    Removing stm32f10x_rtc.o(i.RTC_ClearFlag), (16 bytes).
    Removing stm32f10x_rtc.o(i.RTC_ClearITPendingBit), (16 bytes).
    Removing stm32f10x_rtc.o(i.RTC_EnterConfigMode), (20 bytes).
    Removing stm32f10x_rtc.o(i.RTC_ExitConfigMode), (20 bytes).
    Removing stm32f10x_rtc.o(i.RTC_GetCounter), (20 bytes).
    Removing stm32f10x_rtc.o(i.RTC_GetDivider), (24 bytes).
    Removing stm32f10x_rtc.o(i.RTC_GetFlagStatus), (24 bytes).
    Removing stm32f10x_rtc.o(i.RTC_GetITStatus), (36 bytes).
    Removing stm32f10x_rtc.o(i.RTC_ITConfig), (32 bytes).
    Removing stm32f10x_rtc.o(i.RTC_SetAlarm), (28 bytes).
    Removing stm32f10x_rtc.o(i.RTC_SetCounter), (28 bytes).
    Removing stm32f10x_rtc.o(i.RTC_SetPrescaler), (32 bytes).
    Removing stm32f10x_rtc.o(i.RTC_WaitForLastTask), (20 bytes).
    Removing stm32f10x_rtc.o(i.RTC_WaitForSynchro), (36 bytes).
    Removing stm32f10x_sdio.o(i.SDIO_CEATAITCmd), (16 bytes).
    Removing stm32f10x_sdio.o(i.SDIO_ClearFlag), (12 bytes).
    Removing stm32f10x_sdio.o(i.SDIO_ClearITPendingBit), (12 bytes).
    Removing stm32f10x_sdio.o(i.SDIO_ClockCmd), (12 bytes).
    Removing stm32f10x_sdio.o(i.SDIO_CmdStructInit), (14 bytes).
    Removing stm32f10x_sdio.o(i.SDIO_CommandCompletionCmd), (12 bytes).
    Removing stm32f10x_sdio.o(i.SDIO_DMACmd), (12 bytes).
    Removing stm32f10x_sdio.o(i.SDIO_DataConfig), (48 bytes).
    Removing stm32f10x_sdio.o(i.SDIO_DataStructInit), (20 bytes).
    Removing stm32f10x_sdio.o(i.SDIO_DeInit), (36 bytes).
    Removing stm32f10x_sdio.o(i.SDIO_GetCommandResponse), (12 bytes).
    Removing stm32f10x_sdio.o(i.SDIO_GetDataCounter), (12 bytes).
    Removing stm32f10x_sdio.o(i.SDIO_GetFIFOCount), (12 bytes).
    Removing stm32f10x_sdio.o(i.SDIO_GetFlagStatus), (24 bytes).
    Removing stm32f10x_sdio.o(i.SDIO_GetITStatus), (24 bytes).
    Removing stm32f10x_sdio.o(i.SDIO_GetPowerState), (16 bytes).
    Removing stm32f10x_sdio.o(i.SDIO_GetResponse), (24 bytes).
    Removing stm32f10x_sdio.o(i.SDIO_ITConfig), (32 bytes).
    Removing stm32f10x_sdio.o(i.SDIO_Init), (48 bytes).
    Removing stm32f10x_sdio.o(i.SDIO_ReadData), (12 bytes).
    Removing stm32f10x_sdio.o(i.SDIO_SendCEATACmd), (12 bytes).
    Removing stm32f10x_sdio.o(i.SDIO_SendCommand), (44 bytes).
    Removing stm32f10x_sdio.o(i.SDIO_SendSDIOSuspendCmd), (12 bytes).
    Removing stm32f10x_sdio.o(i.SDIO_SetPowerState), (28 bytes).
    Removing stm32f10x_sdio.o(i.SDIO_SetSDIOOperation), (12 bytes).
    Removing stm32f10x_sdio.o(i.SDIO_SetSDIOReadWaitMode), (12 bytes).
    Removing stm32f10x_sdio.o(i.SDIO_StartSDIOReadWait), (12 bytes).
    Removing stm32f10x_sdio.o(i.SDIO_StopSDIOReadWait), (12 bytes).
    Removing stm32f10x_sdio.o(i.SDIO_StructInit), (16 bytes).
    Removing stm32f10x_sdio.o(i.SDIO_WriteData), (12 bytes).
    Removing stm32f10x_spi.o(i.I2S_Cmd), (24 bytes).
    Removing stm32f10x_spi.o(i.I2S_Init), (232 bytes).
    Removing stm32f10x_spi.o(i.I2S_StructInit), (20 bytes).
    Removing stm32f10x_spi.o(i.SPI_BiDirectionalLineConfig), (28 bytes).
    Removing stm32f10x_spi.o(i.SPI_CalculateCRC), (24 bytes).
    Removing stm32f10x_spi.o(i.SPI_DataSizeConfig), (18 bytes).
    Removing stm32f10x_spi.o(i.SPI_GetCRC), (16 bytes).
    Removing stm32f10x_spi.o(i.SPI_GetCRCPolynomial), (6 bytes).
    Removing stm32f10x_spi.o(i.SPI_I2S_ClearFlag), (6 bytes).
    Removing stm32f10x_spi.o(i.SPI_I2S_ClearITPendingBit), (20 bytes).
    Removing stm32f10x_spi.o(i.SPI_I2S_DMACmd), (18 bytes).
    Removing stm32f10x_spi.o(i.SPI_I2S_DeInit), (88 bytes).
    Removing stm32f10x_spi.o(i.SPI_I2S_GetFlagStatus), (18 bytes).
    Removing stm32f10x_spi.o(i.SPI_I2S_GetITStatus), (52 bytes).
    Removing stm32f10x_spi.o(i.SPI_I2S_ITConfig), (32 bytes).
    Removing stm32f10x_spi.o(i.SPI_I2S_ReceiveData), (6 bytes).
    Removing stm32f10x_spi.o(i.SPI_I2S_SendData), (4 bytes).
    Removing stm32f10x_spi.o(i.SPI_NSSInternalSoftwareConfig), (30 bytes).
    Removing stm32f10x_spi.o(i.SPI_SSOutputCmd), (24 bytes).
    Removing stm32f10x_spi.o(i.SPI_StructInit), (24 bytes).
    Removing stm32f10x_spi.o(i.SPI_TransmitCRC), (10 bytes).
    Removing stm32f10x_tim.o(i.TI1_Config), (128 bytes).
    Removing stm32f10x_tim.o(i.TI2_Config), (152 bytes).
    Removing stm32f10x_tim.o(i.TI3_Config), (144 bytes).
    Removing stm32f10x_tim.o(i.TI4_Config), (152 bytes).
    Removing stm32f10x_tim.o(i.TIM_ARRPreloadConfig), (24 bytes).
    Removing stm32f10x_tim.o(i.TIM_BDTRConfig), (32 bytes).
    Removing stm32f10x_tim.o(i.TIM_BDTRStructInit), (18 bytes).
    Removing stm32f10x_tim.o(i.TIM_CCPreloadControl), (24 bytes).
    Removing stm32f10x_tim.o(i.TIM_CCxCmd), (30 bytes).
    Removing stm32f10x_tim.o(i.TIM_CCxNCmd), (30 bytes).
    Removing stm32f10x_tim.o(i.TIM_ClearFlag), (6 bytes).
    Removing stm32f10x_tim.o(i.TIM_ClearITPendingBit), (6 bytes).
    Removing stm32f10x_tim.o(i.TIM_ClearOC1Ref), (18 bytes).
    Removing stm32f10x_tim.o(i.TIM_ClearOC2Ref), (24 bytes).
    Removing stm32f10x_tim.o(i.TIM_ClearOC3Ref), (18 bytes).
    Removing stm32f10x_tim.o(i.TIM_ClearOC4Ref), (24 bytes).
    Removing stm32f10x_tim.o(i.TIM_Cmd), (24 bytes).
    Removing stm32f10x_tim.o(i.TIM_CounterModeConfig), (18 bytes).
    Removing stm32f10x_tim.o(i.TIM_CtrlPWMOutputs), (30 bytes).
    Removing stm32f10x_tim.o(i.TIM_DMACmd), (18 bytes).
    Removing stm32f10x_tim.o(i.TIM_DMAConfig), (10 bytes).
    Removing stm32f10x_tim.o(i.TIM_DeInit), (488 bytes).
    Removing stm32f10x_tim.o(i.TIM_ETRClockMode1Config), (54 bytes).
    Removing stm32f10x_tim.o(i.TIM_ETRClockMode2Config), (32 bytes).
    Removing stm32f10x_tim.o(i.TIM_ETRConfig), (28 bytes).
    Removing stm32f10x_tim.o(i.TIM_EncoderInterfaceConfig), (66 bytes).
    Removing stm32f10x_tim.o(i.TIM_ForcedOC1Config), (18 bytes).
    Removing stm32f10x_tim.o(i.TIM_ForcedOC2Config), (26 bytes).
    Removing stm32f10x_tim.o(i.TIM_ForcedOC3Config), (18 bytes).
    Removing stm32f10x_tim.o(i.TIM_ForcedOC4Config), (26 bytes).
    Removing stm32f10x_tim.o(i.TIM_GenerateEvent), (4 bytes).
    Removing stm32f10x_tim.o(i.TIM_GetCapture1), (6 bytes).
    Removing stm32f10x_tim.o(i.TIM_GetCapture2), (6 bytes).
    Removing stm32f10x_tim.o(i.TIM_GetCapture3), (6 bytes).
    Removing stm32f10x_tim.o(i.TIM_GetCapture4), (8 bytes).
    Removing stm32f10x_tim.o(i.TIM_GetCounter), (6 bytes).
    Removing stm32f10x_tim.o(i.TIM_GetFlagStatus), (18 bytes).
    Removing stm32f10x_tim.o(i.TIM_GetITStatus), (34 bytes).
    Removing stm32f10x_tim.o(i.TIM_GetPrescaler), (6 bytes).
    Removing stm32f10x_tim.o(i.TIM_ICInit), (172 bytes).
    Removing stm32f10x_tim.o(i.TIM_ICStructInit), (18 bytes).
    Removing stm32f10x_tim.o(i.TIM_ITConfig), (18 bytes).
    Removing stm32f10x_tim.o(i.TIM_ITRxExternalClockConfig), (24 bytes).
    Removing stm32f10x_tim.o(i.TIM_InternalClockConfig), (12 bytes).
    Removing stm32f10x_tim.o(i.TIM_OC1FastConfig), (18 bytes).
    Removing stm32f10x_tim.o(i.TIM_OC1Init), (152 bytes).
    Removing stm32f10x_tim.o(i.TIM_OC1NPolarityConfig), (18 bytes).
    Removing stm32f10x_tim.o(i.TIM_OC1PolarityConfig), (18 bytes).
    Removing stm32f10x_tim.o(i.TIM_OC1PreloadConfig), (18 bytes).
    Removing stm32f10x_tim.o(i.TIM_OC2FastConfig), (26 bytes).
    Removing stm32f10x_tim.o(i.TIM_OC2Init), (164 bytes).
    Removing stm32f10x_tim.o(i.TIM_OC2NPolarityConfig), (26 bytes).
    Removing stm32f10x_tim.o(i.TIM_OC2PolarityConfig), (26 bytes).
    Removing stm32f10x_tim.o(i.TIM_OC2PreloadConfig), (26 bytes).
    Removing stm32f10x_tim.o(i.TIM_OC3FastConfig), (18 bytes).
    Removing stm32f10x_tim.o(i.TIM_OC3Init), (160 bytes).
    Removing stm32f10x_tim.o(i.TIM_OC3NPolarityConfig), (26 bytes).
    Removing stm32f10x_tim.o(i.TIM_OC3PolarityConfig), (26 bytes).
    Removing stm32f10x_tim.o(i.TIM_OC3PreloadConfig), (18 bytes).
    Removing stm32f10x_tim.o(i.TIM_OC4FastConfig), (26 bytes).
    Removing stm32f10x_tim.o(i.TIM_OC4Init), (124 bytes).
    Removing stm32f10x_tim.o(i.TIM_OC4PolarityConfig), (26 bytes).
    Removing stm32f10x_tim.o(i.TIM_OC4PreloadConfig), (26 bytes).
    Removing stm32f10x_tim.o(i.TIM_OCStructInit), (20 bytes).
    Removing stm32f10x_tim.o(i.TIM_PWMIConfig), (124 bytes).
    Removing stm32f10x_tim.o(i.TIM_PrescalerConfig), (6 bytes).
    Removing stm32f10x_tim.o(i.TIM_SelectCCDMA), (24 bytes).
    Removing stm32f10x_tim.o(i.TIM_SelectCOM), (24 bytes).
    Removing stm32f10x_tim.o(i.TIM_SelectHallSensor), (24 bytes).
    Removing stm32f10x_tim.o(i.TIM_SelectInputTrigger), (18 bytes).
    Removing stm32f10x_tim.o(i.TIM_SelectMasterSlaveMode), (18 bytes).
    Removing stm32f10x_tim.o(i.TIM_SelectOCxM), (82 bytes).
    Removing stm32f10x_tim.o(i.TIM_SelectOnePulseMode), (18 bytes).
    Removing stm32f10x_tim.o(i.TIM_SelectOutputTrigger), (18 bytes).
    Removing stm32f10x_tim.o(i.TIM_SelectSlaveMode), (18 bytes).
    Removing stm32f10x_tim.o(i.TIM_SetAutoreload), (4 bytes).
    Removing stm32f10x_tim.o(i.TIM_SetClockDivision), (18 bytes).
    Removing stm32f10x_tim.o(i.TIM_SetCompare1), (4 bytes).
    Removing stm32f10x_tim.o(i.TIM_SetCompare2), (4 bytes).
    Removing stm32f10x_tim.o(i.TIM_SetCompare3), (4 bytes).
    Removing stm32f10x_tim.o(i.TIM_SetCompare4), (6 bytes).
    Removing stm32f10x_tim.o(i.TIM_SetCounter), (4 bytes).
    Removing stm32f10x_tim.o(i.TIM_SetIC1Prescaler), (18 bytes).
    Removing stm32f10x_tim.o(i.TIM_SetIC2Prescaler), (26 bytes).
    Removing stm32f10x_tim.o(i.TIM_SetIC3Prescaler), (18 bytes).
    Removing stm32f10x_tim.o(i.TIM_SetIC4Prescaler), (26 bytes).
    Removing stm32f10x_tim.o(i.TIM_TIxExternalClockConfig), (62 bytes).
    Removing stm32f10x_tim.o(i.TIM_TimeBaseInit), (164 bytes).
    Removing stm32f10x_tim.o(i.TIM_TimeBaseStructInit), (18 bytes).
    Removing stm32f10x_tim.o(i.TIM_UpdateDisableConfig), (24 bytes).
    Removing stm32f10x_tim.o(i.TIM_UpdateRequestConfig), (24 bytes).
    Removing stm32f10x_usart.o(i.USART_ClearFlag), (18 bytes).
    Removing stm32f10x_usart.o(i.USART_ClearITPendingBit), (30 bytes).
    Removing stm32f10x_usart.o(i.USART_ClockInit), (34 bytes).
    Removing stm32f10x_usart.o(i.USART_ClockStructInit), (12 bytes).
    Removing stm32f10x_usart.o(i.USART_Cmd), (24 bytes).
    Removing stm32f10x_usart.o(i.USART_DMACmd), (18 bytes).
    Removing stm32f10x_usart.o(i.USART_DeInit), (156 bytes).
    Removing stm32f10x_usart.o(i.USART_GetFlagStatus), (26 bytes).
    Removing stm32f10x_usart.o(i.USART_GetITStatus), (84 bytes).
    Removing stm32f10x_usart.o(i.USART_HalfDuplexCmd), (24 bytes).
    Removing stm32f10x_usart.o(i.USART_ITConfig), (74 bytes).
    Removing stm32f10x_usart.o(i.USART_Init), (216 bytes).
    Removing stm32f10x_usart.o(i.USART_IrDACmd), (24 bytes).
    Removing stm32f10x_usart.o(i.USART_IrDAConfig), (18 bytes).
    Removing stm32f10x_usart.o(i.USART_LINBreakDetectLengthConfig), (18 bytes).
    Removing stm32f10x_usart.o(i.USART_LINCmd), (24 bytes).
    Removing stm32f10x_usart.o(i.USART_OneBitMethodCmd), (24 bytes).
    Removing stm32f10x_usart.o(i.USART_OverSampling8Cmd), (22 bytes).
    Removing stm32f10x_usart.o(i.USART_ReceiveData), (10 bytes).
    Removing stm32f10x_usart.o(i.USART_ReceiverWakeUpCmd), (24 bytes).
    Removing stm32f10x_usart.o(i.USART_SendBreak), (10 bytes).
    Removing stm32f10x_usart.o(i.USART_SendData), (8 bytes).
    Removing stm32f10x_usart.o(i.USART_SetAddress), (18 bytes).
    Removing stm32f10x_usart.o(i.USART_SetGuardTime), (16 bytes).
    Removing stm32f10x_usart.o(i.USART_SetPrescaler), (16 bytes).
    Removing stm32f10x_usart.o(i.USART_SmartCardCmd), (24 bytes).
    Removing stm32f10x_usart.o(i.USART_SmartCardNACKCmd), (24 bytes).
    Removing stm32f10x_usart.o(i.USART_StructInit), (24 bytes).
    Removing stm32f10x_usart.o(i.USART_WakeUpConfig), (18 bytes).
    Removing stm32f10x_wwdg.o(i.WWDG_ClearFlag), (12 bytes).
    Removing stm32f10x_wwdg.o(i.WWDG_DeInit), (22 bytes).
    Removing stm32f10x_wwdg.o(i.WWDG_Enable), (16 bytes).
    Removing stm32f10x_wwdg.o(i.WWDG_EnableIT), (12 bytes).
    Removing stm32f10x_wwdg.o(i.WWDG_GetFlagStatus), (12 bytes).
    Removing stm32f10x_wwdg.o(i.WWDG_SetCounter), (16 bytes).
    Removing stm32f10x_wwdg.o(i.WWDG_SetPrescaler), (24 bytes).
    Removing stm32f10x_wwdg.o(i.WWDG_SetWindowValue), (40 bytes).
    Removing startup_stm32f10x_md.o(HEAP), (512 bytes).

486 unused section(s) (total 21430 bytes) removed from the image.

==============================================================================

Image Symbol Table

    Local Symbols

    Symbol Name                              Value     Ov Type        Size  Object(Section)

    ../clib/microlib/init/entry.s            0x00000000   Number         0  entry7b.o ABSOLUTE
    ../clib/microlib/init/entry.s            0x00000000   Number         0  entry8b.o ABSOLUTE
    ../clib/microlib/init/entry.s            0x00000000   Number         0  entry8a.o ABSOLUTE
    ../clib/microlib/init/entry.s            0x00000000   Number         0  entry7a.o ABSOLUTE
    ../clib/microlib/init/entry.s            0x00000000   Number         0  entry11b.o ABSOLUTE
    ../clib/microlib/init/entry.s            0x00000000   Number         0  entry2.o ABSOLUTE
    ../clib/microlib/init/entry.s            0x00000000   Number         0  entry.o ABSOLUTE
    ../clib/microlib/init/entry.s            0x00000000   Number         0  entry11a.o ABSOLUTE
    ../clib/microlib/init/entry.s            0x00000000   Number         0  entry10b.o ABSOLUTE
    ../clib/microlib/init/entry.s            0x00000000   Number         0  entry10a.o ABSOLUTE
    ../clib/microlib/init/entry.s            0x00000000   Number         0  entry5.o ABSOLUTE
    ../clib/microlib/init/entry.s            0x00000000   Number         0  entry9b.o ABSOLUTE
    ../clib/microlib/init/entry.s            0x00000000   Number         0  entry9a.o ABSOLUTE
    ../clib/microlib/string/memset.c         0x00000000   Number         0  memseta.o ABSOLUTE
    CMSIS\CMSIS\core_cm3.c                   0x00000000   Number         0  core_cm3.o ABSOLUTE
    CMSIS\CMSIS\system_stm32f10x.c           0x00000000   Number         0  system_stm32f10x.o ABSOLUTE
    CMSIS\\CMSIS\\core_cm3.c                 0x00000000   Number         0  core_cm3.o ABSOLUTE
    FWLP\misc.c                              0x00000000   Number         0  misc.o ABSOLUTE
    FWLP\stm32f10x_adc.c                     0x00000000   Number         0  stm32f10x_adc.o ABSOLUTE
    FWLP\stm32f10x_bkp.c                     0x00000000   Number         0  stm32f10x_bkp.o ABSOLUTE
    FWLP\stm32f10x_can.c                     0x00000000   Number         0  stm32f10x_can.o ABSOLUTE
    FWLP\stm32f10x_cec.c                     0x00000000   Number         0  stm32f10x_cec.o ABSOLUTE
    FWLP\stm32f10x_crc.c                     0x00000000   Number         0  stm32f10x_crc.o ABSOLUTE
    FWLP\stm32f10x_dac.c                     0x00000000   Number         0  stm32f10x_dac.o ABSOLUTE
    FWLP\stm32f10x_dbgmcu.c                  0x00000000   Number         0  stm32f10x_dbgmcu.o ABSOLUTE
    FWLP\stm32f10x_dma.c                     0x00000000   Number         0  stm32f10x_dma.o ABSOLUTE
    FWLP\stm32f10x_exti.c                    0x00000000   Number         0  stm32f10x_exti.o ABSOLUTE
    FWLP\stm32f10x_flash.c                   0x00000000   Number         0  stm32f10x_flash.o ABSOLUTE
    FWLP\stm32f10x_fsmc.c                    0x00000000   Number         0  stm32f10x_fsmc.o ABSOLUTE
    FWLP\stm32f10x_gpio.c                    0x00000000   Number         0  stm32f10x_gpio.o ABSOLUTE
    FWLP\stm32f10x_i2c.c                     0x00000000   Number         0  stm32f10x_i2c.o ABSOLUTE
    FWLP\stm32f10x_iwdg.c                    0x00000000   Number         0  stm32f10x_iwdg.o ABSOLUTE
    FWLP\stm32f10x_pwr.c                     0x00000000   Number         0  stm32f10x_pwr.o ABSOLUTE
    FWLP\stm32f10x_rcc.c                     0x00000000   Number         0  stm32f10x_rcc.o ABSOLUTE
    FWLP\stm32f10x_rtc.c                     0x00000000   Number         0  stm32f10x_rtc.o ABSOLUTE
    FWLP\stm32f10x_sdio.c                    0x00000000   Number         0  stm32f10x_sdio.o ABSOLUTE
    FWLP\stm32f10x_spi.c                     0x00000000   Number         0  stm32f10x_spi.o ABSOLUTE
    FWLP\stm32f10x_tim.c                     0x00000000   Number         0  stm32f10x_tim.o ABSOLUTE
    FWLP\stm32f10x_usart.c                   0x00000000   Number         0  stm32f10x_usart.o ABSOLUTE
    FWLP\stm32f10x_wwdg.c                    0x00000000   Number         0  stm32f10x_wwdg.o ABSOLUTE
    STARTUP\startup_stm32f10x_md.s           0x00000000   Number         0  startup_stm32f10x_md.o ABSOLUTE
    USER\OLED\delay.c                        0x00000000   Number         0  delay.o ABSOLUTE
    USER\OLED\gui.c                          0x00000000   Number         0  gui.o ABSOLUTE
    USER\OLED\oled.c                         0x00000000   Number         0  oled.o ABSOLUTE
    USER\OLED\sys.c                          0x00000000   Number         0  sys.o ABSOLUTE
    USER\SPI2\spi.c                          0x00000000   Number         0  spi.o ABSOLUTE
    USER\ah20\AHT20-21_DEMO_V1_3.c           0x00000000   Number         0  aht20-21_demo_v1_3.o ABSOLUTE
    USER\main.c                              0x00000000   Number         0  main.o ABSOLUTE
    USER\stm32f10x_it.c                      0x00000000   Number         0  stm32f10x_it.o ABSOLUTE
    dc.s                                     0x00000000   Number         0  dc.o ABSOLUTE
    handlers.s                               0x00000000   Number         0  handlers.o ABSOLUTE
    init.s                                   0x00000000   Number         0  init.o ABSOLUTE
    RESET                                    0x08000000   Section      236  startup_stm32f10x_md.o(RESET)
    .ARM.Collect$$$$00000000                 0x080000ec   Section        0  entry.o(.ARM.Collect$$$$00000000)
    .ARM.Collect$$$$00000001                 0x080000ec   Section        4  entry2.o(.ARM.Collect$$$$00000001)
    .ARM.Collect$$$$00000004                 0x080000f0   Section        4  entry5.o(.ARM.Collect$$$$00000004)
    .ARM.Collect$$$$00000008                 0x080000f4   Section        0  entry7b.o(.ARM.Collect$$$$00000008)
    .ARM.Collect$$$$0000000A                 0x080000f4   Section        0  entry8b.o(.ARM.Collect$$$$0000000A)
    .ARM.Collect$$$$0000000B                 0x080000f4   Section        8  entry9a.o(.ARM.Collect$$$$0000000B)
    .ARM.Collect$$$$0000000D                 0x080000fc   Section        0  entry10a.o(.ARM.Collect$$$$0000000D)
    .ARM.Collect$$$$0000000F                 0x080000fc   Section        0  entry11a.o(.ARM.Collect$$$$0000000F)
    .ARM.Collect$$$$00002712                 0x080000fc   Section        4  entry2.o(.ARM.Collect$$$$00002712)
    __lit__00000000                          0x080000fc   Data           4  entry2.o(.ARM.Collect$$$$00002712)
    .text                                    0x08000100   Section       36  startup_stm32f10x_md.o(.text)
    .text                                    0x08000124   Section        0  memseta.o(.text)
    .text                                    0x08000148   Section       36  init.o(.text)
    i.AHT20_Clock_Init                       0x0800016c   Section        0  aht20-21_demo_v1_3.o(i.AHT20_Clock_Init)
    i.AHT20_RD_Byte                          0x08000178   Section        0  aht20-21_demo_v1_3.o(i.AHT20_RD_Byte)
    i.AHT20_Read_CTdata_crc                  0x080001cc   Section        0  aht20-21_demo_v1_3.o(i.AHT20_Read_CTdata_crc)
    i.AHT20_Read_Status                      0x080002de   Section        0  aht20-21_demo_v1_3.o(i.AHT20_Read_Status)
    i.AHT20_SendAC                           0x08000300   Section        0  aht20-21_demo_v1_3.o(i.AHT20_SendAC)
    i.AHT20_Start_Init                       0x08000334   Section        0  aht20-21_demo_v1_3.o(i.AHT20_Start_Init)
    i.AHT20_WR_Byte                          0x0800034a   Section        0  aht20-21_demo_v1_3.o(i.AHT20_WR_Byte)
    i.Calc_CRC8                              0x0800039c   Section        0  aht20-21_demo_v1_3.o(i.Calc_CRC8)
    i.Delay_1ms                              0x080003d6   Section        0  aht20-21_demo_v1_3.o(i.Delay_1ms)
    i.Delay_4us                              0x080003ee   Section        0  aht20-21_demo_v1_3.o(i.Delay_4us)
    i.Delay_5us                              0x0800040a   Section        0  aht20-21_demo_v1_3.o(i.Delay_5us)
    i.Delay_N10us                            0x0800042c   Section        0  aht20-21_demo_v1_3.o(i.Delay_N10us)
    i.GPIO_Init                              0x08000444   Section        0  stm32f10x_gpio.o(i.GPIO_Init)
    i.GPIO_ReadInputDataBit                  0x0800055a   Section        0  stm32f10x_gpio.o(i.GPIO_ReadInputDataBit)
    i.GPIO_ResetBits                         0x0800056c   Section        0  stm32f10x_gpio.o(i.GPIO_ResetBits)
    i.GPIO_SetBits                           0x08000570   Section        0  stm32f10x_gpio.o(i.GPIO_SetBits)
    i.GUI_ShowCHinese                        0x08000574   Section        0  gui.o(i.GUI_ShowCHinese)
    i.GUI_ShowChar                           0x080005e0   Section        0  gui.o(i.GUI_ShowChar)
    i.GUI_ShowFont16                         0x080006f0   Section        0  gui.o(i.GUI_ShowFont16)
    i.GUI_ShowFont24                         0x080007e0   Section        0  gui.o(i.GUI_ShowFont24)
    i.GUI_ShowFont32                         0x080008e4   Section        0  gui.o(i.GUI_ShowFont32)
    i.GUI_ShowNum                            0x080009dc   Section        0  gui.o(i.GUI_ShowNum)
    i.I2C_Start                              0x08000a86   Section        0  aht20-21_demo_v1_3.o(i.I2C_Start)
    i.Init_I2C_Sensor_Port                   0x08000ab4   Section        0  aht20-21_demo_v1_3.o(i.Init_I2C_Sensor_Port)
    i.JH_Reset_REG                           0x08000b04   Section        0  aht20-21_demo_v1_3.o(i.JH_Reset_REG)
    i.NVIC_Configuration                     0x08000bb0   Section        0  sys.o(i.NVIC_Configuration)
    i.NVIC_PriorityGroupConfig               0x08000bbc   Section        0  misc.o(i.NVIC_PriorityGroupConfig)
    i.OLED_Clear                             0x08000bd0   Section        0  oled.o(i.OLED_Clear)
    i.OLED_Display                           0x08000bf8   Section        0  oled.o(i.OLED_Display)
    i.OLED_Init                              0x08000c40   Section        0  oled.o(i.OLED_Init)
    i.OLED_Init_GPIO                         0x08000d20   Section        0  oled.o(i.OLED_Init_GPIO)
    i.OLED_Reset                             0x08000d58   Section        0  oled.o(i.OLED_Reset)
    i.OLED_Set_Pixel                         0x08000d8c   Section        0  oled.o(i.OLED_Set_Pixel)
    i.OLED_WR_Byte                           0x08000e0c   Section        0  oled.o(i.OLED_WR_Byte)
    i.RCC_APB1PeriphClockCmd                 0x08000e50   Section        0  stm32f10x_rcc.o(i.RCC_APB1PeriphClockCmd)
    i.RCC_APB2PeriphClockCmd                 0x08000e70   Section        0  stm32f10x_rcc.o(i.RCC_APB2PeriphClockCmd)
    i.Receive_ACK                            0x08000e90   Section        0  aht20-21_demo_v1_3.o(i.Receive_ACK)
    i.SCL_Pin_Output_High                    0x08000edc   Section        0  aht20-21_demo_v1_3.o(i.SCL_Pin_Output_High)
    i.SCL_Pin_Output_Low                     0x08000eec   Section        0  aht20-21_demo_v1_3.o(i.SCL_Pin_Output_Low)
    i.SDA_Pin_IN_FLOATING                    0x08000efc   Section        0  aht20-21_demo_v1_3.o(i.SDA_Pin_IN_FLOATING)
    i.SDA_Pin_Output_High                    0x08000f20   Section        0  aht20-21_demo_v1_3.o(i.SDA_Pin_Output_High)
    i.SDA_Pin_Output_Low                     0x08000f4c   Section        0  aht20-21_demo_v1_3.o(i.SDA_Pin_Output_Low)
    i.SPI2_Init                              0x08000f78   Section        0  spi.o(i.SPI2_Init)
    i.SPI_Cmd                                0x08001018   Section        0  stm32f10x_spi.o(i.SPI_Cmd)
    i.SPI_Init                               0x08001030   Section        0  stm32f10x_spi.o(i.SPI_Init)
    i.SPI_WriteByte                          0x0800106c   Section        0  spi.o(i.SPI_WriteByte)
    i.Send_ACK                               0x0800108e   Section        0  aht20-21_demo_v1_3.o(i.Send_ACK)
    i.Send_NOT_ACK                           0x080010c4   Section        0  aht20-21_demo_v1_3.o(i.Send_NOT_ACK)
    i.SensorDelay_us                         0x080010fa   Section        0  aht20-21_demo_v1_3.o(i.SensorDelay_us)
    i.SetSysClock                            0x08001110   Section        0  system_stm32f10x.o(i.SetSysClock)
    SetSysClock                              0x08001111   Thumb Code     8  system_stm32f10x.o(i.SetSysClock)
    i.SetSysClockTo72                        0x08001118   Section        0  system_stm32f10x.o(i.SetSysClockTo72)
    SetSysClockTo72                          0x08001119   Thumb Code   214  system_stm32f10x.o(i.SetSysClockTo72)
    i.Stop_I2C                               0x080011f8   Section        0  aht20-21_demo_v1_3.o(i.Stop_I2C)
    i.SysTick_CLKSourceConfig                0x0800121a   Section        0  misc.o(i.SysTick_CLKSourceConfig)
    i.SystemInit                             0x08001244   Section        0  system_stm32f10x.o(i.SystemInit)
    i.__scatterload_copy                     0x080012a4   Section       14  handlers.o(i.__scatterload_copy)
    i.__scatterload_null                     0x080012b2   Section        2  handlers.o(i.__scatterload_null)
    i.__scatterload_zeroinit                 0x080012b4   Section       14  handlers.o(i.__scatterload_zeroinit)
    i.delay_init                             0x080012c4   Section        0  delay.o(i.delay_init)
    i.delay_ms                               0x08001308   Section        0  delay.o(i.delay_ms)
    i.main                                   0x08001354   Section        0  main.o(i.main)
    i.mypow                                  0x080014e4   Section        0  gui.o(i.mypow)
    mypow                                    0x080014e5   Thumb Code    22  gui.o(i.mypow)
    .constdata                               0x080014fa   Section     4150  gui.o(.constdata)
    .data                                    0x20000000   Section        4  delay.o(.data)
    fac_us                                   0x20000000   Data           1  delay.o(.data)
    fac_ms                                   0x20000002   Data           2  delay.o(.data)
    .data                                    0x20000004   Section       20  system_stm32f10x.o(.data)
    .bss                                     0x20000018   Section     1024  oled.o(.bss)
    OLED_buffer                              0x20000018   Data        1024  oled.o(.bss)
    STACK                                    0x20000418   Section     1024  startup_stm32f10x_md.o(STACK)

    Global Symbols

    Symbol Name                              Value     Ov Type        Size  Object(Section)

    BuildAttributes$$THM_ISAv4$P$D$K$B$S$PE$A:L22UL41UL21$X:L11$S22US41US21$IEEE1$IW$USESV6$~STKCKD$USESV7$~SHL$OSPACE$EBA8$MICROLIB$REQ8$PRES8$EABIv2 0x00000000   Number         0  anon$$obj.o ABSOLUTE
    __ARM_use_no_argv                        0x00000000   Number         0  main.o ABSOLUTE
    __cpp_initialize__aeabi_                  - Undefined Weak Reference
    __cxa_finalize                            - Undefined Weak Reference
    __decompress                              - Undefined Weak Reference
    _clock_init                               - Undefined Weak Reference
    _microlib_exit                            - Undefined Weak Reference
    __Vectors_Size                           0x000000ec   Number         0  startup_stm32f10x_md.o ABSOLUTE
    __Vectors                                0x08000000   Data           4  startup_stm32f10x_md.o(RESET)
    __Vectors_End                            0x080000ec   Data           0  startup_stm32f10x_md.o(RESET)
    __main                                   0x080000ed   Thumb Code     0  entry.o(.ARM.Collect$$$$00000000)
    _main_stk                                0x080000ed   Thumb Code     0  entry2.o(.ARM.Collect$$$$00000001)
    _main_scatterload                        0x080000f1   Thumb Code     0  entry5.o(.ARM.Collect$$$$00000004)
    __main_after_scatterload                 0x080000f5   Thumb Code     0  entry5.o(.ARM.Collect$$$$00000004)
    _main_clock                              0x080000f5   Thumb Code     0  entry7b.o(.ARM.Collect$$$$00000008)
    _main_cpp_init                           0x080000f5   Thumb Code     0  entry8b.o(.ARM.Collect$$$$0000000A)
    _main_init                               0x080000f5   Thumb Code     0  entry9a.o(.ARM.Collect$$$$0000000B)
    __rt_final_cpp                           0x080000fd   Thumb Code     0  entry10a.o(.ARM.Collect$$$$0000000D)
    __rt_final_exit                          0x080000fd   Thumb Code     0  entry11a.o(.ARM.Collect$$$$0000000F)
    Reset_Handler                            0x08000101   Thumb Code     8  startup_stm32f10x_md.o(.text)
    NMI_Handler                              0x08000109   Thumb Code     2  startup_stm32f10x_md.o(.text)
    HardFault_Handler                        0x0800010b   Thumb Code     2  startup_stm32f10x_md.o(.text)
    MemManage_Handler                        0x0800010d   Thumb Code     2  startup_stm32f10x_md.o(.text)
    BusFault_Handler                         0x0800010f   Thumb Code     2  startup_stm32f10x_md.o(.text)
    UsageFault_Handler                       0x08000111   Thumb Code     2  startup_stm32f10x_md.o(.text)
    SVC_Handler                              0x08000113   Thumb Code     2  startup_stm32f10x_md.o(.text)
    DebugMon_Handler                         0x08000115   Thumb Code     2  startup_stm32f10x_md.o(.text)
    PendSV_Handler                           0x08000117   Thumb Code     2  startup_stm32f10x_md.o(.text)
    SysTick_Handler                          0x08000119   Thumb Code     2  startup_stm32f10x_md.o(.text)
    ADC1_2_IRQHandler                        0x0800011b   Thumb Code     0  startup_stm32f10x_md.o(.text)
    CAN1_RX1_IRQHandler                      0x0800011b   Thumb Code     0  startup_stm32f10x_md.o(.text)
    CAN1_SCE_IRQHandler                      0x0800011b   Thumb Code     0  startup_stm32f10x_md.o(.text)
    DMA1_Channel1_IRQHandler                 0x0800011b   Thumb Code     0  startup_stm32f10x_md.o(.text)
    DMA1_Channel2_IRQHandler                 0x0800011b   Thumb Code     0  startup_stm32f10x_md.o(.text)
    DMA1_Channel3_IRQHandler                 0x0800011b   Thumb Code     0  startup_stm32f10x_md.o(.text)
    DMA1_Channel4_IRQHandler                 0x0800011b   Thumb Code     0  startup_stm32f10x_md.o(.text)
    DMA1_Channel5_IRQHandler                 0x0800011b   Thumb Code     0  startup_stm32f10x_md.o(.text)
    DMA1_Channel6_IRQHandler                 0x0800011b   Thumb Code     0  startup_stm32f10x_md.o(.text)
    DMA1_Channel7_IRQHandler                 0x0800011b   Thumb Code     0  startup_stm32f10x_md.o(.text)
    EXTI0_IRQHandler                         0x0800011b   Thumb Code     0  startup_stm32f10x_md.o(.text)
    EXTI15_10_IRQHandler                     0x0800011b   Thumb Code     0  startup_stm32f10x_md.o(.text)
    EXTI1_IRQHandler                         0x0800011b   Thumb Code     0  startup_stm32f10x_md.o(.text)
    EXTI2_IRQHandler                         0x0800011b   Thumb Code     0  startup_stm32f10x_md.o(.text)
    EXTI3_IRQHandler                         0x0800011b   Thumb Code     0  startup_stm32f10x_md.o(.text)
    EXTI4_IRQHandler                         0x0800011b   Thumb Code     0  startup_stm32f10x_md.o(.text)
    EXTI9_5_IRQHandler                       0x0800011b   Thumb Code     0  startup_stm32f10x_md.o(.text)
    FLASH_IRQHandler                         0x0800011b   Thumb Code     0  startup_stm32f10x_md.o(.text)
    I2C1_ER_IRQHandler                       0x0800011b   Thumb Code     0  startup_stm32f10x_md.o(.text)
    I2C1_EV_IRQHandler                       0x0800011b   Thumb Code     0  startup_stm32f10x_md.o(.text)
    I2C2_ER_IRQHandler                       0x0800011b   Thumb Code     0  startup_stm32f10x_md.o(.text)
    I2C2_EV_IRQHandler                       0x0800011b   Thumb Code     0  startup_stm32f10x_md.o(.text)
    PVD_IRQHandler                           0x0800011b   Thumb Code     0  startup_stm32f10x_md.o(.text)
    RCC_IRQHandler                           0x0800011b   Thumb Code     0  startup_stm32f10x_md.o(.text)
    RTCAlarm_IRQHandler                      0x0800011b   Thumb Code     0  startup_stm32f10x_md.o(.text)
    RTC_IRQHandler                           0x0800011b   Thumb Code     0  startup_stm32f10x_md.o(.text)
    SPI1_IRQHandler                          0x0800011b   Thumb Code     0  startup_stm32f10x_md.o(.text)
    SPI2_IRQHandler                          0x0800011b   Thumb Code     0  startup_stm32f10x_md.o(.text)
    TAMPER_IRQHandler                        0x0800011b   Thumb Code     0  startup_stm32f10x_md.o(.text)
    TIM1_BRK_IRQHandler                      0x0800011b   Thumb Code     0  startup_stm32f10x_md.o(.text)
    TIM1_CC_IRQHandler                       0x0800011b   Thumb Code     0  startup_stm32f10x_md.o(.text)
    TIM1_TRG_COM_IRQHandler                  0x0800011b   Thumb Code     0  startup_stm32f10x_md.o(.text)
    TIM1_UP_IRQHandler                       0x0800011b   Thumb Code     0  startup_stm32f10x_md.o(.text)
    TIM2_IRQHandler                          0x0800011b   Thumb Code     0  startup_stm32f10x_md.o(.text)
    TIM3_IRQHandler                          0x0800011b   Thumb Code     0  startup_stm32f10x_md.o(.text)
    TIM4_IRQHandler                          0x0800011b   Thumb Code     0  startup_stm32f10x_md.o(.text)
    USART1_IRQHandler                        0x0800011b   Thumb Code     0  startup_stm32f10x_md.o(.text)
    USART2_IRQHandler                        0x0800011b   Thumb Code     0  startup_stm32f10x_md.o(.text)
    USART3_IRQHandler                        0x0800011b   Thumb Code     0  startup_stm32f10x_md.o(.text)
    USBWakeUp_IRQHandler                     0x0800011b   Thumb Code     0  startup_stm32f10x_md.o(.text)
    USB_HP_CAN1_TX_IRQHandler                0x0800011b   Thumb Code     0  startup_stm32f10x_md.o(.text)
    USB_LP_CAN1_RX0_IRQHandler               0x0800011b   Thumb Code     0  startup_stm32f10x_md.o(.text)
    WWDG_IRQHandler                          0x0800011b   Thumb Code     0  startup_stm32f10x_md.o(.text)
    __aeabi_memset                           0x08000125   Thumb Code    14  memseta.o(.text)
    __aeabi_memset4                          0x08000125   Thumb Code     0  memseta.o(.text)
    __aeabi_memset8                          0x08000125   Thumb Code     0  memseta.o(.text)
    __aeabi_memclr                           0x08000133   Thumb Code     4  memseta.o(.text)
    __aeabi_memclr4                          0x08000133   Thumb Code     0  memseta.o(.text)
    __aeabi_memclr8                          0x08000133   Thumb Code     0  memseta.o(.text)
    _memset$wrapper                          0x08000137   Thumb Code    18  memseta.o(.text)
    __scatterload                            0x08000149   Thumb Code    28  init.o(.text)
    __scatterload_rt2                        0x08000149   Thumb Code     0  init.o(.text)
    AHT20_Clock_Init                         0x0800016d   Thumb Code    12  aht20-21_demo_v1_3.o(i.AHT20_Clock_Init)
    AHT20_RD_Byte                            0x08000179   Thumb Code    80  aht20-21_demo_v1_3.o(i.AHT20_RD_Byte)
    AHT20_Read_CTdata_crc                    0x080001cd   Thumb Code   274  aht20-21_demo_v1_3.o(i.AHT20_Read_CTdata_crc)
    AHT20_Read_Status                        0x080002df   Thumb Code    34  aht20-21_demo_v1_3.o(i.AHT20_Read_Status)
    AHT20_SendAC                             0x08000301   Thumb Code    52  aht20-21_demo_v1_3.o(i.AHT20_SendAC)
    AHT20_Start_Init                         0x08000335   Thumb Code    22  aht20-21_demo_v1_3.o(i.AHT20_Start_Init)
    AHT20_WR_Byte                            0x0800034b   Thumb Code    82  aht20-21_demo_v1_3.o(i.AHT20_WR_Byte)
    Calc_CRC8                                0x0800039d   Thumb Code    58  aht20-21_demo_v1_3.o(i.Calc_CRC8)
    Delay_1ms                                0x080003d7   Thumb Code    24  aht20-21_demo_v1_3.o(i.Delay_1ms)
    Delay_4us                                0x080003ef   Thumb Code    28  aht20-21_demo_v1_3.o(i.Delay_4us)
    Delay_5us                                0x0800040b   Thumb Code    34  aht20-21_demo_v1_3.o(i.Delay_5us)
    Delay_N10us                              0x0800042d   Thumb Code    24  aht20-21_demo_v1_3.o(i.Delay_N10us)
    GPIO_Init                                0x08000445   Thumb Code   278  stm32f10x_gpio.o(i.GPIO_Init)
    GPIO_ReadInputDataBit                    0x0800055b   Thumb Code    18  stm32f10x_gpio.o(i.GPIO_ReadInputDataBit)
    GPIO_ResetBits                           0x0800056d   Thumb Code     4  stm32f10x_gpio.o(i.GPIO_ResetBits)
    GPIO_SetBits                             0x08000571   Thumb Code     4  stm32f10x_gpio.o(i.GPIO_SetBits)
    GUI_ShowCHinese                          0x08000575   Thumb Code   106  gui.o(i.GUI_ShowCHinese)
    GUI_ShowChar                             0x080005e1   Thumb Code   262  gui.o(i.GUI_ShowChar)
    GUI_ShowFont16                           0x080006f1   Thumb Code   236  gui.o(i.GUI_ShowFont16)
    GUI_ShowFont24                           0x080007e1   Thumb Code   256  gui.o(i.GUI_ShowFont24)
    GUI_ShowFont32                           0x080008e5   Thumb Code   244  gui.o(i.GUI_ShowFont32)
    GUI_ShowNum                              0x080009dd   Thumb Code   170  gui.o(i.GUI_ShowNum)
    I2C_Start                                0x08000a87   Thumb Code    44  aht20-21_demo_v1_3.o(i.I2C_Start)
    Init_I2C_Sensor_Port                     0x08000ab5   Thumb Code    76  aht20-21_demo_v1_3.o(i.Init_I2C_Sensor_Port)
    JH_Reset_REG                             0x08000b05   Thumb Code   172  aht20-21_demo_v1_3.o(i.JH_Reset_REG)
    NVIC_Configuration                       0x08000bb1   Thumb Code    12  sys.o(i.NVIC_Configuration)
    NVIC_PriorityGroupConfig                 0x08000bbd   Thumb Code    10  misc.o(i.NVIC_PriorityGroupConfig)
    OLED_Clear                               0x08000bd1   Thumb Code    36  oled.o(i.OLED_Clear)
    OLED_Display                             0x08000bf9   Thumb Code    68  oled.o(i.OLED_Display)
    OLED_Init                                0x08000c41   Thumb Code   222  oled.o(i.OLED_Init)
    OLED_Init_GPIO                           0x08000d21   Thumb Code    50  oled.o(i.OLED_Init_GPIO)
    OLED_Reset                               0x08000d59   Thumb Code    46  oled.o(i.OLED_Reset)
    OLED_Set_Pixel                           0x08000d8d   Thumb Code   122  oled.o(i.OLED_Set_Pixel)
    OLED_WR_Byte                             0x08000e0d   Thumb Code    60  oled.o(i.OLED_WR_Byte)
    RCC_APB1PeriphClockCmd                   0x08000e51   Thumb Code    26  stm32f10x_rcc.o(i.RCC_APB1PeriphClockCmd)
    RCC_APB2PeriphClockCmd                   0x08000e71   Thumb Code    26  stm32f10x_rcc.o(i.RCC_APB2PeriphClockCmd)
    Receive_ACK                              0x08000e91   Thumb Code    70  aht20-21_demo_v1_3.o(i.Receive_ACK)
    SCL_Pin_Output_High                      0x08000edd   Thumb Code    12  aht20-21_demo_v1_3.o(i.SCL_Pin_Output_High)
    SCL_Pin_Output_Low                       0x08000eed   Thumb Code    12  aht20-21_demo_v1_3.o(i.SCL_Pin_Output_Low)
    SDA_Pin_IN_FLOATING                      0x08000efd   Thumb Code    30  aht20-21_demo_v1_3.o(i.SDA_Pin_IN_FLOATING)
    SDA_Pin_Output_High                      0x08000f21   Thumb Code    38  aht20-21_demo_v1_3.o(i.SDA_Pin_Output_High)
    SDA_Pin_Output_Low                       0x08000f4d   Thumb Code    38  aht20-21_demo_v1_3.o(i.SDA_Pin_Output_Low)
    SPI2_Init                                0x08000f79   Thumb Code   150  spi.o(i.SPI2_Init)
    SPI_Cmd                                  0x08001019   Thumb Code    24  stm32f10x_spi.o(i.SPI_Cmd)
    SPI_Init                                 0x08001031   Thumb Code    60  stm32f10x_spi.o(i.SPI_Init)
    SPI_WriteByte                            0x0800106d   Thumb Code    34  spi.o(i.SPI_WriteByte)
    Send_ACK                                 0x0800108f   Thumb Code    54  aht20-21_demo_v1_3.o(i.Send_ACK)
    Send_NOT_ACK                             0x080010c5   Thumb Code    54  aht20-21_demo_v1_3.o(i.Send_NOT_ACK)
    SensorDelay_us                           0x080010fb   Thumb Code    22  aht20-21_demo_v1_3.o(i.SensorDelay_us)
    Stop_I2C                                 0x080011f9   Thumb Code    34  aht20-21_demo_v1_3.o(i.Stop_I2C)
    SysTick_CLKSourceConfig                  0x0800121b   Thumb Code    40  misc.o(i.SysTick_CLKSourceConfig)
    SystemInit                               0x08001245   Thumb Code    78  system_stm32f10x.o(i.SystemInit)
    __scatterload_copy                       0x080012a5   Thumb Code    14  handlers.o(i.__scatterload_copy)
    __scatterload_null                       0x080012b3   Thumb Code     2  handlers.o(i.__scatterload_null)
    __scatterload_zeroinit                   0x080012b5   Thumb Code    14  handlers.o(i.__scatterload_zeroinit)
    delay_init                               0x080012c5   Thumb Code    50  delay.o(i.delay_init)
    delay_ms                                 0x08001309   Thumb Code    72  delay.o(i.delay_ms)
    main                                     0x08001355   Thumb Code   372  main.o(i.main)
    F6x8                                     0x080014fa   Data         760  gui.o(.constdata)
    F8X16                                    0x080017f2   Data        1520  gui.o(.constdata)
    cfont16                                  0x08001de2   Data         646  gui.o(.constdata)
    cfont24                                  0x08002068   Data         444  gui.o(.constdata)
    cfont32                                  0x08002224   Data         780  gui.o(.constdata)
    Region$$Table$$Base                      0x08002530   Number         0  anon$$obj.o(Region$$Table)
    Region$$Table$$Limit                     0x08002550   Number         0  anon$$obj.o(Region$$Table)
    SystemCoreClock                          0x20000004   Data           4  system_stm32f10x.o(.data)
    AHBPrescTable                            0x20000008   Data          16  system_stm32f10x.o(.data)
    __initial_sp                             0x20000818   Data           0  startup_stm32f10x_md.o(STACK)



==============================================================================

Memory Map of the image

  Image Entry point : 0x080000ed

  Load Region LR_IROM1 (Base: 0x08000000, Size: 0x00002568, Max: 0x00010000, ABSOLUTE)

    Execution Region ER_IROM1 (Exec base: 0x08000000, Load base: 0x08000000, Size: 0x00002550, Max: 0x00010000, ABSOLUTE)

    Exec Addr    Load Addr    Size         Type   Attr      Idx    E Section Name        Object

    0x08000000   0x08000000   0x000000ec   Data   RO         3610    RESET               startup_stm32f10x_md.o
    0x080000ec   0x080000ec   0x00000000   Code   RO         3615  * .ARM.Collect$$$$00000000  mc_w.l(entry.o)
    0x080000ec   0x080000ec   0x00000004   Code   RO         3620    .ARM.Collect$$$$00000001  mc_w.l(entry2.o)
    0x080000f0   0x080000f0   0x00000004   Code   RO         3623    .ARM.Collect$$$$00000004  mc_w.l(entry5.o)
    0x080000f4   0x080000f4   0x00000000   Code   RO         3625    .ARM.Collect$$$$00000008  mc_w.l(entry7b.o)
    0x080000f4   0x080000f4   0x00000000   Code   RO         3627    .ARM.Collect$$$$0000000A  mc_w.l(entry8b.o)
    0x080000f4   0x080000f4   0x00000008   Code   RO         3628    .ARM.Collect$$$$0000000B  mc_w.l(entry9a.o)
    0x080000fc   0x080000fc   0x00000000   Code   RO         3630    .ARM.Collect$$$$0000000D  mc_w.l(entry10a.o)
    0x080000fc   0x080000fc   0x00000000   Code   RO         3632    .ARM.Collect$$$$0000000F  mc_w.l(entry11a.o)
    0x080000fc   0x080000fc   0x00000004   Code   RO         3621    .ARM.Collect$$$$00002712  mc_w.l(entry2.o)
    0x08000100   0x08000100   0x00000024   Code   RO         3611    .text               startup_stm32f10x_md.o
    0x08000124   0x08000124   0x00000024   Code   RO         3618    .text               mc_w.l(memseta.o)
    0x08000148   0x08000148   0x00000024   Code   RO         3634    .text               mc_w.l(init.o)
    0x0800016c   0x0800016c   0x0000000c   Code   RO          121    i.AHT20_Clock_Init  aht20-21_demo_v1_3.o
    0x08000178   0x08000178   0x00000054   Code   RO          122    i.AHT20_RD_Byte     aht20-21_demo_v1_3.o
    0x080001cc   0x080001cc   0x00000112   Code   RO          124    i.AHT20_Read_CTdata_crc  aht20-21_demo_v1_3.o
    0x080002de   0x080002de   0x00000022   Code   RO          125    i.AHT20_Read_Status  aht20-21_demo_v1_3.o
    0x08000300   0x08000300   0x00000034   Code   RO          126    i.AHT20_SendAC      aht20-21_demo_v1_3.o
    0x08000334   0x08000334   0x00000016   Code   RO          127    i.AHT20_Start_Init  aht20-21_demo_v1_3.o
    0x0800034a   0x0800034a   0x00000052   Code   RO          128    i.AHT20_WR_Byte     aht20-21_demo_v1_3.o
    0x0800039c   0x0800039c   0x0000003a   Code   RO          129    i.Calc_CRC8         aht20-21_demo_v1_3.o
    0x080003d6   0x080003d6   0x00000018   Code   RO          130    i.Delay_1ms         aht20-21_demo_v1_3.o
    0x080003ee   0x080003ee   0x0000001c   Code   RO          131    i.Delay_4us         aht20-21_demo_v1_3.o
    0x0800040a   0x0800040a   0x00000022   Code   RO          132    i.Delay_5us         aht20-21_demo_v1_3.o
    0x0800042c   0x0800042c   0x00000018   Code   RO          133    i.Delay_N10us       aht20-21_demo_v1_3.o
    0x08000444   0x08000444   0x00000116   Code   RO         1792    i.GPIO_Init         stm32f10x_gpio.o
    0x0800055a   0x0800055a   0x00000012   Code   RO         1796    i.GPIO_ReadInputDataBit  stm32f10x_gpio.o
    0x0800056c   0x0800056c   0x00000004   Code   RO         1799    i.GPIO_ResetBits    stm32f10x_gpio.o
    0x08000570   0x08000570   0x00000004   Code   RO         1800    i.GPIO_SetBits      stm32f10x_gpio.o
    0x08000574   0x08000574   0x0000006a   Code   RO          296    i.GUI_ShowCHinese   gui.o
    0x080005de   0x080005de   0x00000002   PAD
    0x080005e0   0x080005e0   0x00000110   Code   RO          297    i.GUI_ShowChar      gui.o
    0x080006f0   0x080006f0   0x000000f0   Code   RO          298    i.GUI_ShowFont16    gui.o
    0x080007e0   0x080007e0   0x00000104   Code   RO          299    i.GUI_ShowFont24    gui.o
    0x080008e4   0x080008e4   0x000000f8   Code   RO          300    i.GUI_ShowFont32    gui.o
    0x080009dc   0x080009dc   0x000000aa   Code   RO          301    i.GUI_ShowNum       gui.o
    0x08000a86   0x08000a86   0x0000002c   Code   RO          134    i.I2C_Start         aht20-21_demo_v1_3.o
    0x08000ab2   0x08000ab2   0x00000002   PAD
    0x08000ab4   0x08000ab4   0x00000050   Code   RO          135    i.Init_I2C_Sensor_Port  aht20-21_demo_v1_3.o
    0x08000b04   0x08000b04   0x000000ac   Code   RO          136    i.JH_Reset_REG      aht20-21_demo_v1_3.o
    0x08000bb0   0x08000bb0   0x0000000c   Code   RO          565    i.NVIC_Configuration  sys.o
    0x08000bbc   0x08000bbc   0x00000014   Code   RO          642    i.NVIC_PriorityGroupConfig  misc.o
    0x08000bd0   0x08000bd0   0x00000028   Code   RO          435    i.OLED_Clear        oled.o
    0x08000bf8   0x08000bf8   0x00000048   Code   RO          436    i.OLED_Display      oled.o
    0x08000c40   0x08000c40   0x000000de   Code   RO          439    i.OLED_Init         oled.o
    0x08000d1e   0x08000d1e   0x00000002   PAD
    0x08000d20   0x08000d20   0x00000038   Code   RO          440    i.OLED_Init_GPIO    oled.o
    0x08000d58   0x08000d58   0x00000034   Code   RO          441    i.OLED_Reset        oled.o
    0x08000d8c   0x08000d8c   0x00000080   Code   RO          442    i.OLED_Set_Pixel    oled.o
    0x08000e0c   0x08000e0c   0x00000044   Code   RO          444    i.OLED_WR_Byte      oled.o
    0x08000e50   0x08000e50   0x00000020   Code   RO         2208    i.RCC_APB1PeriphClockCmd  stm32f10x_rcc.o
    0x08000e70   0x08000e70   0x00000020   Code   RO         2210    i.RCC_APB2PeriphClockCmd  stm32f10x_rcc.o
    0x08000e90   0x08000e90   0x0000004c   Code   RO          137    i.Receive_ACK       aht20-21_demo_v1_3.o
    0x08000edc   0x08000edc   0x00000010   Code   RO          138    i.SCL_Pin_Output_High  aht20-21_demo_v1_3.o
    0x08000eec   0x08000eec   0x00000010   Code   RO          139    i.SCL_Pin_Output_Low  aht20-21_demo_v1_3.o
    0x08000efc   0x08000efc   0x00000024   Code   RO          140    i.SDA_Pin_IN_FLOATING  aht20-21_demo_v1_3.o
    0x08000f20   0x08000f20   0x0000002c   Code   RO          141    i.SDA_Pin_Output_High  aht20-21_demo_v1_3.o
    0x08000f4c   0x08000f4c   0x0000002c   Code   RO          142    i.SDA_Pin_Output_Low  aht20-21_demo_v1_3.o
    0x08000f78   0x08000f78   0x000000a0   Code   RO          512    i.SPI2_Init         spi.o
    0x08001018   0x08001018   0x00000018   Code   RO         2687    i.SPI_Cmd           stm32f10x_spi.o
    0x08001030   0x08001030   0x0000003c   Code   RO         2700    i.SPI_Init          stm32f10x_spi.o
    0x0800106c   0x0800106c   0x00000022   Code   RO          514    i.SPI_WriteByte     spi.o
    0x0800108e   0x0800108e   0x00000036   Code   RO          143    i.Send_ACK          aht20-21_demo_v1_3.o
    0x080010c4   0x080010c4   0x00000036   Code   RO          144    i.Send_NOT_ACK      aht20-21_demo_v1_3.o
    0x080010fa   0x080010fa   0x00000016   Code   RO          145    i.SensorDelay_us    aht20-21_demo_v1_3.o
    0x08001110   0x08001110   0x00000008   Code   RO          588    i.SetSysClock       system_stm32f10x.o
    0x08001118   0x08001118   0x000000e0   Code   RO          589    i.SetSysClockTo72   system_stm32f10x.o
    0x080011f8   0x080011f8   0x00000022   Code   RO          146    i.Stop_I2C          aht20-21_demo_v1_3.o
    0x0800121a   0x0800121a   0x00000028   Code   RO          645    i.SysTick_CLKSourceConfig  misc.o
    0x08001242   0x08001242   0x00000002   PAD
    0x08001244   0x08001244   0x00000060   Code   RO          591    i.SystemInit        system_stm32f10x.o
    0x080012a4   0x080012a4   0x0000000e   Code   RO         3638    i.__scatterload_copy  mc_w.l(handlers.o)
    0x080012b2   0x080012b2   0x00000002   Code   RO         3639    i.__scatterload_null  mc_w.l(handlers.o)
    0x080012b4   0x080012b4   0x0000000e   Code   RO         3640    i.__scatterload_zeroinit  mc_w.l(handlers.o)
    0x080012c2   0x080012c2   0x00000002   PAD
    0x080012c4   0x080012c4   0x00000044   Code   RO          539    i.delay_init        delay.o
    0x08001308   0x08001308   0x0000004c   Code   RO          540    i.delay_ms          delay.o
    0x08001354   0x08001354   0x00000190   Code   RO            1    i.main              main.o
    0x080014e4   0x080014e4   0x00000016   Code   RO          306    i.mypow             gui.o
    0x080014fa   0x080014fa   0x00001036   Data   RO          307    .constdata          gui.o
    0x08002530   0x08002530   0x00000020   Data   RO         3636    Region$$Table       anon$$obj.o


    Execution Region RW_IRAM1 (Exec base: 0x20000000, Load base: 0x08002550, Size: 0x00000818, Max: 0x00005000, ABSOLUTE)

    Exec Addr    Load Addr    Size         Type   Attr      Idx    E Section Name        Object

    0x20000000   0x08002550   0x00000004   Data   RW          542    .data               delay.o
    0x20000004   0x08002554   0x00000014   Data   RW          592    .data               system_stm32f10x.o
    0x20000018        -       0x00000400   Zero   RW          445    .bss                oled.o
    0x20000418        -       0x00000400   Zero   RW         3608    STACK               startup_stm32f10x_md.o


==============================================================================

Image component sizes


      Code (inc. data)   RO Data    RW Data    ZI Data      Debug   Object Name

      1420         40          0          0          0      13265   aht20-21_demo_v1_3.o
         0          0          0          0          0         32   core_cm3.o
       144         22          0          4          0       1040   delay.o
      1318         22       4150          0          0       6827   gui.o
       400         28          0          0          0     222431   main.o
        60         10          0          0          0        881   misc.o
       638         34          0          0       1024       4066   oled.o
       194         10          0          0          0       1400   spi.o
        36          8        236          0       1024        752   startup_stm32f10x_md.o
       304          0          0          0          0       3400   stm32f10x_gpio.o
        64         12          0          0          0        986   stm32f10x_rcc.o
        84          0          0          0          0       2041   stm32f10x_spi.o
        12          0          0          0          0        405   sys.o
       328         28          0         20          0       2121   system_stm32f10x.o

    ----------------------------------------------------------------------
      5010        214       4418         24       2048     259647   Object Totals
         0          0         32          0          0          0   (incl. Generated)
         8          0          0          0          0          0   (incl. Padding)

    ----------------------------------------------------------------------

      Code (inc. data)   RO Data    RW Data    ZI Data      Debug   Library Member Name

         0          0          0          0          0          0   entry.o
         0          0          0          0          0          0   entry10a.o
         0          0          0          0          0          0   entry11a.o
         8          4          0          0          0          0   entry2.o
         4          0          0          0          0          0   entry5.o
         0          0          0          0          0          0   entry7b.o
         0          0          0          0          0          0   entry8b.o
         8          4          0          0          0          0   entry9a.o
        30          0          0          0          0          0   handlers.o
        36          8          0          0          0         68   init.o
        36          0          0          0          0        108   memseta.o

    ----------------------------------------------------------------------
       124         16          0          0          0        176   Library Totals
         2          0          0          0          0          0   (incl. Padding)

    ----------------------------------------------------------------------

      Code (inc. data)   RO Data    RW Data    ZI Data      Debug   Library Name

       122         16          0          0          0        176   mc_w.l

    ----------------------------------------------------------------------
       124         16          0          0          0        176   Library Totals

    ----------------------------------------------------------------------

==============================================================================


      Code (inc. data)   RO Data    RW Data    ZI Data      Debug   

      5134        230       4418         24       2048     257115   Grand Totals
      5134        230       4418         24       2048     257115   ELF Image Totals
      5134        230       4418         24          0          0   ROM Totals

==============================================================================

    Total RO  Size (Code + RO Data)                 9552 (   9.33kB)
    Total RW  Size (RW Data + ZI Data)              2072 (   2.02kB)
    Total ROM Size (Code + RO Data + RW Data)       9576 (   9.35kB)

==============================================================================

