<html>
<body>
<pre>
<h1>µVision Build Log</h1>
<h2>Tool Versions:</h2>
IDE-Version: ¦ÌVision V5.33.0.0
Copyright (C) 2020 ARM Ltd and ARM Germany GmbH. All rights reserved.
License Information: a a, 4, LIC=21E4T-RMFJF-2ZZW4-FND0J-DQA6G-N8075
 
Tool Versions:
Toolchain:       MDK-ARM Plus  Version: 5.33.0.0
Toolchain Path:  F:\CubeMX_and_Keil\CubeMX_and_Keil\2.Keil\software\ARM\ARMCC\Bin
C Compiler:      Armcc.exe V5.06 update 7 (build 960)
Assembler:       Armasm.exe V5.06 update 7 (build 960)
Linker/Locator:  ArmLink.exe V5.06 update 7 (build 960)
Library Manager: ArmAr.exe V5.06 update 7 (build 960)
Hex Converter:   FromElf.exe V5.06 update 7 (build 960)
CPU DLL:         SARMCM3.DLL V5.33.0.0
Dialog DLL:      DCM.DLL V1.17.3.0
Target DLL:      STLink\ST-LINKIII-KEIL_SWO.dll V3.0.8.0
Dialog DLL:      TCM.DLL V1.48.0.0
 
<h2>Project:</h2>
E:\32pros\0.96inch_OLED_Demo_STM32F103RCT6_Hardware_4-wire_SPI\PROJECT\OLED.uvprojx
Project File Date:  08/13/2023

<h2>Output:</h2>
*** Using Compiler 'V5.06 update 7 (build 960)', folder: 'F:\CubeMX_and_Keil\CubeMX_and_Keil\2.Keil\software\ARM\ARMCC\Bin'
Rebuild target 'QD-OLED'
compiling main.c...
assembling startup_stm32f10x_md.s...
compiling stm32f10x_gpio.c...
compiling test.c...
compiling oled.c...
compiling system_stm32f10x.c...
compiling gui.c...
compiling misc.c...
compiling delay.c...
compiling spi.c...
compiling sys.c...
compiling stm32f10x_it.c...
compiling stm32f10x_rcc.c...
compiling core_cm3.c...
compiling stm32f10x_spi.c...
linking...
Program Size: Code=10792 RO-data=4420 RW-data=3340 ZI-data=2884  
FromELF: creating hex file...
"..\OBJ\TEST_OLED.axf" - 0 Error(s), 0 Warning(s).

<h2>Software Packages used:</h2>

Package Vendor: ARM
                http://www.keil.com/pack/ARM.CMSIS.5.7.0.pack
                ARM.CMSIS.5.7.0
                CMSIS (Cortex Microcontroller Software Interface Standard)
   * Component: CORE Version: 5.4.0

Package Vendor: Keil
                http://www.keil.com/pack/Keil.STM32F1xx_DFP.2.3.0.pack
                Keil.STM32F1xx_DFP.2.3.0
                STMicroelectronics STM32F1 Series Device Support, Drivers and Examples

<h2>Collection of Component include folders:</h2>
  .\RTE\_QD-OLED
  F:\CubeMX_and_Keil\CubeMX_and_Keil\2.Keil\software\packs\ARM\CMSIS\5.7.0\CMSIS\Core\Include
  F:\CubeMX_and_Keil\CubeMX_and_Keil\2.Keil\software\packs\Keil\STM32F1xx_DFP\2.3.0\Device\Include

<h2>Collection of Component Files used:</h2>

   * Component: ARM::CMSIS:CORE:5.4.0
Build Time Elapsed:  00:00:02
</pre>
</body>
</html>
