<html>
<body>
<pre>
<h1>礦ision Build Log</h1>
<h2>Tool Versions:</h2>
IDE-Version: μVision V5.26.2.0
Copyright (C) 2018 ARM Ltd and ARM Germany GmbH. All rights reserved.
License Information:  ,  , LIC=32B1Q-NSD2W-8TW3P-MEKRT-RR77K-CJXBB
 
Tool Versions:
Toolchain:       MDK-ARM Plus  Version: 5.26.2.0
Toolchain Path:  D:\stm32_soft\stm32_keil5\ARM\ARMCC\Bin
C Compiler:      Armcc.exe V5.06 update 6 (build 750)
Assembler:       Armasm.exe V5.06 update 6 (build 750)
Linker/Locator:  ArmLink.exe V5.06 update 6 (build 750)
Library Manager: ArmAr.exe V5.06 update 6 (build 750)
Hex Converter:   FromElf.exe V5.06 update 6 (build 750)
CPU DLL:         SARMCM3.DLL V5.26.2.0
Dialog DLL:      DAMSTM.DLL
Target DLL:      STLink\ST-LINKIII-KEIL_SWO.dll V3.0.5.0
Dialog DLL:      TCM.DLL V1.36.1.0
 
<h2>Project:</h2>
E:\32pros\标准库-基本定时器1s亮灭灯\project.uvprojx
Project File Date:  03/28/2023

<h2>Output:</h2>
*** Using Compiler 'V5.06 update 6 (build 750)', folder: 'D:\stm32_soft\stm32_keil5\ARM\ARMCC\Bin'
Rebuild target 'Target 1'
compiling stm32f10x_it.c...
assembling startup_stm32f10x_md.s...
compiling baseTIM.c...
USER\baseTIM\baseTIM.h(4): warning:  #1295-D: Deprecated declaration BASETIM_Config - give arg types
  void BASETIM_Config();
USER\baseTIM\baseTIM.h(5): warning:  #1295-D: Deprecated declaration BASETIM_Start - give arg types
  void BASETIM_Start();
USER\baseTIM\baseTIM.h(6): warning:  #1295-D: Deprecated declaration BASETIM_Stop - give arg types
  void BASETIM_Stop();
USER\baseTIM\baseTIM.h(7): warning:  #1295-D: Deprecated declaration BASETIM_NVIC - give arg types
  void BASETIM_NVIC();
USER\baseTIM\baseTIM.c(34): warning:  #1-D: last line of file ends without a newline
  }
USER\baseTIM\baseTIM.c: 5 warnings, 0 errors
compiling bsp_led.c...
USER\led\bsp_led.h(5): warning:  #1295-D: Deprecated declaration Led_Green_Config - give arg types
  void Led_Green_Config();
USER\led\bsp_led.h(6): warning:  #1295-D: Deprecated declaration Led_Red_Config - give arg types
  void Led_Red_Config();
USER\led\bsp_led.h(7): warning:  #1295-D: Deprecated declaration Led_Blue_Config - give arg types
  void Led_Blue_Config();
USER\led\bsp_led.h(8): warning:  #1295-D: Deprecated declaration Led_OpenGreen - give arg types
  void Led_OpenGreen();
USER\led\bsp_led.h(9): warning:  #1295-D: Deprecated declaration Led_OpenBlue - give arg types
  void Led_OpenBlue();
USER\led\bsp_led.h(10): warning:  #1295-D: Deprecated declaration Led_OpenRed - give arg types
  void Led_OpenRed();
USER\led\bsp_led.h(11): warning:  #1295-D: Deprecated declaration Led_CloseGreen - give arg types
  void Led_CloseGreen();
USER\led\bsp_led.h(12): warning:  #1295-D: Deprecated declaration Led_CloseBlue - give arg types
  void Led_CloseBlue();
USER\led\bsp_led.h(13): warning:  #1295-D: Deprecated declaration Led_CloseRed - give arg types
  void Led_CloseRed();
USER\led\bsp_led.h(14): warning:  #1295-D: Deprecated declaration Led_Init - give arg types
  void Led_Init();
USER\led\bsp_led.h(15): warning:  #1-D: last line of file ends without a newline
  #endif
USER\led\bsp_led.c: 11 warnings, 0 errors
compiling stm32f10x_bkp.c...
compiling stm32f10x_dma.c...
compiling stm32f10x_cec.c...
compiling stm32f10x_can.c...
compiling stm32f10x_crc.c...
compiling stm32f10x_dbgmcu.c...
compiling main.c...
.\USER\led\bsp_led.h(5): warning:  #1295-D: Deprecated declaration Led_Green_Config - give arg types
  void Led_Green_Config();
.\USER\led\bsp_led.h(6): warning:  #1295-D: Deprecated declaration Led_Red_Config - give arg types
  void Led_Red_Config();
.\USER\led\bsp_led.h(7): warning:  #1295-D: Deprecated declaration Led_Blue_Config - give arg types
  void Led_Blue_Config();
.\USER\led\bsp_led.h(8): warning:  #1295-D: Deprecated declaration Led_OpenGreen - give arg types
  void Led_OpenGreen();
.\USER\led\bsp_led.h(9): warning:  #1295-D: Deprecated declaration Led_OpenBlue - give arg types
  void Led_OpenBlue();
.\USER\led\bsp_led.h(10): warning:  #1295-D: Deprecated declaration Led_OpenRed - give arg types
  void Led_OpenRed();
.\USER\led\bsp_led.h(11): warning:  #1295-D: Deprecated declaration Led_CloseGreen - give arg types
  void Led_CloseGreen();
.\USER\led\bsp_led.h(12): warning:  #1295-D: Deprecated declaration Led_CloseBlue - give arg types
  void Led_CloseBlue();
.\USER\led\bsp_led.h(13): warning:  #1295-D: Deprecated declaration Led_CloseRed - give arg types
  void Led_CloseRed();
.\USER\led\bsp_led.h(14): warning:  #1295-D: Deprecated declaration Led_Init - give arg types
  void Led_Init();
.\USER\led\bsp_led.h(15): warning:  #1-D: last line of file ends without a newline
  #endif
.\USER\baseTIM\baseTIM.h(4): warning:  #1295-D: Deprecated declaration BASETIM_Config - give arg types
  void BASETIM_Config();
.\USER\baseTIM\baseTIM.h(5): warning:  #1295-D: Deprecated declaration BASETIM_Start - give arg types
  void BASETIM_Start();
.\USER\baseTIM\baseTIM.h(6): warning:  #1295-D: Deprecated declaration BASETIM_Stop - give arg types
  void BASETIM_Stop();
.\USER\baseTIM\baseTIM.h(7): warning:  #1295-D: Deprecated declaration BASETIM_NVIC - give arg types
  void BASETIM_NVIC();
USER\main.c: 15 warnings, 0 errors
compiling stm32f10x_dac.c...
compiling stm32f10x_exti.c...
compiling misc.c...
compiling stm32f10x_adc.c...
compiling stm32f10x_sdio.c...
compiling stm32f10x_spi.c...
compiling stm32f10x_rcc.c...
compiling stm32f10x_gpio.c...
compiling stm32f10x_iwdg.c...
compiling stm32f10x_i2c.c...
compiling stm32f10x_pwr.c...
compiling stm32f10x_fsmc.c...
compiling stm32f10x_tim.c...
compiling stm32f10x_flash.c...
compiling stm32f10x_rtc.c...
compiling stm32f10x_wwdg.c...
compiling stm32f10x_usart.c...
compiling system_stm32f10x.c...
compiling core_cm3.c...
linking...
Program Size: Code=1488 RO-data=268 RW-data=4 ZI-data=1028  
FromELF: creating hex file...
".\Objects\project.axf" - 0 Error(s), 31 Warning(s).

<h2>Software Packages used:</h2>

Package Vendor: Keil
                http://www.keil.com/pack/Keil.STM32F1xx_DFP.2.1.0.pack
                Keil.STM32F1xx_DFP.2.1.0
                STMicroelectronics STM32F1 Series Device Support, Drivers and Examples

<h2>Collection of Component include folders:</h2>
  .\RTE\_Target_1
  D:\stm32_soft\stm32_keil5\ARM\PACK\Keil\STM32F1xx_DFP\2.1.0\Device\Include

<h2>Collection of Component Files used:</h2>
Build Time Elapsed:  00:00:04
</pre>
</body>
</html>
