Component: ARM Compiler 5.06 update 6 (build 750) Tool: armlink [4d35ed]

==============================================================================

Section Cross References



==============================================================================

Image Symbol Table

    Local Symbols

    Symbol Name                              Value     Ov Type        Size  Object(Section)

    main.s                                   0x00000000   Number         0  main.o ABSOLUTE
    RESET                                    0x08000000   Section      102  main.o(RESET)

    Global Symbols

    Symbol Name                              Value     Ov Type        Size  Object(Section)

    BuildAttributes$$THM_ISAv4$P$D$K$B$S$PE$A:L22UL41UL21$X:L11$S22US41US21$IEEE1$IW$USESV6$~STKCKD$USESV7$~SHL$OSPACE$EBA8$STANDARDLIB$PRES8$EABIv2 0x00000000   Number         0  anon$$obj.o ABSOLUTE
    __main                                   0x08000001   Thumb Code     0  main.o(RESET)



==============================================================================

Memory Map of the image

  Image Entry point : 0x08000001

  Load Region LR_IROM1 (Base: 0x08000000, Size: 0x00000068, Max: 0x00080000, ABSOLUTE)

    Execution Region ER_IROM1 (Exec base: 0x08000000, Load base: 0x08000000, Size: 0x00000068, Max: 0x00080000, ABSOLUTE)

    Exec Addr    Load Addr    Size         Type   Attr      Idx    E Section Name        Object

    0x08000000   0x08000000   0x00000066   Code   RO            1  * RESET               main.o


    Execution Region RW_IRAM1 (Exec base: 0x20000000, Load base: 0x08000068, Size: 0x00000000, Max: 0x00010000, ABSOLUTE)

    **** No section assigned to this execution region ****


==============================================================================

Image component sizes


      Code (inc. data)   RO Data    RW Data    ZI Data      Debug   Object Name

       102          0          0          0          0        252   main.o

    ----------------------------------------------------------------------
       104          0          0          0          0        252   Object Totals
         0          0          0          0          0          0   (incl. Generated)
         2          0          0          0          0          0   (incl. Padding)

    ----------------------------------------------------------------------
         0          0          0          0          0          0   Library Totals
         0          0          0          0          0          0   (incl. Padding)

    ----------------------------------------------------------------------

==============================================================================


      Code (inc. data)   RO Data    RW Data    ZI Data      Debug   

       104          0          0          0          0        252   Grand Totals
       104          0          0          0          0        252   ELF Image Totals
       104          0          0          0          0          0   ROM Totals

==============================================================================

    Total RO  Size (Code + RO Data)                  104 (   0.10kB)
    Total RW  Size (RW Data + ZI Data)                 0 (   0.00kB)
    Total ROM Size (Code + RO Data + RW Data)        104 (   0.10kB)

==============================================================================

