<html>
<body>
<pre>
<h1>µVision Build Log</h1>
<h2>Tool Versions:</h2>
IDE-Version: ¦ÌVision V5.26.2.0
Copyright (C) 2018 ARM Ltd and ARM Germany GmbH. All rights reserved.
License Information:  ,  , LIC=32B1Q-NSD2W-8TW3P-MEKRT-RR77K-CJXBB
 
Tool Versions:
Toolchain:       MDK-ARM Plus  Version: 5.26.2.0
Toolchain Path:  D:\stm32_soft\stm32_keil5\ARM\ARMCC\Bin
C Compiler:      Armcc.exe V5.06 update 6 (build 750)
Assembler:       Armasm.exe V5.06 update 6 (build 750)
Linker/Locator:  ArmLink.exe V5.06 update 6 (build 750)
Library Manager: ArmAr.exe V5.06 update 6 (build 750)
Hex Converter:   FromElf.exe V5.06 update 6 (build 750)
CPU DLL:         SARMCM3.DLL V5.26.2.0
Dialog DLL:      DCM.DLL V1.17.2.0
Target DLL:      UL2CM3.DLL V1.161.6.0
Dialog DLL:      TCM.DLL V1.36.1.0
 
<h2>Project:</h2>
E:\32pros\¶ÁÐ´EEPROM\project.uvprojx
Project File Date:  05/10/2023

<h2>Output:</h2>
*** Using Compiler 'V5.06 update 6 (build 750)', folder: 'D:\stm32_soft\stm32_keil5\ARM\ARMCC\Bin'
Rebuild target 'Target 1'
assembling startup_stm32f10x_hd.s...
compiling stm32f10x_it.c...
compiling bsp_i2c_ee.c...
.\USER\uart\psd_usart.h(5): warning:  #1295-D: Deprecated declaration Usart_1_Config - give arg types
  void Usart_1_Config();
.\USER\uart\psd_usart.h(18): warning:  #1-D: last line of file ends without a newline
  #endif
.\USER\psd_soft_i2c.h(20): warning:  #1295-D: Deprecated declaration Soft_I2C_Delay - give arg types
  void Soft_I2C_Delay();
USER\eeprom\bsp_i2c_ee.c: 3 warnings, 0 errors
compiling psd_soft_i2c.c...
compiling stm32f10x_adc.c...
compiling AT24C02.c...
USER\psd_soft_i2c.h(20): warning:  #1295-D: Deprecated declaration Soft_I2C_Delay - give arg types
  void Soft_I2C_Delay();
USER\AT24C02.h(6): warning:  #1295-D: Deprecated declaration AT24C02_Config - give arg types
  uint8_t AT24C02_Config();
USER\AT24C02.h(10): warning:  #1295-D: Deprecated declaration AT24C02_Test - give arg types
  uint8_t AT24C02_Test();
USER\AT24C02.h(11): warning:  #1-D: last line of file ends without a newline
  #endif
.\USER\uart\psd_usart.h(5): warning:  #1295-D: Deprecated declaration Usart_1_Config - give arg types
  void Usart_1_Config();
.\USER\uart\psd_usart.h(18): warning:  #1-D: last line of file ends without a newline
  #endif
USER\AT24C02.c(169): warning:  #1-D: last line of file ends without a newline
  }
USER\AT24C02.c: 7 warnings, 0 errors
compiling bsp_i2c_gpio.c...
compiling misc.c...
compiling psd_usart.c...
USER\uart\psd_usart.h(5): warning:  #1295-D: Deprecated declaration Usart_1_Config - give arg types
  void Usart_1_Config();
USER\uart\psd_usart.h(18): warning:  #1-D: last line of file ends without a newline
  #endif
USER\uart\psd_usart.c(227): warning:  #1-D: last line of file ends without a newline
  }
USER\uart\psd_usart.c: 3 warnings, 0 errors
compiling stm32f10x_dac.c...
compiling stm32f10x_cec.c...
compiling stm32f10x_bkp.c...
compiling stm32f10x_can.c...
compiling stm32f10x_dma.c...
compiling main.c...
.\USER\uart\psd_usart.h(5): warning:  #1295-D: Deprecated declaration Usart_1_Config - give arg types
  void Usart_1_Config();
.\USER\uart\psd_usart.h(18): warning:  #1-D: last line of file ends without a newline
  #endif
USER\psd_soft_i2c.h(20): warning:  #1295-D: Deprecated declaration Soft_I2C_Delay - give arg types
  void Soft_I2C_Delay();
USER\AT24C02.h(6): warning:  #1295-D: Deprecated declaration AT24C02_Config - give arg types
  uint8_t AT24C02_Config();
USER\AT24C02.h(10): warning:  #1295-D: Deprecated declaration AT24C02_Test - give arg types
  uint8_t AT24C02_Test();
USER\AT24C02.h(11): warning:  #1-D: last line of file ends without a newline
  #endif
USER\main.c(34): warning:  #1-D: last line of file ends without a newline
  }
USER\main.c: 7 warnings, 0 errors
compiling stm32f10x_crc.c...
compiling stm32f10x_dbgmcu.c...
compiling stm32f10x_exti.c...
compiling stm32f10x_pwr.c...
compiling stm32f10x_spi.c...
compiling stm32f10x_iwdg.c...
compiling stm32f10x_gpio.c...
compiling stm32f10x_i2c.c...
compiling stm32f10x_fsmc.c...
compiling stm32f10x_flash.c...
compiling stm32f10x_rcc.c...
compiling stm32f10x_rtc.c...
compiling stm32f10x_sdio.c...
compiling stm32f10x_wwdg.c...
compiling system_stm32f10x.c...
compiling stm32f10x_usart.c...
compiling stm32f10x_tim.c...
compiling core_cm3.c...
linking...
Program Size: Code=4296 RO-data=336 RW-data=28 ZI-data=1156  
FromELF: creating hex file...
".\Objects\project.axf" - 0 Error(s), 20 Warning(s).

<h2>Software Packages used:</h2>

Package Vendor: Keil
                http://www.keil.com/pack/Keil.STM32F1xx_DFP.2.1.0.pack
                Keil.STM32F1xx_DFP.2.1.0
                STMicroelectronics STM32F1 Series Device Support, Drivers and Examples

<h2>Collection of Component include folders:</h2>
  .\RTE\_Target_1
  D:\stm32_soft\stm32_keil5\ARM\PACK\Keil\STM32F1xx_DFP\2.1.0\Device\Include

<h2>Collection of Component Files used:</h2>
Build Time Elapsed:  00:00:04
</pre>
</body>
</html>
