<!doctype html public "-//w3c//dtd html 4.0 transitional//en">
<html><head>
<title>Static Call Graph - [.\Objects\project.axf]</title></head>
<body><HR>
<H1>Static Call Graph for image .\Objects\project.axf</H1><HR>
<BR><P>#&#060CALLGRAPH&#062# ARM Linker, 5060750: Last Updated: Thu Oct 06 22:42:15 2022
<BR><P>
<H3>Maximum Stack Usage =          0 bytes + Unknown(Functions without stacksize)</H3><H3>
Call chain for Maximum Stack Depth:</H3>

<P>
<H3>
Functions with no stack information
</H3><UL>
 <LI><a href="#[0]">__main</a>
</UL>
</UL>
<P>
<H3>
Global Symbols
</H3>
<P><STRONG><a name="[0]"></a>__main</STRONG> (Thumb, 0 bytes, Stack size unknown bytes, main.o(RESET))
<P>
<H3>
Local Symbols
</H3><P>
<H3>
Undefined Global Symbols
</H3><HR></body></html>
