<html>
<body>
<pre>
<h1>礦ision Build Log</h1>
<h2>Tool Versions:</h2>
IDE-Version: μVision V5.26.2.0
Copyright (C) 2018 ARM Ltd and ARM Germany GmbH. All rights reserved.
License Information:  ,  , LIC=32B1Q-NSD2W-8TW3P-MEKRT-RR77K-CJXBB
 
Tool Versions:
Toolchain:       MDK-ARM Plus  Version: 5.26.2.0
Toolchain Path:  D:\stm32_soft\stm32_keil5\ARM\ARMCC\Bin
C Compiler:      Armcc.exe V5.06 update 6 (build 750)
Assembler:       Armasm.exe V5.06 update 6 (build 750)
Linker/Locator:  ArmLink.exe V5.06 update 6 (build 750)
Library Manager: ArmAr.exe V5.06 update 6 (build 750)
Hex Converter:   FromElf.exe V5.06 update 6 (build 750)
CPU DLL:         SARMCM3.DLL V5.26.2.0
Dialog DLL:      DCM.DLL V1.17.2.0
Target DLL:      UL2CM3.DLL V1.161.6.0
Dialog DLL:      TCM.DLL V1.36.1.0
 
<h2>Project:</h2>
E:\32pros\AHT11与EEPROM结合案例\project.uvprojx
Project File Date:  03/22/2023

<h2>Output:</h2>
*** Using Compiler 'V5.06 update 6 (build 750)', folder: 'D:\stm32_soft\stm32_keil5\ARM\ARMCC\Bin'
Build target 'Target 1'
compiling main.c...
.\USER\Soft_I2C\psd_soft_i2c.h(20): warning:  #1295-D: Deprecated declaration Soft_I2C_Delay - give arg types
  void Soft_I2C_Delay();
.\USER\eeprom\AT24C02.h(6): warning:  #1295-D: Deprecated declaration AT24C02_Config - give arg types
  uint8_t AT24C02_Config();
.\USER\eeprom\AT24C02.h(10): warning:  #1295-D: Deprecated declaration AT24C02_Test - give arg types
  uint8_t AT24C02_Test();
.\USER\eeprom\AT24C02.h(11): warning:  #1-D: last line of file ends without a newline
  #endif
.\USER\uart\psd_usart.h(5): warning:  #1295-D: Deprecated declaration Usart_1_Config - give arg types
  void Usart_1_Config();
.\USER\uart\psd_usart.h(18): warning:  #1-D: last line of file ends without a newline
  #endif
USER\main.c(76): warning:  #1-D: last line of file ends without a newline
  }
USER\main.c: 7 warnings, 0 errors
linking...
Program Size: Code=5776 RO-data=336 RW-data=28 ZI-data=1156  
FromELF: creating hex file...
".\Objects\project.axf" - 0 Error(s), 7 Warning(s).

<h2>Software Packages used:</h2>

Package Vendor: Keil
                http://www.keil.com/pack/Keil.STM32F1xx_DFP.2.1.0.pack
                Keil.STM32F1xx_DFP.2.1.0
                STMicroelectronics STM32F1 Series Device Support, Drivers and Examples

<h2>Collection of Component include folders:</h2>
  .\RTE\_Target_1
  D:\stm32_soft\stm32_keil5\ARM\PACK\Keil\STM32F1xx_DFP\2.1.0\Device\Include

<h2>Collection of Component Files used:</h2>
Build Time Elapsed:  00:00:01
</pre>
</body>
</html>
